******************************************************************************
                  TI ARM Linker PC v18.1.4                     
******************************************************************************
>> Linked Mon Mar 23 19:44:35 2020

OUTPUT FILE NAME:   <xwr64xx_mmw_mss.xer4f>
ENTRY POINT SYMBOL: "_c_int00"  address: 0001cf2c


MEMORY CONFIGURATION

         name            origin    length      used     unused   attr    fill
----------------------  --------  ---------  --------  --------  ----  --------
PAGE 0:
  VECTORS               00000000   00000100  0000003c  000000c4     X
  PROG_RAM              00000100   0007ff00  00024e96  0005b06a  R  X
  DATA_RAM              08000000   00030000  00022320  0000dce0  RW  
  L3_RAM                51000000   000c0000  000c0000  00000000  RW  
  HWA_RAM               52030000   00010000  00000000  00010000  RW  
  HS_RAM                52080000   00008000  00000000  00008000  RW  

PAGE 1:
  L3_RAM                51000000   000c0000  00000000  000c0000  RW  


SEGMENT ALLOCATION MAP

run origin  load origin   length   init length attrs members
----------  ----------- ---------- ----------- ----- -------
00000000    00000000    0000003c   0000003c    r--
  00000000    00000000    0000003c   0000003c    r-- .vecs
00000100    00000100    00024ea0   00024ea0    r-x
  00000100    00000100    00023712   00023712    r-x .text
  00023818    00023818    0000124c   0000124c    r-- .const
  00024a68    00024a68    00000538   00000538    r-- .cinit
08000000    08000000    00022328   00000000    rw-
  08000000    08000000    00010000   00000000    rw- systemHeap
  08010000    08010000    0000c400   00000000    rw- .DPC_objDetTcmbHeap
  0801c400    0801c400    0000381c   00000000    rw- .bss
  0801fc20    0801fc20    00001a54   00000000    rw- .data
  08021678    08021678    00000800   00000000    rw- .myFiqStack
  08021e78    08021e78    000004b0   00000000    rw- .stack
51000000    51000000    000c0000   00000000    rw-
  51000000    51000000    000c0000   00000000    rw- .l3ram


SECTION ALLOCATION MAP

 output                                  attributes/
section   page    origin      length       input sections
--------  ----  ----------  ----------   ----------------
systemHeap 
*          0    08000000    00010000     UNINITIALIZED
                  08000000    00010000     mmw_per4ft.oer4ft (systemHeap)

.DPC_objDetTcmbHeap 
*          0    08010000    0000c400     UNINITIALIZED
                  08010000    0000c400     main.oer4f (.DPC_objDetTcmbHeap)

.l3ram     0    51000000    000c0000     UNINITIALIZED
                  51000000    000c0000     main.oer4f (.l3ram)

.text      0    00000100    00023712     
                  00000100    00000a36     rtsv7R4_T_le_v3D16_eabi.lib : _printfi.c.obj (.text:__TI_printfi)
                  00000b36    00000002     libadcbuf_xwr68xx.aer4f : adcbuf_mmwave.oer4f (.text:ADCBUF_MMWave_init)
                  00000b38    000007b9     main.oer4f (.text:MmwDemo_dataPathConfig)
                  000012f1    00000001     --HOLE-- [fill = 0]
                  000012f2    00000002     libhwa_xwr68xx.aer4f : hwa.oer4f (.text:HWA_init)
                  000012f4    00000670     libdopplerproc_hwa_xwr68xx.aer4f : dopplerprochwa.oer4f (.text:DPU_DopplerProcHWA_config)
                  00001964    00000652     mmw_cli.oer4f (.text:MmwDemo_CLIInit)
                  00001fb6    00000002     libmmwave_xwr68xx.aer4f : mmwave_link.oer4f (.text:MMWave_maskHostIRQ)
                  00001fb8    00000604     rtsv7R4_T_le_v3D16_eabi.lib : k_rem_pio2.c.obj (.text:__kernel_rem_pio2)
                  000025bc    00000591     objectdetection.oer4f (.text:DPC_ObjectDetection_ioctl)
                  00002b4d    00000001     --HOLE-- [fill = 0]
                  00002b4e    00000002     libuart_xwr68xx.aer4f : uartsci.oer4f (.text:UartSci_init)
                  00002b50    00000578     libhwa_xwr68xx.aer4f : hwa.oer4f (.text:HWA_configParamSet)
                  000030c8    00000564     librangeproc_hwa_xwr68xx.aer4f : rangeprochwa.oer4f (.text:DPU_RangeProcHWA_process)
                  0000362c    00000004     libedma_xwr68xx.aer4f : edma.oer4f (.text:EDMA_getNumInstances)
                  00003630    000004e1     sysbios.aer4ft : BIOS.obj (.text:xdc_runtime_System_doPrint__I)
                  00003b11    00000001     --HOLE-- [fill = 0]
                  00003b12    00000002     rtsv7R4_T_le_v3D16_eabi.lib : _lock.c.obj (.text:_nop)
                  00003b14    000004a8     libadcbuf_xwr68xx.aer4f : adcbuf_mmwave.oer4f (.text:ADCBUF_MMWave_control)
                  00003fbc    00000484     main.oer4f (.text:MmwDemo_initTask)
                  00004440    0000044a     libaoaproc_hwa_xwr68xx.aer4f : aoaprochwa.oer4f (.text:AoAProcHWA_config_EDMA)
                  0000488a    0000044a                                  : aoaprochwa.oer4f (.text:HWAutil_configHWA_extendedVelocityScheme)
                  00004cd4    00000444     objectdetection.oer4f (.text:DPC_ObjDet_rangeBiasRxChPhaseMeasure)
                  00005118    0000043c     librangeproc_hwa_xwr68xx.aer4f : rangeprochwa.oer4f (.text:DPU_RangeProcHWA_config)
                  00005554    0000043c     mmwdemo_rfparser.oer4f (.text:MmwDemo_RFParser_parseCtrlConfig)
                  00005990    00000408     libcli_xwr68xx.aer4f : cli_mmwave.oer4f (.text:CLI_MMWaveVersion)
                  00005d98    00000401     mmw_cli.oer4f (.text:MmwDemo_CLISensorStart)
                  00006199    00000001     --HOLE-- [fill = 0]
                  0000619a    00000002     rtsv7R4_T_le_v3D16_eabi.lib : div0.asm.obj (.text)
                  0000619c    000003f4                                 : s_cos.c.obj (.text:cos)
                  00006590    000003f4                                 : s_sin.c.obj (.text:sin)
                  00006984    000003e8                                 : strtod.c.obj (.text:strtod)
                  00006d6c    00000384     main.oer4f (.text:MmwDemo_DPC_ObjectDetection_dpmTask)
                  000070f0    00000350     libaoaproc_hwa_xwr68xx.aer4f : aoaprochwa.oer4f (.text:DPU_AoAProcHWA_process)
                  00007440    0000032c     sysbios.aer4ft : BIOS.obj (.text:ti_sysbios_knl_Semaphore_pend__E)
                  0000776c    00000314     main.oer4f (.text:MmwDemo_transmitProcessedOutput)
                  00007a80    00000314     libsoc_xwr68xx.aer4f : soc_xwr68xx_mss.oer4f (.text:SOC_deviceInit)
                  00007d94    00000304     librangeproc_hwa_xwr68xx.aer4f : rangeprochwa.oer4f (.text:rangeProcHWA_ConfigEDMA_DataOut_nonInterleave)
                  00008098    000002f8     libcbuff_xwr68xx.aer4f : cbuff.oer4f (.text:CBUFF_createSession)
                  00008390    000002d0     sysbios.aer4ft : BIOS.obj (.text:ti_sysbios_knl_Task_Instance_finalize__E)
                  00008660    000002c0     main.oer4f (.text:MmwDemo_DPC_ObjectDetection_reportFxn)
                  00008920    000002b8     rtsv7R4_T_le_v3D16_eabi.lib : ull_div32.asm.obj (.text)
                  00008bd8    000002a4     objectdetection.oer4f (.text:DPC_ObjDet_AoAconfig)
                  00008e7c    00000004     libosal_xwr68xx.aer4f : HwiP_tirtos.oer4f (.text:HwiP_disableInterrupt)
                  00008e80    000002a4     sysbios.aer4ft : BIOS.obj (.text:ti_sysbios_heaps_HeapMem_freeUnprotected__E)
                  00009124    00000294     objectdetection.oer4f (.text:DPC_ObjectDetection_execute)
                  000093b8    00000284     libmmwave_xwr68xx.aer4f : mmwave_dualcore.oer4f (.text:MMWave_deviceExecuteFxn)
                  0000963c    00000284     main.oer4f (.text:MmwDemo_processPendingDynamicCfgCommands)
                  000098c0    00000280     libhsiheader_xwr68xx.aer4f : hsiheader.oer4f (.text:HSIHeader_createHeader)
                  00009b40    00000280     sysbios.aer4ft : BIOS.obj (.text:ti_sysbios_family_arm_exc_Exception_excDumpContext__I)
                  00009dc0    00000264     libcbuff_xwr68xx.aer4f : cbuff.oer4f (.text:CBUFF_init)
                  0000a024    00000260     libmailbox_xwr68xx.aer4f : mailbox.oer4f (.text:Mailbox_open)
                  0000a284    00000258     main.oer4f (.text:MmwDemo_sensorStopEpilog)
                  0000a4dc    00000254     libcli_xwr68xx.aer4f : cli_mmwave.oer4f (.text:CLI_MMWaveProfileCfg)
                  0000a730    00000248     rtsv7R4_T_le_v3D16_eabi.lib : _printfi.c.obj (.text:_pconv_a)
                  0000a978    0000023c     objectdetection.oer4f (.text:DPC_ObjDet_rangeConfig)
                  0000abb4    0000023c     mmw_lvds_stream.oer4f (.text:MmwDemo_LVDSStreamHwConfig)
                  0000adf0    00000238     sysbios.aer4ft : BIOS.obj (.text:ti_sysbios_heaps_HeapMem_allocUnprotected__E)
                  0000b028    0000022c     libcbuff_xwr68xx.aer4f : cbuff_lvds.oer4f (.text:CBUFF_openLVDS)
                  0000b254    0000022c     librangeproc_hwa_xwr68xx.aer4f : rangeprochwa.oer4f (.text:rangeProcHWA_ConfigHWA)
                  0000b480    00000224     data_path.oer4f (.text:MmwDemo_checkEdmaErrors)
                  0000b6a4    0000000c     libedma_xwr68xx.aer4f : edma_low_level.oer4f (.text:EDMA3ChannelToParamMap)
                  0000b6b0    00000224     sysbios.aer4ft : BIOS.obj (.text:ti_sysbios_timers_rti_Timer_Module_startup__E)
                  0000b8d4    0000021c     libaoaproc_hwa_xwr68xx.aer4f : aoaprochwa.oer4f (.text:AoAProcHWA_XYZestimation)
                  0000baf0    00000214     libuart_xwr68xx.aer4f : uartsci.oer4f (.text:UartSci_open)
                  0000bd04    0000020a     libcbuff_xwr68xx.aer4f : cbuff_transfer.oer4f (.text:CBUFF_addLinkedList)
                  0000bf0e    00000002     mmw_per4ft.oer4ft (.text:ti_sysbios_BIOS_nullFunc__I)
                  0000bf10    00000208     sysbios.aer4ft : BIOS.obj (.text:ti_sysbios_knl_Task_sleep__E)
                  0000c118    00000204     libcli_xwr68xx.aer4f : cli_mmwave.oer4f (.text:CLI_MMWaveChirpCfg)
                  0000c31c    00000204     objectdetection.oer4f (.text:DPC_ObjDet_preStartConfig)
                  0000c520    00000200     libcrc_xwr68xx.aer4f : crc.oer4f (.text:CRC_open)
                  0000c720    00000200     sysbios.aer4ft : BIOS.obj (.text:ti_sysbios_knl_Task_Instance_init__E)
                  0000c920    000001fc     main.oer4f (.text:MmwDemo_eventCallbackFxn)
                  0000cb1c    000001fa     libaoaproc_hwa_xwr68xx.aer4f : aoaprochwa.oer4f (.text:HWAutil_configHWA_azimuthHeatMap)
                  0000cd16    000001f2     libhwa_xwr68xx.aer4f : hwa.oer4f (.text:HWA_configCommon)
                  0000cf08    000001f0     libdma_xwr68xx.aer4f : dma.oer4f (.text:DMA_setChannelParams)
                  0000d0f8    000001dc     libaoaproc_hwa_xwr68xx.aer4f : aoaprochwa.oer4f (.text:DPU_AoAProcHWA_config)
                  0000d2d4    000001d4     libcbuff_xwr68xx.aer4f : cbuff_edma.oer4f (.text:CBUFF_configEDMA)
                  0000d4a8    00000008     libaoaproc_hwa_xwr68xx.aer4f : aoaprochwa.oer4f (.text:AOAProcHWADoneIsrCallback)
                  0000d4b0    000001cc     sysbios.aer4ft : BIOS.obj (.text:ti_sysbios_family_arm_v7r_vim_Hwi_dispatchIRQC__I)
                  0000d67c    000001c8     libcbuff_xwr68xx.aer4f : cbuff_lvds.oer4f (.text:CBUFF_initLVDS)
                  0000d844    000001c8     libmmwavelink_xwr68xx.aer4f : rl_driver.oer4f (.text:rlDriverRxHdrRead)
                  0000da0c    000001c0     libedma_xwr68xx.aer4f : edma.oer4f (.text:EDMA_open)
                  0000dbcc    000001bc     rtsv7R4_T_le_v3D16_eabi.lib : e_atan2.c.obj (.text:atan2)
                  0000dd88    000001b0     libmmwavelink_xwr68xx.aer4f : rl_driver.oer4f (.text:rlDriverMsgRead)
                  0000df38    000001a8     rtsv7R4_T_le_v3D16_eabi.lib : s_atan.c.obj (.text:atan)
                  0000e0e0    000001a4     libcbuff_xwr68xx.aer4f : cbuff.oer4f (.text:CBUFF_activateSession)
                  0000e284    000001a4     libcli_xwr68xx.aer4f : cli_mmwave.oer4f (.text:CLI_MMWaveSubFrameCfg)
                  0000e428    000001a4     objectdetection.oer4f (.text:DPC_ObjectDetection_init)
                  0000e5cc    000001a4     libmmwave_xwr68xx.aer4f : mmwave_dualcore.oer4f (.text:MMWave_serializeCfg)
                  0000e770    000001a0     rtsv7R4_T_le_v3D16_eabi.lib : _printfi.c.obj (.text:_pconv_g)
                  0000e910    0000019c     libmmwave_xwr68xx.aer4f : mmwave_link.oer4f (.text:MMWave_openLink)
                  0000eaac    00000004     libosal_xwr68xx.aer4f : HwiP_tirtos.oer4f (.text:HwiP_enableInterrupt)
                  0000eab0    0000019c     sysbios.aer4ft : BIOS.obj (.text:xdc_runtime_Error_policyDefault__E)
                  0000ec4c    00000190     mmwdemo_rfparser.oer4f (.text:MmwDemo_RFParser_setAoAParams)
                  0000eddc    00000190     libmmwavelink_xwr68xx.aer4f : rl_driver.oer4f (.text:rlDriverCmdInvoke)
                  0000ef6c    0000018c     libstaticclutterproc_xwr68xx.aer4f : staticclutterproc.oer4f (.text:DPU_StaticClutterProc_process)
                  0000f0f8    0000018c     libaoaproc_hwa_xwr68xx.aer4f : aoaprochwa.oer4f (.text:aoaHwa_dopplerCompensation)
                  0000f284    00000188     libcfarcaproc_hwa_xwr68xx.aer4f : cfarcaprochwa.oer4f (.text:DPU_CFARCAProcHWA_process)
                  0000f40c    00000188     libedma_xwr68xx.aer4f : edma.oer4f (.text:EDMA_configChannel)
                  0000f594    00000188     libhwa_xwr68xx.aer4f : hwa.oer4f (.text:HWA_open)
                  0000f71c    00000188     mmw_cli.oer4f (.text:MmwDemo_CLIConfigDataPort)
                  0000f8a4    0000000c     libedma_xwr68xx.aer4f : edma_low_level.oer4f (.text:EDMAsetRegion)
                  0000f8b0    00000184     sysbios.aer4ft : BIOS.obj (.text:xdc_runtime_LoggerBuf_write8__E)
                  0000fa34    00000182     libaoaproc_hwa_xwr68xx.aer4f : aoaprochwa.oer4f (.text:AoAProcHWA_angleEstimationAzimElev)
                  0000fbb6    00000002     mmw_per4ft.oer4ft (.text:xdc_runtime_Startup_reset__I)
                  0000fbb8    00000180     libdpm_xwr68xx.aer4f : dpm_core.oer4f (.text:DPM_init)
                  0000fd38    00000180                          : dpm_msg.oer4f (.text:DPM_msgRecv)
                  0000feb8    00000170     libgpio_xwr68xx.aer4f : gpio.oer4f (.text:GPIO_setConfig)
                  00010028    00000008     libcfarcaproc_hwa_xwr68xx.aer4f : cfarcaprochwa.oer4f (.text:CFARCAHWADoneIsrCallback)
                  00010030    0000016c     sysbios.aer4ft : BIOS.obj (.text:ti_sysbios_knl_Semaphore_post__E)
                  0001019c    0000016a     libaoaproc_hwa_xwr68xx.aer4f : aoaprochwa.oer4f (.text:AoAProcHWA_config_azimuthHeatMap_EDMA)
                  00010306    00000002     --HOLE-- [fill = 0]
                  00010308    00000168     main.oer4f (.text:MmwDemo_openSensor)
                  00010470    00000168     sysbios.aer4ft : BIOS.obj (.text:ti_sysbios_family_arm_exc_Exception_excHandler__I)
                  000105d8    00000164     mmw_lvds_stream.oer4f (.text:MmwDemo_LVDSStreamInit)
                  0001073c    00000164     mmw_lvds_stream.oer4f (.text:MmwDemo_LVDSStreamSwConfig)
                  000108a0    00000160     sysbios.aer4ft : BIOS.obj (.text:ti_sysbios_family_arm_v7r_vim_Hwi_reconfig__E)
                  00010a00    00000158                    : BIOS.obj (.text:ti_sysbios_knl_Task_postInit__I)
                  00010b58    0000014c     libcli_xwr68xx.aer4f : cli_mmwave.oer4f (.text:CLI_MMWaveFrameCfg)
                  00010ca4    0000014c                          : cli.oer4f (.text:CLI_task)
                  00010df0    0000014c     libmmwave_xwr68xx.aer4f : mmwave_link.oer4f (.text:MMWave_initMMWaveLink)
                  00010f3c    0000014a     libuart_xwr68xx.aer4f : uartsci.oer4f (.text:UartSci_ISR)
                  00011086    00000148     libstaticclutterproc_xwr68xx.aer4f : staticclutterproc.oer4f (.text:DPU_StaticClutterProc_configEdma)
                  000111ce    00000002     --HOLE-- [fill = 0]
                  000111d0    00000148     libhsiheader_xwr68xx.aer4f : hsiheader.oer4f (.text:HSIHeader_init)
                  00011318    00000148     main.oer4f (.text:MmwDemo_startSensor)
                  00011460    00000148     libmmwavelink_xwr68xx.aer4f : rl_driver.oer4f (.text:rlDriverCmdSendRetry)
                  000115a8    00000144     objectdetection.oer4f (.text:DPC_ObjDet_dopplerConfig)
                  000116ec    00000004     libmmwave_xwr68xx.aer4f : mmwave_link.oer4f (.text:MMWave_disableDevice)
                  000116f0    00000140     sysbios.aer4ft : BIOS.obj (.text:ti_sysbios_heaps_HeapMem_Instance_init__E)
                  00011830    00000140                    : BIOS.obj (.text:xdc_runtime_Core_createObject__I)
                  00011970    0000013c     mmw_lvds_stream.oer4f (.text:MmwDemo_LVDSStreamDeleteHwSession)
                  00011aac    00000004     libmmwave_xwr68xx.aer4f : mmwave_link.oer4f (.text:MMWave_enableDevice)
                  00011ab0    0000013c     sysbios.aer4ft : BIOS.obj (.text:ti_sysbios_knl_Clock_workFunc__E)
                  00011bec    00000134     libadcbuf_xwr68xx.aer4f : adcbuf_mmwave.oer4f (.text:ADCBUF_MMWave_open)
                  00011d20    00000134     libcfarcaproc_hwa_xwr68xx.aer4f : cfarcaprochwa.oer4f (.text:CFARHWA_cfarRange_AND_cfarDoppler)
                  00011e54    0000000c     libmmwave_xwr68xx.aer4f : mmwave_dualcore.oer4f (.text:MMWave_deviceMailboxCallbackFxn)
                  00011e60    00000134     sysbios.aer4ft : BIOS.obj (.text:xdc_runtime_Startup_startMods__I)
                  00011f94    00000130     mmw_lvds_stream.oer4f (.text:MmwDemo_LVDSStreamDeleteSwSession)
                  000120c4    00000130     main.oer4f (.text:MmwDemo_transferLVDSUserData)
                  000121f4    00000130     main.oer4f (.text:main)
                  00012324    0000012c     libcfarcaproc_hwa_xwr68xx.aer4f : cfarcaprochwa.oer4f (.text:HWAutil_configCFAR)
                  00012450    0000012c     librangeproc_hwa_xwr68xx.aer4f : rangeprochwa.oer4f (.text:rangeProcHWA_ConfigEDMADummyThreeLinks)
                  0001257c    00000128     libaoaproc_hwa_xwr68xx.aer4f : aoaprochwa.oer4f (.text:AoAProcHWA_PrepareRangeAzimuthHeatmap)
                  000126a4    00000128     main.oer4f (.text:MmwDemo_MMWave_stop)
                  000127cc    00000128     libmathutils.aer4f : mathutils.oer4f (.text:mathUtils_genWindow)
                  000128f4    0000000c     libmmwave_xwr68xx.aer4f : mmwave_osal.oer4f (.text:MMWave_osalMutexUnlock)
                  00012900    00000128     sysbios.aer4ft : BIOS.obj (.text:ti_sysbios_utils_Load_updateThreadContexts__E)
                  00012a28    00000124     libcli_xwr68xx.aer4f : cli_mmwave.oer4f (.text:CLI_MMWaveAdvFrameCfg)
                  00012b4c    00000124                          : cli_mmwave.oer4f (.text:CLI_MMWaveContModeCfg)
                  00012c70    00000124     libedma_xwr68xx.aer4f : edma.oer4f (.text:EDMA_init)
                  00012d94    00000124     data_path.oer4f (.text:MmwDemo_edmaOpen)
                  00012eb8    00000124     main.oer4f (.text:MmwDemo_stopSensor)
                  00012fdc    00000004     libmmwave_xwr68xx.aer4f : mmwave_listlib.oer4f (.text:MMWave_listGetHead)
                  00012fe0    00000120     sysbios.aer4ft : BIOS.obj (.text:xdc_runtime_LoggerBuf_write4__E)
                  00013100    0000011c     mmw_cli.oer4f (.text:MmwDemo_CLILvdsStreamCfg)
                  0001321c    00000004     libmmwave_xwr68xx.aer4f : mmwave_listlib.oer4f (.text:MMWave_listGetNext)
                  00013220    00000118     sysbios.aer4ft : BIOS.obj (.text:ti_sysbios_family_arm_v7r_vim_Hwi_Instance_init__E)
                  00013338    00000116     mmw_cli.oer4f (.text:MmwDemo_CLICalibDcRangeSig)
                  0001344e    00000002     --HOLE-- [fill = 0]
                  00013450    00000114     libedma_xwr68xx.aer4f : edma.oer4f (.text:EDMA_configErrorMonitoring)
                  00013564    00000114     main.oer4f (.text:MmwDemo_dataPathStart)
                  00013678    00000110     objectdetection.oer4f (.text:DPC_ObjDet_CFARCAconfig)
                  00013788    00000110     libedma_xwr68xx.aer4f : edma.oer4f (.text:EDMA_transferComplete_isr)
                  00013898    0000010c     libdpedma_hwa_xwr68xx.aer4f : dpedma.oer4f (.text:DPEDMA_configSyncAB)
                  000139a4    0000010c     libdpm_xwr68xx.aer4f : dpm_msg.oer4f (.text:DPM_msgResultHandler)
                  00013ab0    0000010c     libmmwave_xwr68xx.aer4f : mmwave_link.oer4f (.text:MMWave_asyncEventHandler)
                  00013bbc    0000010c                             : mmwave_dualcore.oer4f (.text:MMWave_deviceInitFxn)
                  00013cc8    00000008     objectdetection.oer4f (.text:DPC_ObjDet_MemPoolReset)
                  00013cd0    0000010c     sysbios.aer4ft : BIOS.obj (.text:ti_sysbios_knl_Task_schedule__I)
                  00013ddc    00000004     libmmwave_xwr68xx.aer4f : mmwave_link.oer4f (.text:MMWave_mboxClose)
                  00013de0    0000010c     sysbios.aer4ft : BIOS.obj (.text:xdc_runtime_Core_constructObject__I)
                  00013eec    00000108     libdma_xwr68xx.aer4f : dma.oer4f (.text:DMA_disableInterrupt)
                  00013ff4    00000108     libmailbox_xwr68xx.aer4f : mailbox.oer4f (.text:Mailbox_write)
                  000140fc    00000108     mmw_cli.oer4f (.text:MmwDemo_CLICfarCfg)
                  00014204    00000104     libcbuff_xwr68xx.aer4f : cbuff.oer4f (.text:CBUFF_deinit)
                  00014308    00000104     libdpedma_hwa_xwr68xx.aer4f : dpedma.oer4f (.text:DPEDMA_configSyncA_singleFrame)
                  0001440c    00000104     libmmwave_xwr68xx.aer4f : mmwave_link.oer4f (.text:MMWave_startLink)
                  00014510    00000104     mmw_cli.oer4f (.text:MmwDemo_CLIChirpQualityRxSatMonCfg)
                  00014614    00000104     mmw_cli.oer4f (.text:MmwDemo_CLICompRangeBiasAndRxChanPhaseCfg)
                  00014718    00000104     rtsv7R4_T_le_v3D16_eabi.lib : _printfi.c.obj (.text:_pconv_e)
                  0001481c    00000004     libmmwave_xwr68xx.aer4f : mmwave_link.oer4f (.text:MMWave_mboxRead)
                  00014820    00000104     sysbios.aer4ft : BIOS.obj (.text:ti_sysbios_timers_rti_Timer_getFreq__E)
                  00014924    00000100     libcli_xwr68xx.aer4f : cli_mmwave.oer4f (.text:CLI_MMWaveBPMCfgAdvanced)
                  00014a24    00000100     libdma_xwr68xx.aer4f : dma.oer4f (.text:DMA_clearChannelInterruptFlag)
                  00014b24    00000100     libmmwavelink_xwr68xx.aer4f : rl_driver.oer4f (.text:rlDriverInit)
                  00014c24    000000fc     libcbuff_xwr68xx.aer4f : cbuff.oer4f (.text:CBUFF_deleteSession)
                  00014d20    000000fc     libcrc_xwr68xx.aer4f : crc.oer4f (.text:CRC_computeSignature)
                  00014e1c    000000fc     libcfarcaproc_hwa_xwr68xx.aer4f : cfarcaprochwa.oer4f (.text:DPU_CFARCAProcHWA_config)
                  00014f18    000000fc     mmw_cli.oer4f (.text:MmwDemo_CLIADCBufCfg)
                  00015014    000000fc     rtsv7R4_T_le_v3D16_eabi.lib : _printfi.c.obj (.text:fcvt)
                  00015110    000000fc     sysbios.aer4ft : BIOS.obj (.text:ti_sysbios_knl_Task_exit__E)
                  0001520c    000000f8     mmw_lvds_stream.oer4f (.text:MmwDemo_configLVDSHwData)
                  00015304    000000f8     libmmwavelink_xwr68xx.aer4f : rl_driver.oer4f (.text:rlDriverRdVerifyMsg)
                  000153fc    000000f8     mmw_per4ft.oer4ft (.text:xdc_runtime_System_printfExtend__I)
                  000154f4    000000f4     libaoaproc_hwa_xwr68xx.aer4f : aoaprochwa.oer4f (.text:DPU_AoAProcHWA_init)
                  000155e8    000000f0     rtsv7R4_T_le_v3D16_eabi.lib : s_scalbn.c.obj (.text:scalbn)
                  000156d8    00000008     libdopplerproc_hwa_xwr68xx.aer4f : dopplerprochwa.oer4f (.text:DPU_DopplerProcHWA_edmaDoneIsrCallback)
                  000156e0    000000f0     sysbios.aer4ft : BIOS.obj (.text:ti_sysbios_family_arm_v7r_vim_Hwi_Module_startup__E)
                  000157d0    000000f0                    : BIOS.obj (.text:ti_sysbios_knl_Task_startCore__E)
                  000158c0    000000f0                    : BIOS.obj (.text:ti_sysbios_utils_Load_taskCreateHook__E)
                  000159b0    000000ec                    : BIOS.obj (.text:ti_sysbios_heaps_HeapBuf_Module_startup__E)
                  00015a9c    000000ea     libdpedma_hwa_xwr68xx.aer4f : dpedmahwa.oer4f (.text:DPEDMAHWA_configTwoHotSignature)
                  00015b86    00000002     --HOLE-- [fill = 0]
                  00015b88    000000e8     libdopplerproc_hwa_xwr68xx.aer4f : dopplerprochwa.oer4f (.text:DPU_DopplerProcHWA_process)
                  00015c70    000000e8     mmw_cli.oer4f (.text:MmwDemo_CLIChirpQualitySigImgMonCfg)
                  00015d58    000000e6     main.oer4f (.text:MmwDemo_setSubFramePendingState)
                  00015e3e    00000002     --HOLE-- [fill = 0]
                  00015e40    000000e4     libmmwavelink_xwr68xx.aer4f : rl_sensor.oer4f (.text:rlRfPhShiftCalibDataRestore)
                  00015f24    000000e2     libedma_xwr68xx.aer4f : edma.oer4f (.text:EDMA_paramConfig_assist)
                  00016006    00000002     --HOLE-- [fill = 0]
                  00016008    000000e0     libcli_xwr68xx.aer4f : cli.oer4f (.text:CLI_open)
                  000160e8    000000e0     libdma_xwr68xx.aer4f : dma.oer4f (.text:DMA_enableInterrupt)
                  000161c8    000000e0     libcfarcaproc_hwa_xwr68xx.aer4f : cfarcaprochwa.oer4f (.text:DPU_CFARCAProcHWA_control)
                  000162a8    000000e0     rtsv7R4_T_le_v3D16_eabi.lib : s_floor.c.obj (.text:floor)
                  00016388    000000dc     libmmwave_xwr68xx.aer4f : mmwave.oer4f (.text:MMWave_init)
                  00016464    000000dc     rtsv7R4_T_le_v3D16_eabi.lib : setvbuf.c.obj (.text:setvbuf)
                  00016540    000000d4     libdopplerproc_hwa_xwr68xx.aer4f : dopplerprochwa.oer4f (.text:DPU_DopplerProcHWA_init)
                  00016614    000000d4     libmailbox_xwr68xx.aer4f : mailbox.oer4f (.text:Mailbox_read)
                  000166e8    000000d4     librangeproc_hwa_xwr68xx.aer4f : rangeprochwa.oer4f (.text:rangeProcHWA_ConfigEDMA_DataIn)
                  000167bc    000000d4     libmmwavelink_xwr68xx.aer4f : rl_sensor.oer4f (.text:rlSetMultiBpmChirpConfig)
                  00016890    000000d4     sysbios.aer4ft : BIOS.obj (.text:ti_sysbios_utils_Load_logLoads__I)
                  00016964    000000d1     objectdetection.oer4f (.text:DPC_ObjectDetection_frameStart)
                  00016a35    00000003     --HOLE-- [fill = 0]
                  00016a38    000000d0     librangeproc_hwa_xwr68xx.aer4f : rangeprochwa.oer4f (.text:DPU_RangeProcHWA_control)
                  00016b08    000000d0     libsoc_xwr68xx.aer4f : soc_xwr68xx_mss.oer4f (.text:SOC_controlSecureFirewall)
                  00016bd8    000000d0     sysbios.aer4ft : exc_Exception_asm.obj (.text:ti_sysbios_family_arm_exc_Exception_excHandlerAsm__I)
                  00016ca8    00000008     libdopplerproc_hwa_xwr68xx.aer4f : dopplerprochwa.oer4f (.text:DPU_DopplerProcHWA_hwaDoneIsrCallback)
                  00016cb0    000000d0     sysbios.aer4ft : BIOS.obj (.text:ti_sysbios_utils_Load_idleFxn__E)
                  00016d80    000000d0                    : BIOS.obj (.text:xdc_runtime_LoggerBuf_Instance_init__E)
                  00016e50    000000cc     objectdetection.oer4f (.text:DPC_ObjDet_staticClutterConfig)
                  00016f1c    000000cc     libhwa_xwr68xx.aer4f : hwa.oer4f (.text:HWA_enableParamSetInterrupt)
                  00016fe8    000000cc     libmmwavelink_xwr68xx.aer4f : rl_sensor.oer4f (.text:rlRfCalibDataRestore)
                  000170b4    000000cc                                 : rl_sensor.oer4f (.text:rlSetChirpConfig)
                  00017180    000000cc     sysbios.aer4ft : BIOS.obj (.text:ti_sysbios_knl_Task_checkStacks__E)
                  0001724c    000000ca     libdpedma_hwa_xwr68xx.aer4f : dpedmahwa.oer4f (.text:DPEDMAHWA_configOneHotSignature)
                  00017316    00000002     --HOLE-- [fill = 0]
                  00017318    000000c8     libmmwave_xwr68xx.aer4f : mmwave_fullcfg.oer4f (.text:MMWave_addChirp)
                  000173e0    000000c8                             : mmwave_link.oer4f (.text:MMWave_configBPM)
                  000174a8    000000c8                             : mmwave_fullcfg.oer4f (.text:MMWave_flushCfg)
                  00017570    000000c8                             : mmwave_fullcfg.oer4f (.text:MMWave_getChirpHandle)
                  00017638    000000c8     libsoc_xwr68xx.aer4f : soc_xwr68xx.oer4f (.text:SOC_ungateClock)
                  00017700    000000c8     libmmwavelink_xwr68xx.aer4f : rl_sensor.oer4f (.text:rlSetFrameConfig)
                  000177c8    000000c4     libcbuff_xwr68xx.aer4f : cbuff_transfer.oer4f (.text:CBUFF_setupNonInterleaved_CP_ADC_CQ)
                  0001788c    000000c4     libdpm_xwr68xx.aer4f : dpm_core.oer4f (.text:DPM_deinit)
                  00017950    000000c4                          : dpm_core.oer4f (.text:DPM_ioctl)
                  00017a14    000000c4     libmmwavelink_xwr68xx.aer4f : rl_driver.oer4f (.text:rlDriverMsgCmdReply)
                  00017ad8    00000008     libosal_xwr68xx.aer4f : HwiP_tirtos.oer4f (.text:HwiP_disable)
                  00017ae0    000000c4     sysbios.aer4ft : BIOS.obj (.text:ti_sysbios_family_arm_v7a_Pmu_configureCounter__E)
                  00017ba4    000000c0     librangeproc_hwa_xwr68xx.aer4f : rangeprochwa.oer4f (.text:DPU_RangeProcHWA_init)
                  00017c64    000000c0     mmw_cli.oer4f (.text:MmwDemo_CLIAnalogMonitorCfg)
                  00017d24    000000c0     libmmwavelink_xwr68xx.aer4f : rl_driver.oer4f (.text:rlDriverMsgWrite)
                  00017de4    0000000c     libmmwave_xwr68xx.aer4f : mmwave_osal.oer4f (.text:MMWave_osalSemSignal)
                  00017df0    000000c0     sysbios.aer4ft : BIOS.obj (.text:ti_sysbios_timers_rti_Timer_startup__E)
                  00017eb0    000000bc     libcli_xwr68xx.aer4f : cli.oer4f (.text:CLI_help)
                  00017f6c    000000bc     libgpio_xwr68xx.aer4f : gpio.oer4f (.text:GPIO_write)
                  00018028    000000bc     libmmwave_xwr68xx.aer4f : mmwave_link.oer4f (.text:MMWave_computeCRC)
                  000180e4    000000bc     mmw_lvds_stream.oer4f (.text:MmwDemo_LVDSStream_EDMAInit)
                  000181a0    000000b8     libcbuff_xwr68xx.aer4f : cbuff.oer4f (.text:CBUFF_ISR)
                  00018258    000000b8                            : cbuff_transfer.oer4f (.text:CBUFF_setupTransfer)
                  00018310    000000b8     libdma_xwr68xx.aer4f : dma.oer4f (.text:DMA_getChannelInterruptFlag)
                  000183c8    000000b6     libsoc_xwr68xx.aer4f : soc_mpu.o (.text)
                  0001847e    00000002     --HOLE-- [fill = 0]
                  00018480    000000b4     libedma_xwr68xx.aer4f : edma.oer4f (.text:EDMA_startTransfer)
                  00018534    000000b4     rtsv7R4_T_le_v3D16_eabi.lib : k_cos.c.obj (.text:__kernel_cos)
                  000185e8    00000008     libmmwave_xwr68xx.aer4f : mmwave.oer4f (.text:MMWave_decodeErrorLevel)
                  000185f0    000000b4     sysbios.aer4ft : BIOS.obj (.text:ti_sysbios_gates_GateMutex_enter__E)
                  000186a4    0000000c     libuart_xwr68xx.aer4f : UART.oer4f (.text:UART_Params_init)
                  000186b0    000000b4     sysbios.aer4ft : BIOS.obj (.text:xdc_runtime_LoggerBuf_setFilterLevel__E)
                  00018764    000000b2     libuart_xwr68xx.aer4f : uartsci_dma.oer4f (.text:UartSci_openDMA)
                  00018816    00000002     --HOLE-- [fill = 0]
                  00018818    000000b0     libcbuff_xwr68xx.aer4f : cbuff.oer4f (.text:CBUFF_deactivateSession)
                  000188c8    000000b0     libmmwave_xwr68xx.aer4f : mmwave_fullcfg.oer4f (.text:MMWave_addProfile)
                  00018978    000000b0     libmmwavelink_xwr68xx.aer4f : rl_sensor.oer4f (.text:rlSetProfileConfig)
                  00018a28    00000008     libmmwave_xwr68xx.aer4f : mmwave_link.oer4f (.text:MMWave_mboxCallbackFxn)
                  00018a30    000000b0     sysbios.aer4ft : BIOS.obj (.text:ti_sysbios_utils_Load_updateLoads__E)
                  00018ae0    000000b0                    : BIOS.obj (.text:xdc_runtime_Text_putMod__E)
                  00018b90    000000ae     mmwdemo_adcconfig.oer4f (.text:MmwDemo_ADCBufConfig)
                  00018c3e    00000002     --HOLE-- [fill = 0]
                  00018c40    000000ad     rtsv7R4_T_le_v3D16_eabi.lib : _printfi.c.obj (.text:_ltostr)
                  00018ced    00000003     --HOLE-- [fill = 0]
                  00018cf0    000000ac     libaoaproc_hwa_xwr68xx.aer4f : aoaprochwa.oer4f (.text:AoAProcHWA_ConvertFov)
                  00018d9c    000000ac                                  : aoaprochwa.oer4f (.text:AoAProcHWA_rxChanPhaseBiasCompensation)
                  00018e48    000000ac     libesm_xwr68xx.aer4f : esm.oer4f (.text:ESM_processInterrupt)
                  00018ef4    000000ac     main.oer4f (.text:MmwDemo_isAllCfgInPendingState)
                  00018fa0    000000ac     main.oer4f (.text:MmwDemo_measurementResultOutput)
                  0001904c    00000004     libmmwave_xwr68xx.aer4f : mmwave_link.oer4f (.text:MMWave_registerInterruptHandler)
                  00019050    000000ac     sysbios.aer4ft : BIOS.obj (.text:ti_sysbios_knl_Task_Module_startup__E)
                  000190fc    00000004     libmmwave_xwr68xx.aer4f : mmwave_link.oer4f (.text:MMWave_unmaskHostIRQ)
                  00019100    000000ac     sysbios.aer4ft : BIOS.obj (.text:ti_sysbios_utils_Load_startup__E)
                  000191ac    000000a8     libadcbuf_xwr68xx.aer4f : adcbuf_mmwave.oer4f (.text:ADCBUF_MMWave_getChanBufAddr)
                  00019254    000000a8     libcli_xwr68xx.aer4f : cli_mmwave.oer4f (.text:CLI_MMWaveExtensionHelp)
                  000192fc    000000a8     libedma_xwr68xx.aer4f : edma_low_level.oer4f (.text:EDMA3Init)
                  000193a4    000000a8     libmmwave_xwr68xx.aer4f : mmwave_link.oer4f (.text:MMWave_configureProfileChirp)
                  0001944c    000000a8                             : mmwave_fullcfg.oer4f (.text:MMWave_getBpmChirpHandle)
                  000194f4    000000a8     libpinmux_xwr68xx.aer4f : pinmux.oer4f (.text:Pinmux_Set_OverrideCtrl)
                  0001959c    000000a8     libsoc_xwr68xx.aer4f : soc.oer4f (.text:SOC_deregisterSysIntListener)
                  00019644    000000a8     rtsv7R4_T_le_v3D16_eabi.lib : k_sin.c.obj (.text:__kernel_sin)
                  000196ec    000000a8     libmmwavelink_xwr68xx.aer4f : rl_driver.oer4f (.text:rlDriverWaitForResponse)
                  00019794    000000a8                                 : rl_sensor.oer4f (.text:rlSetAdvFrameConfig)
                  0001983c    000000a4     libdma_xwr68xx.aer4f : dma.oer4f (.text:DMA_assignChannel)
                  000198e0    000000a4     libesm_xwr68xx.aer4f : esm.oer4f (.text:ESM_init)
                  00019984    000000a4     libmmwave_xwr68xx.aer4f : mmwave_fullcfg.oer4f (.text:MMWave_addBpmChirp)
                  00019a28    000000a4                             : mmwave.oer4f (.text:MMWave_start)
                  00019acc    000000a4     libsoc_xwr68xx.aer4f : soc_xwr68xx_mss.oer4f (.text:SOC_unhaltDSS)
                  00019b70    000000a3     data_path.oer4f (.text:MmwDemo_edmaInit)
                  00019c13    00000001     --HOLE-- [fill = 0]
                  00019c14    0000000c     libuart_xwr68xx.aer4f : uartsci_dma.oer4f (.text:UartSci_isDMAEnabled)
                  00019c20    000000a2     sysbios.aer4ft : BIOS.obj (.text:xdc_runtime_Text_putSite__E)
                  00019cc2    00000002     --HOLE-- [fill = 0]
                  00019cc4    000000a0     libsoc_xwr68xx.aer4f : soc.oer4f (.text:SOC_registerSysIntListener)
                  00019d64    000000a0     auto_init.aer4ft : auto_init.oer4ft (.text)
                  00019e04    0000000c     rtsv7R4_T_le_v3D16_eabi.lib : _lock.c.obj (.text:_register_lock)
                  00019e10    000000a0     sysbios.aer4ft : BIOS.obj (.text:ti_sysbios_knl_Task_blockI__E)
                  00019eb0    0000009c     libmmwave_xwr68xx.aer4f : mmwave_link.oer4f (.text:MMWave_configLink)
                  00019f4c    0000009c                             : mmwave_fullcfg.oer4f (.text:MMWave_getProfileHandle)
                  00019fe8    0000009c     mmw_cli.oer4f (.text:MmwDemo_CLIMeasureRangeBiasAndRxChanPhaseCfg)
                  0001a084    0000009c     libuart_xwr68xx.aer4f : uartsci.oer4f (.text:UartSci_write)
                  0001a120    0000009c     rtsv7R4_T_le_v3D16_eabi.lib : memcpy_t2.asm.obj (.text)
                  0001a1bc    00000004     libmmwave_xwr68xx.aer4f : mmwave_link.oer4f (.text:MMWave_waitIRQStatus)
                  0001a1c0    0000009c     sysbios.aer4ft : BIOS.obj (.text:ti_sysbios_family_arm_v7r_vim_Hwi_initIntController__I)
                  0001a25c    00000004     data_path.oer4f (.text:MmwDemo_hwaInit)
                  0001a260    0000009c     sysbios.aer4ft : BIOS.obj (.text:ti_sysbios_family_arm_v7r_vim_Hwi_mapChannel__I)
                  0001a2fc    00000004     main.oer4f (.text:MmwDemo_sleep)
                  0001a300    0000009c     sysbios.aer4ft : BIOS.obj (.text:ti_sysbios_knl_Semaphore_Instance_init__E)
                  0001a39c    0000009a     libdpm_xwr68xx.aer4f : dpm_msg.oer4f (.text:DPM_msgResponseHandler)
                  0001a436    00000002     --HOLE-- [fill = 0]
                  0001a438    00000098     libaoaproc_hwa_xwr68xx.aer4f : aoaprochwa.oer4f (.text:DPU_AoAProcHWA_control)
                  0001a4d0    00000098     libmmwave_xwr68xx.aer4f : mmwave_fullcfg.oer4f (.text:MMWave_getChirpCfg)
                  0001a568    00000098     mmwdemo_rfparser.oer4f (.text:MmwDemo_RFParser_parseConfig)
                  0001a600    00000098     main.oer4f (.text:MmwDemo_isAllCfgInNonPendingState)
                  0001a698    00000098     sysbios.aer4ft : vim_Hwi_asm_switch.obj (.text)
                  0001a730    00000098                    : BIOS.obj (.text:ti_sysbios_utils_Load_taskDeleteHook__E)
                  0001a7c8    00000096     libedma_xwr68xx.aer4f : edma.oer4f (.text:EDMA_getErrorStatusInfo)
                  0001a85e    00000096     libhwa_xwr68xx.aer4f : hwa.oer4f (.text:HWA_configRam)
                  0001a8f4    00000096     main.oer4f (.text:MmwDemo_dataPathStop)
                  0001a98a    00000096     libuart_xwr68xx.aer4f : uartsci.oer4f (.text:UartSci_readChar)
                  0001aa20    00000094     libcbuff_xwr68xx.aer4f : cbuff_transfer.oer4f (.text:CBUFF_setupNonInterleaved_ADC)
                  0001aab4    00000094     objectdetection.oer4f (.text:DPC_ObjectDetection_start)
                  0001ab48    00000094     mmw_lvds_stream.oer4f (.text:MmwDemo_LVDSStream_EDMAAllocateCBUFFHwChannel)
                  0001abdc    00000094     mmw_lvds_stream.oer4f (.text:MmwDemo_LVDSStream_EDMAAllocateCBUFFSwChannel)
                  0001ac70    00000094     libsoc_xwr68xx.aer4f : soc_xwr68xx.oer4f (.text:SOC_gateClock)
                  0001ad04    00000094     libmmwavelink_xwr68xx.aer4f : rl_driver.oer4f (.text:rlDriverDeInit)
                  0001ad98    00000094                                 : rl_driver.oer4f (.text:rlDriverMsgReadCmdCtx)
                  0001ae2c    00000094                                 : rl_driver.oer4f (.text:rlDriverProcRdMsg)
                  0001aec0    00000094     sysbios.aer4ft : vim_Hwi_asm.obj (.text:ti_sysbios_family_arm_v7r_vim_Hwi_dispatchIRQ__I)
                  0001af54    00000090     libgpio_xwr68xx.aer4f : gpio.oer4f (.text:GPIO_init)
                  0001afe4    00000090     libmailbox_xwr68xx.aer4f : mailbox.oer4f (.text:Mailbox_close)
                  0001b074    00000090     libuart_xwr68xx.aer4f : uartsci_dma.oer4f (.text:UartSci_initiateTxDMA)
                  0001b104    00000090                           : uartsci.oer4f (.text:UartSci_read)
                  0001b194    00000090     rtsv7R4_T_le_v3D16_eabi.lib : fputc.c.obj (.text:fputc)
                  0001b224    0000000c                                 : _lock.c.obj (.text:_register_unlock)
                  0001b230    00000090     sysbios.aer4ft : BIOS.obj (.text:ti_sysbios_family_arm_v7a_Pmu_startCounter__E)
                  0001b2c0    00000090                    : BIOS.obj (.text:ti_sysbios_knl_Task_unblockI__E)
                  0001b350    00000090                    : BIOS.obj (.text:xdc_runtime_LoggerBuf_getFilterLevel__E)
                  0001b3e0    0000008e     libaoaproc_hwa_xwr68xx.aer4f : aoaprochwa.oer4f (.text:AoAProcHWA_cfgAndTrigger_EDMA_2DFFT)
                  0001b46e    00000002     --HOLE-- [fill = 0]
                  0001b470    0000008c     libcli_xwr68xx.aer4f : cli_mmwave.oer4f (.text:CLI_MMWaveDataOutputMode)
                  0001b4fc    0000008c     libsoc_xwr68xx.aer4f : soc.oer4f (.text:SOC_getDeviceRFFreqScaleFactor)
                  0001b588    0000008c                          : soc_xwr68xx.oer4f (.text:SOC_translateAddress)
                  0001b614    0000008c     libuart_xwr68xx.aer4f : uartsci_dma.oer4f (.text:UartSci_initiateRxDMA)
                  0001b6a0    0000008c     libmmwavelink_xwr68xx.aer4f : rl_device.oer4f (.text:rlDevicePowerOn)
                  0001b72c    0000008c                                 : rl_driver.oer4f (.text:rlDriverMsgReadSpawnCtx)
                  0001b7b8    00000008     libosal_xwr68xx.aer4f : MemoryP_tirtos.oer4f (.text:MemoryP_getStats)
                  0001b7c0    0000008c     sysbios.aer4ft : BIOS.obj (.text:ti_sysbios_family_arm_v7a_Pmu_getCount__E)
                  0001b84c    00000004     rtsv7R4_T_le_v3D16_eabi.lib : exit.c.obj (.text:abort:abort)
                  0001b850    0000008c     sysbios.aer4ft : BIOS.obj (.text:ti_sysbios_family_arm_v7r_vim_Hwi_Instance_finalize__E)
                  0001b8dc    00000004     mmw_per4ft.oer4ft (.text:ti_sysbios_BIOS_RtsGateProxy_enter__E)
                  0001b8e0    0000008c     sysbios.aer4ft : BIOS.obj (.text:xdc_runtime_Memory_alloc__E)
                  0001b96c    00000088     libhwa_xwr68xx.aer4f : hwa.oer4f (.text:HWA_disableParamSetInterrupt)
                  0001b9f4    00000088     libmmwave_xwr68xx.aer4f : mmwave_fullcfg.oer4f (.text:MMWave_getProfileCfg)
                  0001ba7c    00000086     libcbuff_xwr68xx.aer4f : cbuff_edma.oer4f (.text:CBUFF_closeEDMA)
                  0001bb02    00000002     --HOLE-- [fill = 0]
                  0001bb04    00000084     libcfarcaproc_hwa_xwr68xx.aer4f : cfarcaprochwa.oer4f (.text:DPU_CFARCAProcHWA_init)
                  0001bb88    00000084     libmmwave_xwr68xx.aer4f : mmwave_dualcore.oer4f (.text:MMWave_deviceCfgAsyncEvent)
                  0001bc0c    00000084                             : mmwave_dualcore.oer4f (.text:MMWave_deviceEventFxn)
                  0001bc90    00000084                             : mmwave_fullcfg.oer4f (.text:MMWave_getNumBpmChirp)
                  0001bd14    00000084                             : mmwave.oer4f (.text:MMWave_open)
                  0001bd98    00000084     libsoc_xwr68xx.aer4f : soc.oer4f (.text:SOC_init)
                  0001be1c    00000082     libhwa_xwr68xx.aer4f : hwa.oer4f (.text:HWA_paramDoneISR)
                  0001be9e    00000002     --HOLE-- [fill = 0]
                  0001bea0    00000081     libcbuff_xwr68xx.aer4f : cbuff_edma.oer4f (.text:CBUFF_setupEDMAShadowLink)
                  0001bf21    00000003     --HOLE-- [fill = 0]
                  0001bf24    00000080     libcli_xwr68xx.aer4f : cli_mmwave.oer4f (.text:CLI_MMWaveChannelCfg)
                  0001bfa4    00000080     libdpm_xwr68xx.aer4f : dpm_mailbox.oer4f (.text:DPM_mboxRemoteMailboxCallbackFxn)
                  0001c024    00000080     libmmwave_xwr68xx.aer4f : mmwave_fullcfg.oer4f (.text:MMWave_getBpmChirpCfg)
                  0001c0a4    00000080     mmw_cli.oer4f (.text:MmwDemo_CLIAoAFovCfg)
                  0001c124    00000080     main.oer4f (.text:MmwDemo_configSensor)
                  0001c1a4    00000080     libuart_xwr68xx.aer4f : uartsci.oer4f (.text:UartSci_writePolling)
                  0001c224    00000080     rtsv7R4_T_le_v3D16_eabi.lib : fflush.c.obj (.text:fflush)
                  0001c2a4    00000080     libmmwavelink_xwr68xx.aer4f : rl_driver.oer4f (.text:rlDriverExecuteGetApi)
                  0001c324    0000000c     sysbios.aer4ft : arm_IntrinsicsSupport_asm.obj (.text:_ti_sysbios_family_arm_IntrinsicsSupport_maxbitA)
                  0001c330    00000080                    : BIOS.obj (.text:ti_sysbios_timers_rti_Timer_initDevice__I)
                  0001c3b0    0000007e     objectdetection.oer4f (.text:DPC_ObjDet_GetRxChPhaseComp)
                  0001c42e    00000002     --HOLE-- [fill = 0]
                  0001c430    0000007e     libosal_xwr68xx.aer4f : HwiP_tirtos.oer4f (.text:HwiP_create)
                  0001c4ae    00000002     --HOLE-- [fill = 0]
                  0001c4b0    0000007d     libcbuff_xwr68xx.aer4f : cbuff_lvds.oer4f (.text:CBUFF_initLVDSLinkListParams)
                  0001c52d    00000003     --HOLE-- [fill = 0]
                  0001c530    0000007c     libdpm_xwr68xx.aer4f : dpm_pipe.oer4f (.text:DPM_pipeSend)
                  0001c5ac    0000007c     libedma_xwr68xx.aer4f : edma.oer4f (.text:EDMA_clearErrors)
                  0001c628    0000007c     libmmwave_xwr68xx.aer4f : mmwave_dualcore.oer4f (.text:MMWave_deviceOpenFxn)
                  0001c6a4    0000007c     libmailbox_xwr68xx.aer4f : mailbox.oer4f (.text:Mailbox_init)
                  0001c720    0000007c     mmw_lvds_stream.oer4f (.text:MmwDemo_LVDSStream_SwTriggerFrameDone)
                  0001c79c    0000007c     libuart_xwr68xx.aer4f : uartsci.oer4f (.text:UartSci_readPolling)
                  0001c818    0000007c     sysbios.aer4ft : arm_TaskSupport_asm.obj (.text:_ti_sysbios_family_arm_TaskSupport_buildTaskStack)
                  0001c894    0000000c     rtsv7R4_T_le_v3D16_eabi.lib : copy_zero_init.c.obj (.text:decompress:ZI:__TI_zero_init)
                  0001c8a0    0000007c     sysbios.aer4ft : BIOS.obj (.text:xdc_runtime_Core_deleteObject__I)
                  0001c91c    0000007b     mmw_cli.oer4f (.text:MmwDemo_CLIGetSubframe)
                  0001c997    00000001     --HOLE-- [fill = 0]
                  0001c998    0000007a     rtsv7R4_T_le_v3D16_eabi.lib : _printfi.c.obj (.text:_mcpy)
                  0001ca12    0000007a                                 : memset_t2.asm.obj (.text)
                  0001ca8c    00000078     libadcbuf_xwr68xx.aer4f : adcbuf_mmwave.oer4f (.text:ADCBUF_MMWave_getCQBufAddr)
                  0001cb04    00000078     libcbuff_xwr68xx.aer4f : cbuff_transfer.oer4f (.text:CBUFF_configUserBufferEDMA)
                  0001cb7c    00000078                            : cbuff.oer4f (.text:CBUFF_setVC)
                  0001cbf4    00000078     libcli_xwr68xx.aer4f : cli_mmwave.oer4f (.text:CLI_MMWaveADCCfg)
                  0001cc6c    00000078     libedma_xwr68xx.aer4f : edma.oer4f (.text:EDMA_configParamSet)
                  0001cce4    00000078     libmmwave_xwr68xx.aer4f : mmwave_fullcfg.oer4f (.text:MMWave_getNumChirps)
                  0001cd5c    00000074     objectdetection.oer4f (.text:DPC_ObjDet_reconfigSubFrame)
                  0001cdd0    00000074     libmmwave_xwr68xx.aer4f : mmwave.oer4f (.text:MMWave_config)
                  0001ce44    00000074                             : mmwave_dualcore.oer4f (.text:MMWave_deviceStartFxn)
                  0001ceb8    00000074     rtsv7R4_T_le_v3D16_eabi.lib : fclose.c.obj (.text:__TI_closefile)
                  0001cf2c    00000074     boot.aer4ft : boot.oer4ft (.text)
                  0001cfa0    00000074     rtsv7R4_T_le_v3D16_eabi.lib : s_frexp.c.obj (.text:frexp)
                  0001d014    00000074     libmmwavelink_xwr68xx.aer4f : rl_driver.oer4f (.text:rlDriverAsyncEventHandler)
                  0001d088    00000073     data_path.oer4f (.text:MmwDemo_hwaOpen)
                  0001d0fb    00000001     --HOLE-- [fill = 0]
                  0001d0fc    00000072     libcfarcaproc_hwa_xwr68xx.aer4f : cfarcaprochwa.oer4f (.text:CFARHWA_saveConfiguration)
                  0001d16e    00000072     libmmwavelink_xwr68xx.aer4f : rl_driver.oer4f (.text:rlDriverClientCbCheck)
                  0001d1e0    00000070     libhsiheader_xwr68xx.aer4f : hsiheader.oer4f (.text:HSIHeader_deleteHeader)
                  0001d250    00000070     libhwa_xwr68xx.aer4f : hwa.oer4f (.text:HWA_getDriverAccess)
                  0001d2c0    00000070     libmmwave_xwr68xx.aer4f : mmwave_dualcore.oer4f (.text:MMWave_deviceCfgFxn)
                  0001d330    00000070     mmw_cli.oer4f (.text:MmwDemo_CLIGuiMonSel)
                  0001d3a0    00000070     main.oer4f (.text:MmwDemo_platformInit)
                  0001d410    00000070     sysbios.aer4ft : BIOS.obj (.text:xdc_runtime_Error_print__E)
                  0001d480    0000006f     objectdetection.oer4f (.text:DPC_ObjectDetection_stop)
                  0001d4ef    00000001     --HOLE-- [fill = 0]
                  0001d4f0    0000006e     libcfarcaproc_hwa_xwr68xx.aer4f : cfarcaprochwa.oer4f (.text:CFARCAHWA_config_EDMA)
                  0001d55e    00000002     --HOLE-- [fill = 0]
                  0001d560    0000006c     libdma_xwr68xx.aer4f : dma.oer4f (.text:DMA_disableChannel)
                  0001d5cc    0000006c                          : dma.oer4f (.text:DMA_enableChannel)
                  0001d638    0000006c     libedma_xwr68xx.aer4f : edma.oer4f (.text:EDMA_isTransferComplete)
                  0001d6a4    0000006c     libmmwave_xwr68xx.aer4f : mmwave_link.oer4f (.text:MMWave_spawn)
                  0001d710    0000006c                             : mmwave_link.oer4f (.text:MMWave_stopLink)
                  0001d77c    0000006c     mmw_lvds_stream.oer4f (.text:MmwDemo_LVDSStream_EDMAFreeCBUFFHwChannel)
                  0001d7e8    0000006c     mmw_lvds_stream.oer4f (.text:MmwDemo_LVDSStream_EDMAFreeCBUFFSwChannel)
                  0001d854    0000006c     mmw_lvds_stream.oer4f (.text:MmwDemo_LVDSStream_HwTriggerFrameDone)
                  0001d8c0    0000006c     libpinmux_xwr68xx.aer4f : pinmux.oer4f (.text:Pinmux_Set_FuncSel)
                  0001d92c    0000006c     rtsv7R4_T_le_v3D16_eabi.lib : copy_decompress_lzss.c.obj (.text:decompress:lzss:__TI_decompress_lzss)
                  0001d998    0000006a     libuart_xwr68xx.aer4f : uartsci.oer4f (.text:UartSci_control)
                  0001da02    00000002     --HOLE-- [fill = 0]
                  0001da04    00000068     objectdetection.oer4f (.text:DPC_ObjectDetection_deinit)
                  0001da6c    00000068     libdpm_xwr68xx.aer4f : dpm_msg.oer4f (.text:DPM_msgDPCCfgHandler)
                  0001dad4    00000068     rtsv7R4_T_le_v3D16_eabi.lib : hostlseek.c.obj (.text:HOSTlseek)
                  0001db3c    00000068                                 : hostrename.c.obj (.text:HOSTrename)
                  0001dba4    00000068     libmmwave_xwr68xx.aer4f : mmwave_dualcore.oer4f (.text:MMWave_deviceStopFxn)
                  0001dc0c    00000068     libmailbox_xwr68xx.aer4f : mailbox.oer4f (.text:Mailbox_readFlush)
                  0001dc74    00000068     main.oer4f (.text:MmwDemo_convertCfarToLinear)
                  0001dcdc    00000068     librangeproc_hwa_xwr68xx.aer4f : rangeprochwa.oer4f (.text:rangeProcHWA_ConfigEDMATranspose)
                  0001dd44    00000068                                    : rangeprochwa.oer4f (.text:rangeProcHWA_ConfigHWACommon)
                  0001ddac    00000068     libmmwavelink_xwr68xx.aer4f : rl_driver.oer4f (.text:rlDriverExecuteSetApi)
                  0001de14    00000068                                 : rl_driver.oer4f (.text:rlDriverHostIrqHandler)
                  0001de7c    00000067     main.oer4f (.text:MmwDemo_mssSetHsiClk)
                  0001dee3    00000001     --HOLE-- [fill = 0]
                  0001dee4    00000066     libmmwavelink_xwr68xx.aer4f : rl_device.oer4f (.text:rlDevicePowerOff)
                  0001df4a    00000002     --HOLE-- [fill = 0]
                  0001df4c    00000064     libcli_xwr68xx.aer4f : cli_mmwave.oer4f (.text:CLI_MMWaveLowPowerCfg)
                  0001dfb0    00000064     libedma_xwr68xx.aer4f : edma.oer4f (.text:EDMA_getTransferControllerErrorStatusInfo)
                  0001e014    00000064                           : edma.oer4f (.text:EDMA_startDmaTransfer)
                  0001e078    00000064     libhwa_xwr68xx.aer4f : hwa.oer4f (.text:HWA_getDMAChanIndex)
                  0001e0dc    00000064     libosal_xwr68xx.aer4f : SemaphoreP_tirtos.oer4f (.text:SemaphoreP_create)
                  0001e140    00000064     rtsv7R4_T_le_v3D16_eabi.lib : _io_perm.c.obj (.text:__TI_wrt_ok)
                  0001e1a4    00000064                                 : fseek.c.obj (.text:fseek)
                  0001e208    00000064     sysbios.aer4ft : exc_Exception_asm.obj (.text:ti_sysbios_family_arm_exc_Exception_initCore0__I)
                  0001e26c    00000004     mmw_per4ft.oer4ft (.text:ti_sysbios_BIOS_RtsGateProxy_leave__E)
                  0001e270    00000064     sysbios.aer4ft : BIOS.obj (.text:ti_sysbios_family_arm_v7r_vim_Hwi_phantomIntHandler__I)
                  0001e2d4    0000000c     rtsv7R4_T_le_v3D16_eabi.lib : fputc.c.obj (.text:putchar)
                  0001e2e0    00000064     sysbios.aer4ft : BIOS.obj (.text:ti_sysbios_knl_Clock_logTick__E)
                  0001e344    0000000c     libmmwavelink_xwr68xx.aer4f : rl_driver.oer4f (.text:rlDriverGetPlatformId)
                  0001e350    00000064     sysbios.aer4ft : BIOS.obj (.text:ti_sysbios_utils_Load_logCPULoad__I)
                  0001e3b4    0000000c                    : BIOS.obj (.text:ti_sysbios_family_arm_v7a_Pmu_configureCounterI__I)
                  0001e3c0    00000064                    : BIOS.obj (.text:xdc_runtime_Startup_exec__E)
                  0001e424    00000062     mmw_cli.oer4f (.text:MmwDemo_CLICfarFovCfg)
                  0001e486    00000002     --HOLE-- [fill = 0]
                  0001e488    00000060     libcli_xwr68xx.aer4f : cli_mmwave.oer4f (.text:CLI_MMWaveExtensionHandler)
                  0001e4e8    00000060     libosal_xwr68xx.aer4f : DebugP_tirtos.oer4f (.text:DebugP_log2)
                  0001e548    00000060                           : DebugP_tirtos.oer4f (.text:DebugP_log3)
                  0001e5a8    00000008     data_path.oer4f (.text:MmwDemo_dataPathObjInit)
                  0001e5b0    00000060     sysbios.aer4ft : BIOS.obj (.text:ti_sysbios_heaps_HeapMem_alloc__E)
                  0001e610    00000060                    : BIOS.obj (.text:xdc_runtime_Assert_raise__I)
                  0001e670    0000005f                    : BIOS.obj (.text:xdc_runtime_Text_putLab__E)
                  0001e6cf    00000001     --HOLE-- [fill = 0]
                  0001e6d0    0000005e     libuart_xwr68xx.aer4f : uartsci.oer4f (.text:UartSci_writeChar)
                  0001e72e    00000002     --HOLE-- [fill = 0]
                  0001e730    0000005c     libcfarcaproc_hwa_xwr68xx.aer4f : cfarcaprochwa.oer4f (.text:CFARHWA_fovConvertDoppler)
                  0001e78c    0000005c                                     : cfarcaprochwa.oer4f (.text:CFARHWA_prepareHwaRunTime)
                  0001e7e8    0000005c     rtsv7R4_T_le_v3D16_eabi.lib : hostopen.c.obj (.text:HOSTopen)
                  0001e844    0000005c                                 : hostread.c.obj (.text:HOSTread)
                  0001e8a0    0000005c     libmmwave_xwr68xx.aer4f : mmwave_link.oer4f (.text:MMWave_mboxOpen)
                  0001e8fc    0000005c                             : mmwave.oer4f (.text:MMWave_stop)
                  0001e958    0000005c     libsoc_xwr68xx.aer4f : soc.oer4f (.text:SOC_enableLVDS)
                  0001e9b4    0000000c     sysbios.aer4ft : BIOS.obj (.text:ti_sysbios_family_arm_v7a_Pmu_getCountI__E)
                  0001e9c0    0000005c                    : BIOS.obj (.text:ti_sysbios_utils_Load_updateCurrentThreadTime__E)
                  0001ea1c    0000005a     libuart_xwr68xx.aer4f : uartsci.oer4f (.text:UartSci_readCancel)
                  0001ea76    0000005a     libmmwavelink_xwr68xx.aer4f : rl_driver.oer4f (.text:rlDriverCalChkSum)
                  0001ead0    00000058     libdpm_xwr68xx.aer4f : dpm_core.oer4f (.text:DPM_execute)
                  0001eb28    00000058                          : dpm_mailbox.oer4f (.text:DPM_mboxInit)
                  0001eb80    00000058     libosal_xwr68xx.aer4f : DebugP_tirtos.oer4f (.text:DebugP_log0)
                  0001ebd8    00000058                           : DebugP_tirtos.oer4f (.text:DebugP_log1)
                  0001ec30    00000058     libedma_xwr68xx.aer4f : edma_low_level.oer4f (.text:EDMA3EnableChInShadowReg)
                  0001ec88    00000058     libesm_xwr68xx.aer4f : esm.oer4f (.text:ESM_highpriority_FIQ)
                  0001ece0    00000058     rtsv7R4_T_le_v3D16_eabi.lib : hostwrite.c.obj (.text:HOSTwrite)
                  0001ed38    00000058     libhwa_xwr68xx.aer4f : hwa.oer4f (.text:HWA_getDMAconfig)
                  0001ed90    00000058     libmmwave_xwr68xx.aer4f : mmwave.oer4f (.text:MMWave_execute)
                  0001ede8    00000058                             : mmwave_link.oer4f (.text:MMWave_initCRC)
                  0001ee40    00000058     mmw_cli.oer4f (.text:MmwDemo_CLISensorStop)
                  0001ee98    00000058     main.oer4f (.text:MmwDemo_mmWaveCtrlTask)
                  0001eef0    00000058     libuart_xwr68xx.aer4f : uartsci_dma.oer4f (.text:UartSci_closeDMA)
                  0001ef48    00000058     rtsv7R4_T_le_v3D16_eabi.lib : close.c.obj (.text:close)
                  0001efa0    00000056     libmmwavelink_xwr68xx.aer4f : rl_driver.oer4f (.text:rlDriverOsiCbCheck)
                  0001eff6    00000002     --HOLE-- [fill = 0]
                  0001eff8    00000054     libcrc_xwr68xx.aer4f : crc.oer4f (.text:CRC_getTransactionId)
                  0001f04c    00000054     libdma_xwr68xx.aer4f : dma.oer4f (.text:DMA_freeChannel)
                  0001f0a0    00000054     libedma_xwr68xx.aer4f : edma.oer4f (.text:EDMA_error_isr)
                  0001f0f4    00000054     libmmwave_xwr68xx.aer4f : mmwave_link.oer4f (.text:MMWave_initLink)
                  0001f148    00000054     main.oer4f (.text:MmwDemo_CfgUpdate)
                  0001f19c    00000054     rtsv7R4_T_le_v3D16_eabi.lib : ltoa.c.obj (.text:ltoa)
                  0001f1f0    00000054     mmw_per4ft.oer4ft (.text:ti_sysbios_family_arm_v7r_vim_Hwi_create)
                  0001f244    0000000c     mmw_per4ft.oer4ft (.text:ti_sysbios_knl_Queue_Object__get__S)
                  0001f250    00000054     sysbios.aer4ft : BIOS.obj (.text:ti_sysbios_heaps_HeapMem_getStats__E)
                  0001f2a4    0000000a     libadcbuf_xwr68xx.aer4f : ADCBuf.oer4f (.text:ADCBuf_control)
                  0001f2ae    00000002     --HOLE-- [fill = 0]
                  0001f2b0    00000054     sysbios.aer4ft : BIOS.obj (.text:xdc_runtime_Core_assignLabel__I)
                  0001f304    00000052     libdpedma_hwa_xwr68xx.aer4f : dpedma.oer4f (.text:DPEDMA_setup_shadow_link)
                  0001f356    00000052     rtsv7R4_T_le_v3D16_eabi.lib : _printfi.c.obj (.text:_ecpy)
                  0001f3a8    00000050     libaoaproc_hwa_xwr68xx.aer4f : aoaprochwa.oer4f (.text:AoAProc_HWAutil_configCommon)
                  0001f3f8    00000050     libcrc_xwr68xx.aer4f : crc.oer4f (.text:CRC_getSignature)
                  0001f448    00000050     libedma_xwr68xx.aer4f : edma_low_level.oer4f (.text:EDMA3MapChToEvtQ)
                  0001f498    00000050     libmmwave_xwr68xx.aer4f : mmwave.oer4f (.text:MMWave_sync)
                  0001f4e8    00000050     mmw_cli.oer4f (.text:MmwDemo_CLIMultiObjBeamForming)
                  0001f538    00000050     mmw_cli.oer4f (.text:MmwDemo_CLIQueryDemoStatus)
                  0001f588    00000050     rtsv7R4_T_le_v3D16_eabi.lib : _printfi.c.obj (.text:_pconv_f)
                  0001f5d8    00000050                                 : atoi.c.obj (.text:atoi)
                  0001f628    00000050     libmmwavelink_xwr68xx.aer4f : rl_driver.oer4f (.text:rlDeviceIdentifyCmdDir)
                  0001f678    00000050                                 : rl_driver.oer4f (.text:rlDriverVerifyCRC)
                  0001f6c8    00000050     rtsv7R4_T_le_v3D16_eabi.lib : u_div32.asm.obj (.text)
                  0001f718    00000008     libosal_xwr68xx.aer4f : SemaphoreP_tirtos.oer4f (.text:SemaphoreP_Params_init)
                  0001f720    00000050     sysbios.aer4ft : BIOS.obj (.text:xdc_runtime_System_exit__E)
                  0001f770    0000004c     libcli_xwr68xx.aer4f : cli.oer4f (.text:CLI_write)
                  0001f7bc    0000004c     libstaticclutterproc_xwr68xx.aer4f : staticclutterproc.oer4f (.text:DPU_StaticClutterProc_config)
                  0001f808    0000004c     libedma_xwr68xx.aer4f : edma.oer4f (.text:EDMA_disableChannel)
                  0001f854    0000004c                           : edma.oer4f (.text:EDMA_enableChannel)
                  0001f8a0    0000004c     libhwa_xwr68xx.aer4f : hwa.oer4f (.text:HWA_enableDoneInterrupt)
                  0001f8ec    0000004c     libmailbox_xwr68xx.aer4f : mailbox.oer4f (.text:Mailbox_boxEmptyISRProcessing)
                  0001f938    0000004c     libuart_xwr68xx.aer4f : uartsci.oer4f (.text:UartSci_writeCancel)
                  0001f984    0000004c     rtsv7R4_T_le_v3D16_eabi.lib : fflush.c.obj (.text:__TI_doflush)
                  0001f9d0    0000004c                                 : cpy_tbl.c.obj (.text:copy_in)
                  0001fa1c    00000004     mmw_per4ft.oer4ft (.text:ti_sysbios_family_arm_TaskSupport_Module__startupDone__S)
                  0001fa20    0000004c     sysbios.aer4ft : BIOS.obj (.text:ti_sysbios_family_arm_v7r_vim_Hwi_getStackInfo__E)
                  0001fa6c    0000004c     mmw_per4ft.oer4ft (.text:ti_sysbios_knl_Task_create)
                  0001fab8    00000008     rtsv7R4_T_le_v3D16_eabi.lib : errno.c.obj (.text:__aeabi_errno_addr)
                  0001fac0    0000004c     sysbios.aer4ft : BIOS.obj (.text:ti_sysbios_knl_Task_stat__E)
                  0001fb0c    00000004     mmw_per4ft.oer4ft (.text:ti_sysbios_family_arm_v7r_vim_Hwi_delete)
                  0001fb10    0000004c     sysbios.aer4ft : BIOS.obj (.text:ti_sysbios_utils_Load_taskSwitchHook__E)
                  0001fb5c    0000004a     libdpm_xwr68xx.aer4f : dpm_mailbox.oer4f (.text:DPM_mboxSendResult)
                  0001fba6    0000004a     libmailbox_xwr68xx.aer4f : mailbox.oer4f (.text:Mailbox_boxFullISRProcessing)
                  0001fbf0    0000004a     sysbios.aer4ft : BIOS.obj (.text:xdc_runtime_Core_assignParams__I)
                  0001fc3a    00000006     libosal_xwr68xx.aer4f : CycleprofilerP_tirtos.oer4f (.text:CycleprofilerP_getTimeStamp)
                  0001fc40    0000004a     sysbios.aer4ft : BIOS.obj (.text:xdc_runtime_Text_xprintf__I)
                  0001fc8a    00000002     --HOLE-- [fill = 0]
                  0001fc8c    00000049     mmw_lvds_stream.oer4f (.text:MmwDemo_LVDSStream_EDMAAllocateCBUFFChannel)
                  0001fcd5    00000001     --HOLE-- [fill = 0]
                  0001fcd6    00000048     libcbuff_xwr68xx.aer4f : cbuff_transfer.oer4f (.text:CBUFF_setup_USER)
                  0001fd1e    00000048     libcfarcaproc_hwa_xwr68xx.aer4f : cfarcaprochwa.oer4f (.text:CFARHWA_convHwaCfarDetListToDetMask)
                  0001fd66    00000048     libdpm_xwr68xx.aer4f : dpm_pipe.oer4f (.text:DPM_pipeRecv)
                  0001fdae    00000002     --HOLE-- [fill = 0]
                  0001fdb0    00000048     libhwa_xwr68xx.aer4f : hwa.oer4f (.text:HWA_deleteInstance)
                  0001fdf8    00000048                          : hwa.oer4f (.text:HWA_readCFARPeakCountReg)
                  0001fe40    00000048     main.oer4f (.text:MmwDemo_resetStaticCfgPendingState)
                  0001fe88    00000048     libmmwavelink_xwr68xx.aer4f : rl_device.oer4f (.text:rlDeviceGetVersion)
                  0001fed0    00000048                                 : rl_driver.oer4f (.text:rlDriverOsiInit)
                  0001ff18    00000048     mmw_per4ft.oer4ft (.text:xdc_runtime_LoggerBuf_Object__create__S)
                  0001ff60    00000046     libmailbox_xwr68xx.aer4f : mailbox.oer4f (.text:CSL_FINSR)
                  0001ffa6    00000002     --HOLE-- [fill = 0]
                  0001ffa8    00000044     libadcbuf_xwr68xx.aer4f : adcbuf_mmwave.oer4f (.text:ADCBUF_MMWave_close)
                  0001ffec    00000044     libcrc_xwr68xx.aer4f : crc.oer4f (.text:CRC_resetSignature)
                  00020030    00000044     libdpm_xwr68xx.aer4f : dpm_core.oer4f (.text:DPM_start)
                  00020074    00000044                          : dpm_core.oer4f (.text:DPM_stop)
                  000200b8    00000044     rtsv7R4_T_le_v3D16_eabi.lib : hostclose.c.obj (.text:HOSTclose)
                  000200fc    00000044                                 : hostunlink.c.obj (.text:HOSTunlink)
                  00020140    00000044     libmailbox_xwr68xx.aer4f : mailbox.oer4f (.text:Mailbox_boxFullISRMssDss)
                  00020184    00000044     libsoc_xwr68xx.aer4f : soc_xwr68xx_mss.oer4f (.text:SOC_resetDMA)
                  000201c8    00000044     rtsv7R4_T_le_v3D16_eabi.lib : exit.c.obj (.text:exit)
                  0002020c    00000044                                 : getdevice.c.obj (.text:getdevice)
                  00020250    00000044     sysbios.aer4ft : BIOS.obj (.text:ti_sysbios_family_arm_v7r_tms570_Core_Module_startup__E)
                  00020294    0000000a     libadcbuf_xwr68xx.aer4f : ADCBuf.oer4f (.text:ADCBuf_getChanBufAddr)
                  0002029e    00000002     --HOLE-- [fill = 0]
                  000202a0    00000044     sysbios.aer4ft : BIOS.obj (.text:ti_sysbios_knl_Task_allBlockedFunction__I)
                  000202e4    0000000a     libcbuff_xwr68xx.aer4f : cbuff_lvds.oer4f (.text:CBUFF_deinitLVDS)
                  000202ee    00000002     --HOLE-- [fill = 0]
                  000202f0    00000044     sysbios.aer4ft : BIOS.obj (.text:xdc_runtime_LoggerBuf_Module_startup__E)
                  00020334    0000000a     objectdetection.oer4f (.text:DPC_ObjDet_GetRangeWinGenLen)
                  0002033e    00000002     --HOLE-- [fill = 0]
                  00020340    00000044     sysbios.aer4ft : BIOS.obj (.text:xdc_runtime_System_atexit__E)
                  00020384    00000042     libcbuff_xwr68xx.aer4f : cbuff_lvds.oer4f (.text:CBUFF_closeLVDS)
                  000203c6    00000042     libedma_xwr68xx.aer4f : edma.oer4f (.text:EDMA_transferController_error_isr)
                  00020408    00000042     libhwa_xwr68xx.aer4f : hwa.oer4f (.text:HWA_reset)
                  0002044a    00000042     libmmwave_xwr68xx.aer4f : mmwave_link.oer4f (.text:MMWave_executeLink)
                  0002048c    00000042     libmmwavelink_xwr68xx.aer4f : rl_controller.oer4f (.text:rlGetSubBlock)
                  000204ce    00000040     objectdetection.oer4f (.text:DPC_ObjDet_GetAntGeometryDef)
                  0002050e    00000002     --HOLE-- [fill = 0]
                  00020510    00000040     libedma_xwr68xx.aer4f : edma.oer4f (.text:EDMA_linkParamSets)
                  00020550    00000040     libhwa_xwr68xx.aer4f : hwa.oer4f (.text:HWA_getHWAMemInfo)
                  00020590    00000040     mmw_cli.oer4f (.text:MmwDemo_CLIClutterRemoval)
                  000205d0    00000040     mmw_cli.oer4f (.text:MmwDemo_CLIExtendedMaxVelocity)
                  00020610    00000040     rtsv7R4_T_le_v3D16_eabi.lib : _printfi.c.obj (.text:_fcpy)
                  00020650    00000040     libmmwavelink_xwr68xx.aer4f : rl_driver.oer4f (.text:rlDriverValidateHdr)
                  00020690    00000040     rtsv7R4_T_le_v3D16_eabi.lib : sprintf.c.obj (.text:sprintf)
                  000206d0    00000040                                 : strtok.c.obj (.text:strtok)
                  00020710    00000040     sysbios.aer4ft : BIOS.obj (.text:ti_sysbios_timers_rti_Timer_stop__E)
                  00020750    00000040     rtsv7R4_T_le_v3D16_eabi.lib : vsnprintf.c.obj (.text:vsnprintf)
                  00020790    0000003e     libadcbuf_xwr68xx.aer4f : adcbuf_mmwave.oer4f (.text:CSL_FINSR)
                  000207ce    0000003e     libcbuff_xwr68xx.aer4f : cbuff.oer4f (.text:CSL_FINSR)
                  0002080c    0000003e                            : cbuff_lvds.oer4f (.text:CSL_FINSR)
                  0002084a    0000003e     libcrc_xwr68xx.aer4f : crc.oer4f (.text:CSL_FINSR)
                  00020888    0000003e     libdma_xwr68xx.aer4f : dma.oer4f (.text:CSL_FINSR)
                  000208c6    0000003e     libgpio_xwr68xx.aer4f : gpio.oer4f (.text:CSL_FINSR)
                  00020904    0000003e     libhwa_xwr68xx.aer4f : hwa.oer4f (.text:CSL_FINSR)
                  00020942    0000003e     libpinmux_xwr68xx.aer4f : pinmux.oer4f (.text:CSL_FINSR)
                  00020980    0000003e     libsoc_xwr68xx.aer4f : soc.oer4f (.text:CSL_FINSR)
                  000209be    0000003e                          : soc_xwr68xx.oer4f (.text:CSL_FINSR)
                  000209fc    0000003e                          : soc_xwr68xx_mss.oer4f (.text:CSL_FINSR)
                  00020a3a    0000003e     libuart_xwr68xx.aer4f : uartsci.oer4f (.text:CSL_FINSR)
                  00020a78    0000003e     libdpm_xwr68xx.aer4f : dpm_msg.oer4f (.text:DPM_msgStopHandler)
                  00020ab6    0000003e     libhwa_xwr68xx.aer4f : hwa.oer4f (.text:HWA_enable)
                  00020af4    0000003e     libmmwave_xwr68xx.aer4f : mmwave.oer4f (.text:MMWave_decodeError)
                  00020b32    0000003e     libuart_xwr68xx.aer4f : uartsci.oer4f (.text:UartSci_close)
                  00020b70    0000003e     mmwdemo_monitor.oer4f (.text:mmwDemo_cfgAnalogMonitor)
                  00020bae    0000003c     libcbuff_xwr68xx.aer4f : cbuff_transfer.oer4f (.text:CBUFF_configCQEDMA)
                  00020bea    00000002     --HOLE-- [fill = 0]
                  00020bec    0000003c     libcli_xwr68xx.aer4f : cli_mmwave.oer4f (.text:CLI_MMWaveFlushCfg)
                  00020c28    0000003c     libedma_xwr68xx.aer4f : edma.oer4f (.text:EDMA_chainChannels)
                  00020c64    0000003c                           : edma.oer4f (.text:EDMA_getErrorStatus)
                  00020ca0    0000003c                           : edma.oer4f (.text:EDMA_getTransferControllerErrorStatus)
                  00020cdc    0000003c     libmailbox_xwr68xx.aer4f : mailbox.oer4f (.text:Mailbox_writeReset)
                  00020d18    0000003c     libsoc_xwr68xx.aer4f : soc.oer4f (.text:SOC_unhaltBSS)
                  00020d54    0000003c     rtsv7R4_T_le_v3D16_eabi.lib : trgmsg.c.obj (.text:__TI_writemsg)
                  00020d90    0000003c     sysbios.aer4ft : vim_Hwi_asm.obj (.text:ti_sysbios_family_arm_v7r_vim_Hwi_init__I)
                  00020dcc    00000004     mmw_per4ft.oer4ft (.text:ti_sysbios_heaps_HeapMem_Module_GateProxy_enter__E)
                  00020dd0    0000003c     sysbios.aer4ft : BIOS.obj (.text:ti_sysbios_hal_Hwi_checkStack)
                  00020e0c    00000004     mmw_per4ft.oer4ft (.text:ti_sysbios_heaps_HeapMem_Module_GateProxy_leave__E)
                  00020e10    0000003c     sysbios.aer4ft : BIOS.obj (.text:ti_sysbios_heaps_HeapMem_init__I)
                  00020e4c    0000003a     libhwa_xwr68xx.aer4f : hwa.oer4f (.text:HWA_setDMA2ACCManualTrig)
                  00020e86    00000002     --HOLE-- [fill = 0]
                  00020e88    0000003a     libosal_xwr68xx.aer4f : HwiP_tirtos.oer4f (.text:HwiP_delete)
                  00020ec2    00000038     libcbuff_xwr68xx.aer4f : cbuff_transfer.oer4f (.text:CBUFF_addUserBufferLLEntry)
                  00020efa    00000038                            : cbuff_transfer.oer4f (.text:CBUFF_setupHeader)
                  00020f32    00000002     --HOLE-- [fill = 0]
                  00020f34    00000038     libcli_xwr68xx.aer4f : cli_mmwave.oer4f (.text:CLI_MMWaveExtensionInit)
                  00020f6c    00000038     libdpm_xwr68xx.aer4f : dpm_core.oer4f (.text:DPM_notifyExecute)
                  00020fa4    00000038     libedma_xwr68xx.aer4f : edma_low_level.oer4f (.text:EDMA3ClrMissEvt)
                  00020fdc    00000038     data_path.oer4f (.text:MmwDemo_EDMA_errorCallbackFxn)
                  00021014    00000038     data_path.oer4f (.text:MmwDemo_EDMA_transferControllerErrorCallbackFxn)
                  0002104c    00000038     libuart_xwr68xx.aer4f : UART.oer4f (.text:UART_init)
                  00021084    00000036     libmmwavelink_xwr68xx.aer4f : rl_controller.oer4f (.text:rlAppendSubBlock)
                  000210ba    00000036     rtsv7R4_T_le_v3D16_eabi.lib : strncpy.c.obj (.text:strncpy)
                  000210f0    00000034     libadcbuf_xwr68xx.aer4f : ADCBuf.oer4f (.text:ADCBuf_open)
                  00021124    00000034     libedma_xwr68xx.aer4f : edma.oer4f (.text:EDMA_configTransferControllerError)
                  00021158    00000034     libhwa_xwr68xx.aer4f : hwa.oer4f (.text:HWA_disableDoneInterrupt)
                  0002118c    00000034     libmmwave_xwr68xx.aer4f : mmwave_link.oer4f (.text:MMWave_mboxWrite)
                  000211c0    00000034     libsoc_xwr68xx.aer4f : soc_xwr68xx.oer4f (.text:SOC_enableHWA)
                  000211f4    00000034                          : soc_xwr68xx_mss.oer4f (.text:SOC_hasDSPCore)
                  00021228    00000034                          : soc_xwr68xx.oer4f (.text:SOC_setMMWaveDSSLinkState)
                  0002125c    00000034                          : soc_xwr68xx.oer4f (.text:SOC_setMMWaveMSSLinkState)
                  00021290    00000034                          : soc_xwr68xx.oer4f (.text:SOC_setMSSLinkState)
                  000212c4    00000034     libuart_xwr68xx.aer4f : UART.oer4f (.text:UART_open)
                  000212f8    00000034     rtsv7R4_T_le_v3D16_eabi.lib : fopen.c.obj (.text:__TI_cleanup)
                  0002132c    00000034                                 : trgmsg.c.obj (.text:__TI_readmsg)
                  00021360    00000034                                 : getdevice.c.obj (.text:finddevice)
                  00021394    0000000a     libdpm_xwr68xx.aer4f : dpm_core.oer4f (.text:DPM_chirpISR)
                  0002139e    00000002     --HOLE-- [fill = 0]
                  000213a0    00000034     sysbios.aer4ft : BIOS.obj (.text:ti_sysbios_family_arm_a15_TimestampProvider_get64__E)
                  000213d4    00000034     mmw_per4ft.oer4ft (.text:ti_sysbios_knl_Semaphore_create)
                  00021408    00000032     libcfarcaproc_hwa_xwr68xx.aer4f : cfarcaprochwa.oer4f (.text:CFARHWA_fovConvertRange)
                  0002143a    00000002     --HOLE-- [fill = 0]
                  0002143c    00000032     libcrc_xwr68xx.aer4f : crc.oer4f (.text:CRC_getCRCDataSelectBitValue)
                  0002146e    00000002     --HOLE-- [fill = 0]
                  00021470    00000032                          : crc.oer4f (.text:CRC_getCRCTypeBitValue)
                  000214a2    00000032     libedma_xwr68xx.aer4f : edma.oer4f (.text:EDMA_configQueueThreshold)
                  000214d4    00000032     libhwa_xwr68xx.aer4f : hwa.oer4f (.text:HWA_allParamDoneISR)
                  00021506    0000000a     libdpm_xwr68xx.aer4f : dpm_core.oer4f (.text:DPM_frameStartISR)
                  00021510    00000032     sysbios.aer4ft : BIOS.obj (.text:ti_sysbios_hal_Hwi_initStack)
                  00021542    00000002     --HOLE-- [fill = 0]
                  00021544    00000030     libadcbuf_xwr68xx.aer4f : ADCBuf.oer4f (.text:ADCBuf_init)
                  00021574    00000030     libcbuff_xwr68xx.aer4f : cbuff_transfer.oer4f (.text:CBUFF_addCQLLEntry)
                  000215a4    00000030     libmmwave_xwr68xx.aer4f : mmwave_listlib.oer4f (.text:MMWave_listRemoveNode)
                  000215d4    00000030     libsoc_xwr68xx.aer4f : soc.oer4f (.text:SOC_getDevicePartNumber)
                  00021604    00000030                          : soc_xwr68xx_mss.oer4f (.text:SOC_isSecureDevice)
                  00021634    00000030     rtsv7R4_T_le_v3D16_eabi.lib : vsnprintf.c.obj (.text:_outs)
                  00021664    00000030     libmmwavelink_xwr68xx.aer4f : rl_sensor.oer4f (.text:rlSensorStart)
                  00021694    00000030     mmw_per4ft.oer4ft (.text:ti_sysbios_BIOS_startFunc__I)
                  000216c4    0000000a     libosal_xwr68xx.aer4f : MemoryP_tirtos.oer4f (.text:MemoryP_ctrlFree)
                  000216ce    00000002     --HOLE-- [fill = 0]
                  000216d0    00000030     sysbios.aer4ft : BIOS.obj (.text:ti_sysbios_family_arm_TaskSupport_start__E)
                  00021700    00000030     mmw_per4ft.oer4ft (.text:ti_sysbios_gates_GateHwi_Object__create__S)
                  00021730    00000030     mmw_per4ft.oer4ft (.text:ti_sysbios_gates_GateMutex_Object__create__S)
                  00021760    00000030     mmw_per4ft.oer4ft (.text:ti_sysbios_heaps_HeapMem_Object__create__S)
                  00021790    00000030     sysbios.aer4ft : BIOS.obj (.text:ti_sysbios_heaps_HeapMem_free__E)
                  000217c0    00000030     mmw_per4ft.oer4ft (.text:ti_sysbios_knl_Semaphore_construct)
                  000217f0    0000002f     sysbios.aer4ft : BIOS.obj (.text:xdc_runtime_Text_printVisFxn__I)
                  0002181f    00000001     --HOLE-- [fill = 0]
                  00021820    0000002e     libcfarcaproc_hwa_xwr68xx.aer4f : cfarcaprochwa.oer4f (.text:CFARHWA_triggerCFAR)
                  0002184e    0000002e     libdpm_xwr68xx.aer4f : dpm_msg.oer4f (.text:DPM_msgStartHandler)
                  0002187c    0000002e     objectdetection.oer4f (.text:_DPC_Objdet_Assert)
                  000218aa    00000006     libdpm_xwr68xx.aer4f : dpm_mailbox.oer4f (.text:DPM_mboxSynch)
                  000218b0    0000002e     sysbios.aer4ft : BIOS.obj (.text:ti_sysbios_knl_Semaphore_pendTimeout__I)
                  000218de    0000002e     mmw_per4ft.oer4ft (.text:ti_sysbios_rts_MemAlloc_alloc)
                  0002190c    0000002c     libdpm_xwr68xx.aer4f : dpm_pipe.oer4f (.text:DPM_pipeInit)
[...]
000248e4  ti_sysbios_knl_Task_LD_block__C                                      
000248e8  ti_sysbios_knl_Task_LD_exit__C                                       
000248ec  ti_sysbios_knl_Task_LD_ready__C                                      
000248f0  ti_sysbios_knl_Task_LM_sleep__C                                      
000248f4  ti_sysbios_knl_Task_LM_switch__C                                     
000248f8  ti_sysbios_knl_Task_Module_State_inactiveQ__O                        
000248fc  ti_sysbios_knl_Task_Module__diagsEnabled__C                          
00024900  ti_sysbios_knl_Task_Module__diagsIncluded__C                         
00024904  ti_sysbios_knl_Task_Module__diagsMask__C                             
00024908  ti_sysbios_knl_Task_Module__loggerFxn2__C                            
0002490c  ti_sysbios_knl_Task_Module__loggerFxn4__C                            
00024910  ti_sysbios_knl_Task_Module__loggerObj__C                             
00024914  ti_sysbios_knl_Task_Object__count__C                                 
00024918  ti_sysbios_knl_Task_Object__heap__C                                  
0002491c  ti_sysbios_knl_Task_allBlockedFunc__C                                
00024920  ti_sysbios_knl_Task_defaultStackHeap__C                              
00024924  ti_sysbios_knl_Task_defaultStackSize__C                              
00024928  ti_sysbios_knl_Task_numConstructedTasks__C                           
0002492c  ti_sysbios_timers_rti_Timer_E_cannotSupport__C                       
00024930  ti_sysbios_timers_rti_Timer_Module__diagsEnabled__C                  
00024934  ti_sysbios_timers_rti_Timer_Module__diagsIncluded__C                 
00024938  ti_sysbios_timers_rti_Timer_Module__diagsMask__C                     
0002493c  ti_sysbios_timers_rti_Timer_numTimerDevices__C                       
00024940  ti_sysbios_timers_rti_Timer_startupNeeded__C                         
00024944  ti_sysbios_utils_Load_LS_cpuLoad__C                                  
00024948  ti_sysbios_utils_Load_LS_taskLoad__C                                 
0002494c  ti_sysbios_utils_Load_Module_State_taskList__O                       
00024950  ti_sysbios_utils_Load_Module__diagsEnabled__C                        
00024954  ti_sysbios_utils_Load_Module__diagsIncluded__C                       
00024958  ti_sysbios_utils_Load_Module__diagsMask__C                           
0002495c  ti_sysbios_utils_Load_Module__loggerFxn1__C                          
00024960  ti_sysbios_utils_Load_Module__loggerFxn4__C                          
00024964  ti_sysbios_utils_Load_Module__loggerObj__C                           
00024968  ti_sysbios_utils_Load_postUpdate__C                                  
0002496c  ti_sysbios_utils_Load_windowInMs__C                                  
00024970  xdc_runtime_Assert_E_assertFailed__C                                 
00024974  xdc_runtime_Core_A_initializedParams__C                              
00024978  xdc_runtime_Core_Module__diagsEnabled__C                             
0002497c  xdc_runtime_Core_Module__diagsIncluded__C                            
00024980  xdc_runtime_Core_Module__diagsMask__C                                
00024984  xdc_runtime_Error_E_memory__C                                        
00024988  xdc_runtime_Error_Module__diagsEnabled__C                            
0002498c  xdc_runtime_Error_Module__diagsIncluded__C                           
00024990  xdc_runtime_Error_Module__diagsMask__C                               
00024994  xdc_runtime_Error_Module__loggerFxn8__C                              
00024998  xdc_runtime_Error_Module__loggerObj__C                               
0002499c  xdc_runtime_Error_policyFxn__C                                       
000249a0  xdc_runtime_Error_policy__C                                          
000249a4  xdc_runtime_Error_raiseHook__C                                       
000249a8  xdc_runtime_IFilterLogger_Interface__BASE__C                         
000249ac  xdc_runtime_IGateProvider_Interface__BASE__C                         
000249b0  xdc_runtime_IHeap_Interface__BASE__C                                 
000249b4  xdc_runtime_ILogger_Interface__BASE__C                               
000249b8  xdc_runtime_IModule_Interface__BASE__C                               
000249bc  xdc_runtime_Log_L_error__C                                           
000249c0  xdc_runtime_LoggerBuf_E_badLevel__C                                  
000249c4  xdc_runtime_LoggerBuf_Module__gateObj__C                             
000249c8  xdc_runtime_LoggerBuf_Object__count__C                               
000249cc  xdc_runtime_LoggerBuf_statusLogger__C                                
000249d0  xdc_runtime_Main_Module__diagsEnabled__C                             
000249d4  xdc_runtime_Main_Module__diagsIncluded__C                            
000249d8  xdc_runtime_Main_Module__diagsMask__C                                
000249dc  xdc_runtime_Main_Module__loggerFxn1__C                               
000249e0  xdc_runtime_Main_Module__loggerFxn2__C                               
000249e4  xdc_runtime_Main_Module__loggerFxn4__C                               
000249e8  xdc_runtime_Main_Module__loggerObj__C                                
000249ec  xdc_runtime_Memory_defaultHeapInstance__C                            
000249f0  xdc_runtime_Startup_execImpl__C                                      
000249f4  xdc_runtime_Startup_maxPasses__C                                     
000249f8  xdc_runtime_Startup_sfxnRts__C                                       
000249fc  xdc_runtime_Startup_sfxnTab__C                                       
00024a00  xdc_runtime_System_Module__gateObj__C                                
00024a04  xdc_runtime_System_abortFxn__C                                       
00024a08  xdc_runtime_System_exitFxn__C                                        
00024a0c  xdc_runtime_System_extendFxn__C                                      
00024a10  xdc_runtime_System_maxAtexitHandlers__C                              
00024a14  xdc_runtime_Text_charTab__C                                          
00024a18  xdc_runtime_Text_nameEmpty__C                                        
00024a1c  xdc_runtime_Text_nameStatic__C                                       
00024a20  xdc_runtime_Text_nameUnknown__C                                      
00024a24  xdc_runtime_Text_visitRopeFxn__C                                     
00024a28  ti_sysbios_family_arm_v7r_tms570_Core_Module__id__C                  
00024a2a  ti_sysbios_family_arm_v7r_vim_Hwi_Module__id__C                      
00024a2c  ti_sysbios_family_arm_v7r_vim_Hwi_Module__loggerDefined__C           
00024a2e  ti_sysbios_gates_GateMutex_Module__id__C                             
00024a30  ti_sysbios_hal_Hwi_Module__id__C                                     
00024a32  ti_sysbios_heaps_HeapMem_Module__id__C                               
00024a34  ti_sysbios_knl_Clock_Module__id__C                                   
00024a36  ti_sysbios_knl_Clock_Module__loggerDefined__C                        
00024a38  ti_sysbios_knl_Semaphore_Module__id__C                               
00024a3a  ti_sysbios_knl_Semaphore_Module__loggerDefined__C                    
00024a3c  ti_sysbios_knl_Task_Module__id__C                                    
00024a3e  ti_sysbios_knl_Task_Module__loggerDefined__C                         
00024a40  ti_sysbios_timers_rti_Timer_Module__id__C                            
00024a42  ti_sysbios_timers_rti_Timer_continueOnSuspend__C                     
00024a44  ti_sysbios_utils_Load_Module__id__C                                  
00024a46  ti_sysbios_utils_Load_Module__loggerDefined__C                       
00024a48  ti_sysbios_utils_Load_autoAddTasks__C                                
00024a4a  ti_sysbios_utils_Load_updateInIdle__C                                
00024a4c  xdc_runtime_Core_Module__id__C                                       
00024a4e  xdc_runtime_Error_Module__loggerDefined__C                           
00024a50  xdc_runtime_Error_maxDepth__C                                        
00024a52  xdc_runtime_LoggerBuf_Module__id__C                                  
00024a54  xdc_runtime_LoggerBuf_filterByLevel__C                               
00024a56  xdc_runtime_Main_Module__id__C                                       
00024a58  xdc_runtime_Main_Module__loggerDefined__C                            
00024a5a  xdc_runtime_Memory_Module__id__C                                     
00024a5c  xdc_runtime_Text_charCnt__C                                          
00024a5e  xdc_runtime_Text_isLoaded__C                                         
00024a60  xdc_runtime_Text_registryModsLastId__C                               
00024a62  xdc_runtime_Text_unnamedModsLastId__C                                
00024a68  __TI_static_base__                                                   
00024f38  __TI_Handler_Table_Base                                              
00024f44  __TI_Handler_Table_Limit                                             
00024f70  __TI_CINIT_Base                                                      
00024fa0  __TI_CINIT_Limit                                                     
08000000  ti_sysbios_heaps_HeapMem_Instance_State_0_buf__A                     
08010000  gDPC_ObjDetTCM                                                       
0801c400  xdc_runtime_LoggerBuf_Instance_State_0_entryArr__A                   
0801dd00  ti_sysbios_family_arm_exc_Exception_Module_State_0_excStack_0__A     
0801ed00  edmaDbg                                                              
0801f1e8  ti_sysbios_knl_Task_Instance_State_0_stack__A                        
0801f508  gCLI                                                                 
0801f6b0  gGPIOMCB                                                             
0801f844  __CIOBUF_                                                            
0801f964  gMMWave_MCB                                                          
0801fa64  __TI_tmpnams                                                         
0801fb04  gObjDetObj                                                           
0801fb08  gHSIHeaderMCB                                                        
0801fb98  gEsmMCB                                                              
0801fc08  gMMWave_DualcoreMCB                                                  
0801fc10  parmbuf                                                              
0801fc18  ti_sysbios_knl_Task_Instance_State_0_hookEnv__A                      
0801fc20  gRFLdoBypassCfg                                                      
0801fc28  gMmwMCB                                                              
08020408  rl_txMsg                                                             
08020508  rl_rxMsg                                                             
080207f0  gCLI_mmwave_freq_scale_factor                                        
080207f8  gCLIMMWaveOpenCfg                                                    
08020820  gCLIMMWaveExtensionTable                                             
080208c8  gCLIMMWaveControlCfg                                                 
08020994  partInfoStringArray                                                  
08020a98  ti_sysbios_family_arm_v7r_vim_Hwi_Module_State_0_dispatchTable__A    
08020c98  _ftable                                                              
08020d88  ti_sysbios_utils_Load_Module__state__V                               
08020e20  ti_sysbios_knl_Task_Module_State_0_readyQ__A                         
08020ea0  _device                                                              
08020f18  gCBUFFHwAttribute                                                    
08020f90  ti_sysbios_knl_Task_Object__table__V                                 
08020fec  gUartSciHwCfg                                                        
08021044  _stream                                                              
08021094  gMailboxMCB                                                          
080210e4  ti_sysbios_knl_Task_Module__state__V                                 
0802112c  SOC_TranslateAddr_LUT                                                
0802116c  ti_sysbios_gates_GateMutex_Object__table__V                          
080211ac  ti_sysbios_timers_rti_Timer_Object__table__V                         
080211e8  gCBUFFInterfaceFxn                                                   
08021220  ti_sysbios_family_arm_v7r_vim_Hwi_Module__state__V                   
08021254  gHWAHwCfg                                                            
08021284  ti_sysbios_family_arm_v7r_vim_Hwi_Object__table__V                   
080212b0  ti_sysbios_knl_Clock_Module__state__V                                
080212dc  gUartSciFxnTable                                                     
08021304  UART_config                                                          
08021328  gDPC_ObjectDetectionCfg                                              
0802134c  ti_sysbios_BIOS_Module__state__V                                     
08021370  xdc_runtime_LoggerBuf_Object__table__V                               
08021394  ti_sysbios_knl_Clock_Object__table__V                                
080213b4  xdc_runtime_Error_IgnoreBlock                                        
080213d4  xdc_runtime_System_Module_State_0_atexitHandlers__A                  
080213f4  gAntDef_default                                                      
08021410  ti_sysbios_utils_Load_Module_State_0_taskEnv__A                      
0802142c  ADCBuf_config                                                        
08021444  gInterleavedTransferFxn                                              
0802145c  gMailboxMssBssHwCfg                                                  
08021474  gMailboxMssDssHwCfg                                                  
0802148c  gMultipleChirpNonInterleavedTransferFxn                              
080214a4  gNonInterleavedTransferFxn                                           
080214bc  ti_sysbios_heaps_HeapMem_Object__table__V                            
080214d4  ti_sysbios_timers_rti_Timer_Module_State_0_device__A                 
080214ec  gDPMRemoteTable                                                      
08021500  gSOCHwAttrib                                                         
08021514  ti_sysbios_family_arm_exc_Exception_Module__state__V                 
08021528  gHwaEDMAChanMapping                                                  
08021538  __TI_ft_end                                                          
0802153c  __aeabi_stdin                                                        
08021540  __aeabi_stdout                                                       
08021544  __aeabi_stderr                                                       
08021548  ti_sysbios_timers_rti_Timer_Module_State_0_intFreqs__A               
08021558  ti_sysbios_timers_rti_Timer_Module__state__V                         
08021568  __TI_cleanup_ptr                                                     
0802156c  __TI_dtors_ptr                                                       
08021570  __TI_enable_exit_profile_output                                      
08021574  gESMHwCfgAttrs                                                       
08021580  ti_sysbios_family_arm_v7a_Pmu_Module__state__V                       
0802158c  ti_sysbios_knl_Task_Module__root__V                                  
08021598  _lock                                                                
0802159c  _unlock                                                              
080215a0  MmwDemo_RFParserHwCfg                                                
080215a8  gDPMHwAttrib                                                         
080215b0  gGPIOHwAtrrib                                                        
080215b8  ti_sysbios_family_arm_v7r_vim_Hwi_Module__root__V                    
080215c0  ti_sysbios_gates_GateHwi_Module__root__V                             
080215c8  ti_sysbios_gates_GateMutex_Module__root__V                           
080215d0  ti_sysbios_hal_Hwi_Object__table__V                                  
080215d8  ti_sysbios_heaps_HeapMem_Module__root__V                             
080215e0  ti_sysbios_knl_Queue_Module__root__V                                 
080215e8  ti_sysbios_knl_Semaphore_Module__root__V                             
080215f0  ti_sysbios_timers_rti_Timer_Module_State_0_handles__A                
080215f8  xdc_runtime_LoggerBuf_Module__root__V                                
08021600  xdc_runtime_Registry_Module__state__V                                
08021608  xdc_runtime_Startup_Module__state__V                                 
08021610  xdc_runtime_System_Module__state__V                                  
08021618  xdc_runtime_LoggerBuf_Module__state__V                               
0802161e  ti_sysbios_family_arm_exc_Exception_Module_State_0_excActive__A      
08021620  gHWADriverPtr                                                        
08021628  gCRCRegister                                                         
0802162c  gDPM                                                                 
08021630  regionId                                                             
08021634  gPinmuxRegs                                                          
0802163c  errno                                                                
08021640  main_func_sp                                                         
08021648  ti_sysbios_family_arm_a15_TimestampProvider_Module__state__V         
0802164c  ti_sysbios_family_arm_exc_Exception_Module_State_0_excContext__A     
08021650  ti_sysbios_family_arm_exc_Exception_Module_State_0_excStackBuffers__A
08021654  ti_sysbios_family_arm_exc_Exception_Module_State_0_excStack__A       
08021658  ti_sysbios_gates_GateHwi_Object__table__V                            
0802165c  ti_sysbios_heaps_HeapBuf_Module__state__V                            
08021660  ti_sysbios_knl_Task_Module_State_0_idleTask__A                       
08021664  ti_sysbios_utils_Load_Module_State_0_runningTask__A                  
08021668  ti_sysbios_utils_Load_Module_State_0_taskStartTime__A                
0802166c  xdc_runtime_Memory_Module__state__V                                  
08021670  xdc_runtime_Error_Module__state__V                                   
08021672  xdc_runtime_Main_Module__root__V                                     
08021678  ti_sysbios_family_arm_v7r_vim_Hwi_Module_State_0_fiqStack__A         
08021e78  __stack                                                              
08022328  __STACK_END                                                          
51000000  gMmwL3                                                               
fffffdec  ti_sysbios_family_arm_v7r_vim_Hwi_vim                                
ffffffff  __TI_pprof_out_hndl                                                  
ffffffff  __TI_prof_data_size                                                  
ffffffff  __TI_prof_data_start                                                 
ffffffff  __binit__                                                            
ffffffff  __c_args__                                                           
ffffffff  binit                                                                
UNDEFED   SHT$$INIT_ARRAY$$Base                                                
UNDEFED   SHT$$INIT_ARRAY$$Limit                                               

[1221 symbols]
