******************************************************************************
               TMS320C6x Linker PC v8.3.3                      
******************************************************************************
>> Linked Mon Mar 23 18:10:03 2020

OUTPUT FILE NAME:   <xwr68xx_mmw_demo_dss.xe674>
ENTRY POINT SYMBOL: "_c_int00"  address: 007fa920


MEMORY CONFIGURATION

         name            origin    length      used     unused   attr    fill
----------------------  --------  ---------  --------  --------  ----  --------
PAGE 0:
  L2SRAM_UMAP1          007e0000   00020000  0001f780  00000880  RWIX
  L2SRAM_UMAP0          00800000   00020000  0001b43c  00004bc4  RWIX
  L1PSRAM               00e00000   00004000  00000000  00004000  RWIX
  L1DSRAM               00f00000   00004000  00004000  00000000  RWIX
  L3SRAM                20000000   000c0000  000c0000  00000000  RWIX
  HWA_RAM               21030000   00010000  00000000  00010000  RWIX
  HSRAM                 21080000   00008000  00008000  00000000  RWIX

PAGE 1:
  L3SRAM                20000000   000c0000  00000000  000c0000  RWIX


SEGMENT ALLOCATION MAP

run origin  load origin   length   init length attrs members
----------  ----------- ---------- ----------- ----- -------
007e0000    007e0000    0001f780   0001f780    r-x
  007e0000    007e0000    00000200   00000200    r-x .vecs
  007e0200    007e0200    0001f580   0001f580    r-x .text
00800000    00800000    00016748   00000000    rw-
  00800000    00800000    0000c400   00000000    rw- .dpc_l2Heap
  0080c400    0080c400    00008000   00000000    rw- systemHeap
  00814400    00814400    00002344   00000000    rw- .far
  00816744    00816744    00000004   00000000    rw- .bss
00816748    00816748    00003468   00003468    r--
  00816748    00816748    00003468   00003468    r-- .const
00819bb0    00819bb0    000017c0   00000e9c    rw-
  00819bb0    00819bb0    00000e9c   00000e9c    rw- .fardata
  0081aa50    0081aa50    00000800   00000000    rw- .stack
  0081b250    0081b250    00000120   00000000    rw- .cio
0081b370    0081b370    000000c4   000000c4    r--
  0081b370    0081b370    000000c4   000000c4    r-- .switch
0081b434    0081b434    0000000c   0000000c    rw-
  0081b434    0081b434    0000000c   0000000c    rw- .neardata
00f00000    00f00000    00004000   00000000    rw-
  00f00000    00f00000    00004000   00000000    rw- .dpc_l1Heap
20000000    20000000    000c0000   00000000    rw-
  20000000    20000000    000c0000   00000000    rw- .l3ram
21080000    21080000    00008000   00000000    rw-
  21080000    21080000    00008000   00000000    rw- .demoSharedMem


SECTION ALLOCATION MAP

 output                                  attributes/
section   page    origin      length       input sections
--------  ----  ----------  ----------   ----------------
.vecs      0    007e0000    00000200     
                  007e0000    00000200     mmw_dss_pe674.oe674 (.vecs)

.text      0    007e0200    0001f580     
                  007e0200    00000ba0     sysbios.ae674 : BIOS.obj (.text:xdc_runtime_System_doPrint__I)
                  007e0da0    00000960     libaoaproc_dsp_xwr68xx.ae674 : aoaprocdsp.oe674 (.text:AoAProcDSP_processMultipleVirtualAntennas)
                  007e1700    00000800     objectdetection.oe674 (.text:DPC_ObjectDetection_ioctl)
                  007e1f00    00000780     sysbios.ae674 : BIOS.obj (.text:ti_sysbios_family_c64p_Exception_handler__I)
                  007e2680    00000740     objectdetection.oe674 (.text:DPC_ObjDetDSP_rangeBiasRxChPhaseMeasure)
                  007e2dc0    000006a0     sysbios.ae674 : BIOS.obj (.text:ti_sysbios_knl_Semaphore_pend__E)
                  007e3460    00000680                   : BIOS.obj (.text:ti_sysbios_heaps_HeapMem_allocUnprotected__E)
                  007e3ae0    00000660                   : BIOS.obj (.text:ti_sysbios_heaps_HeapMem_freeUnprotected__E)
                  007e4140    000005e0     rts6740_elf.lib : divd.c.obj (.text:__c6xabi_divd)
                  007e4720    000005c0     libdopplerproc_dsp_xwr68xx.ae674 : dopplerprocdsp.oe674 (.text:DPU_DopplerProcDSP_process)
                  007e4ce0    000005a0     sysbios.ae674 : BIOS.obj (.text:ti_sysbios_knl_Task_Instance_finalize__E)
                  007e5280    00000580     libmmwavealg_xwr68xx.ae674 : mmwavelib_peakpruning.oe674 (.text:mmwavelib_cfarPeakQualifiedInOrderPruning)
                  007e5800    00000540     libaoaproc_dsp_xwr68xx.ae674 : aoaprocdsp.oe674 (.text:DPU_AoAProcDSP_config)
                  007e5d40    00000500     libcfarcaproc_dsp_xwr68xx.ae674 : cfarcaprocdsp.oe674 (.text:CFARCADSP_cfarCadB_SOGO)
                  007e6240    000004e0                                     : cfarcaprocdsp.oe674 (.text:CFARCADSP_cfarCadBwrap)
                  007e6720    000004e0     objectdetection.oe674 (.text:DPC_ObjDetDSP_preStartConfig)
                  007e6c00    000004e0     libmmwavealg_xwr68xx.ae674 : mmwavelib_windowcoef_gen.oe674 (.text:mmwavelib_windowCoef_gen)
                  007e70e0    000004a0     libdopplerproc_dsp_xwr68xx.ae674 : dopplerprocdsp.oe674 (.text:DPU_DopplerProcDSP_config)
                  007e7580    00000480     objectdetection.oe674 (.text:DPC_ObjDetDSP_AoAconfig)
                  007e7a00    00000480     dss_main.oe674 (.text:MmwDemo_DPC_ObjectDetection_dpmTask)
                  007e7e80    00000440     libcfarcaproc_dsp_xwr68xx.ae674 : cfarcaprocdsp.oe674 (.text:CFARCADSP_processRangeDomain)
                  007e82c0    00000440     sysbios.ae674 : BIOS.obj (.text:ti_sysbios_knl_Task_Instance_init__E)
                  007e8700    00000420     libmailbox_xwr68xx.ae674 : mailbox.oe674 (.text:Mailbox_open)
                  007e8b20    00000400     libaoaproc_dsp_xwr68xx.ae674 : aoaprocdsp.oe674 (.text:AoAProcDSP_RangeAzimuthHeatmap)
                  007e8f20    000003e0     libmmwavealg_xwr68xx.ae674 : mmwavelib_peakpruning.oe674 (.text:mmwavelib_cfarPeakPruning)
                  007e9300    000003e0     sysbios.ae674 : BIOS.obj (.text:ti_sysbios_knl_Task_sleep__E)
                  007e96e0    000003e0                   : BIOS.obj (.text:ti_sysbios_utils_Load_updateThreadContexts__E)
                  007e9ac0    000003a0     libcfarcaproc_dsp_xwr68xx.ae674 : cfarcaprocdsp.oe674 (.text:DPU_CFARCAProcDSP_process)
                  007e9e60    00000380     dsplib.ae64P : DSP_fft32x32_sa.oe64P (.text:psa)
                  007ea1e0    00000360     libdpm_xwr68xx.ae674 : dpm_core.oe674 (.text:DPM_init)
                  007ea540    00000360                          : dpm_msg.oe674 (.text:DPM_msgRecv)
                  007ea8a0    00000340     libcfarcaproc_dsp_xwr68xx.ae674 : cfarcaprocdsp.oe674 (.text:CFARCADSP_processDopplerDomain)
                  007eabe0    00000300     sysbios.ae674 : BIOS.obj (.text:xdc_runtime_LoggerBuf_write8__E)
                  007eaee0    000002e0     rts6740_elf.lib : sin.c.obj (.text:sin)
                  007eb1c0    000002e0     sysbios.ae674 : BIOS.obj (.text:ti_sysbios_heaps_HeapMem_Instance_init__E)
                  007eb4a0    000002e0                   : BIOS.obj (.text:xdc_runtime_Core_createObject__I)
                  007eb780    000002c0     libaoaproc_dsp_xwr68xx.ae674 : aoaprocdsp.oe674 (.text:AoAProcDSP_dopplerCompensation)
                  007eba40    000002c0     objectdetection.oe674 (.text:DPC_ObjDetDSP_dopplerConfig)
                  007ebd00    000002c0     libedma_xwr68xx.ae674 : edma.oe674 (.text:EDMA_configChannel)
                  007ebfc0    000002c0                           : edma.oe674 (.text:EDMA_configErrorMonitoring)
                  007ec280    000002c0     sysbios.ae674 : BIOS.obj (.text:ti_sysbios_knl_Task_postInit__I)
                  007ec540    000002c0                   : BIOS.obj (.text:ti_sysbios_timers_rti_Timer_Module_startup__E)
                  007ec800    000002a0     libaoaproc_dsp_xwr68xx.ae674 : aoaprocdsp.oe674 (.text:AoAProcDSP_XYZestimation)
                  007ecaa0    000002a0                                  : aoaprocdsp.oe674 (.text:DPU_AoAProcDSP_control)
                  007ecd40    000002a0     libedma_xwr68xx.ae674 : edma.oe674 (.text:EDMA_open)
                  007ecfe0    000002a0     sysbios.ae674 : BIOS.obj (.text:ti_sysbios_family_c64p_EventCombiner_dispatch__E)
                  007ed280    000002a0                   : BIOS.obj (.text:ti_sysbios_timers_rti_Timer_getFreq__E)
                  007ed520    00000280     rts6740_elf.lib : divf.c.obj (.text:__c6xabi_divf)
                  007ed7a0    00000280     sysbios.ae674 : BIOS.obj (.text:ti_sysbios_family_c64p_Cache_Module_startup__E)
                  007eda20    00000280                   : BIOS.obj (.text:xdc_runtime_Startup_startMods__I)
                  007edca0    00000260     dss_main.oe674 (.text:MmwDemo_dssInitTask)
                  007edf00    00000260     rts6740_elf.lib : imath64.c.obj (.text:__c6xabi_divull)
                  007ee160    00000260     sysbios.ae674 : BIOS.obj (.text:ti_sysbios_gates_GateMutex_enter__E)
                  007ee3c0    00000240     objectdetection.oe674 (.text:DPC_ObjectDetection_execute)
                  007ee600    00000240     libcfarcaproc_dsp_xwr68xx.ae674 : cfarcaprocdsp.oe674 (.text:DPU_CFARCAProcDSP_config)
                  007ee840    00000240                                     : cfarcaprocdsp.oe674 (.text:DPU_CFARCAProcDSP_control)
                  007eea80    00000240     sysbios.ae674 : BIOS.obj (.text:ti_sysbios_family_c64p_Exception_internalHandler__I)
                  007eecc0    00000240                   : BIOS.obj (.text:xdc_runtime_Error_policyDefault__E)
                  007eef00    00000240     mmw_dss_pe674.oe674 (.text:xdc_runtime_System_printfExtend__I)
                  007ef140    00000220     libedma_xwr68xx.ae674 : edma.oe674 (.text:EDMA_transferComplete_isr)
                  007ef360    00000220     libmailbox_xwr68xx.ae674 : mailbox.oe674 (.text:Mailbox_write)
                  007ef580    00000220     sysbios.ae674 : BIOS.obj (.text:ti_sysbios_family_c64p_EventCombiner_dispatchPlug__E)
                  007ef7a0    00000220                   : BIOS.obj (.text:ti_sysbios_family_c64p_EventCombiner_enableEvent__E)
                  007ef9c0    00000220                   : BIOS.obj (.text:xdc_runtime_LoggerBuf_write4__E)
                  007efbe0    00000200     objectdetection.oe674 (.text:DPC_ObjDetDSP_CFARCAconfig)
                  007efde0    00000200     libdpm_xwr68xx.ae674 : dpm_msg.oe674 (.text:DPM_msgResultHandler)
                  007effe0    00000200     libaoaproc_dsp_xwr68xx.ae674 : aoaprocdsp.oe674 (.text:DPU_AoAProcDSP_process)
                  007f01e0    00000200     sysbios.ae674 : c64p_Hwi_disp_always.obj (.text:_ti_sysbios_family_c64p_Hwi_dispatchAlways)
                  007f03e0    00000200     rts6740_elf.lib : atan.c.obj (.text:atan)
                  007f05e0    00000200     libmmwavealg_xwr68xx.ae674 : mmwavelib_log2abs.oe674 (.text:mmwavelib_log2Abs32)
                  007f07e0    00000200     sysbios.ae674 : BIOS.obj (.text:ti_sysbios_family_c64p_EventCombiner_disableEvent__E)
                  007f09e0    00000200                   : BIOS.obj (.text:ti_sysbios_utils_Load_idleFxn__E)
                  007f0be0    00000200                   : BIOS.obj (.text:xdc_runtime_Core_constructObject__I)
                  007f0de0    000001e0     objectdetection.oe674 (.text:DPC_ObjectDetection_init)
                  007f0fc0    000001e0     libedma_xwr68xx.ae674 : edma.oe674 (.text:EDMA_init)
                  007f11a0    000001e0     libmmwavealg_xwr68xx.ae674 : mmwavelib_ffttwiddle_gen.oe674 (.text:mmwavelib_gen_twiddle_smallfft_32x32)
                  007f1380    000001e0     sysbios.ae674 : BIOS.obj (.text:ti_sysbios_knl_Semaphore_post__E)
                  007f1560    000001c0     libdpedma_hwa_xwr68xx.ae674 : dpedma.oe674 (.text:DPEDMA_configSyncAB)
                  007f1720    000001c0                                 : dpedma.oe674 (.text:DPEDMA_configSyncA_singleFrame)
                  007f18e0    000001c0     libmailbox_xwr68xx.ae674 : mailbox.oe674 (.text:Mailbox_read)
                  007f1aa0    000001c0     libsoc_xwr68xx.ae674 : soc.oe674 (.text:SOC_deregisterSysIntListener)
                  007f1c60    000001c0     rts6740_elf.lib : atan2.c.obj (.text:atan2)
                  007f1e20    000001c0                     : fputc.c.obj (.text:fputc)
                  007f1fe0    000001c0                     : frexp.c.obj (.text:frexp)
                  007f21a0    000001c0     libmmwavealg_xwr68xx.ae674 : mmwavelib_secondpeak.oe674 (.text:mmwavelib_secondPeakSearch)
                  007f2360    000001c0     rts6740_elf.lib : setvbuf.c.obj (.text:setvbuf)
                  007f2520    000001c0     sysbios.ae674 : BIOS.obj (.text:ti_sysbios_knl_Swi_restoreHwi__E)
                  007f26e0    000001c0                   : BIOS.obj (.text:ti_sysbios_knl_Task_checkStacks__E)
                  007f28a0    000001c0                   : BIOS.obj (.text:xdc_runtime_Text_putSite__E)
                  007f2a60    000001a0     libedma_xwr68xx.ae674 : edma.oe674 (.text:EDMA_paramConfig_assist)
                  007f2c00    000001a0     rts6740_elf.lib : hostrename.c.obj (.text:HOSTrename)
                  007f2da0    000001a0     sysbios.ae674 : BIOS.obj (.text:ti_sysbios_family_c64p_Cache_getL2InitSize__I)
                  007f2f40    000001a0                   : BIOS.obj (.text:ti_sysbios_heaps_HeapBuf_Module_startup__E)
                  007f30e0    000001a0                   : BIOS.obj (.text:ti_sysbios_knl_Swi_runLoop__I)
                  007f3280    000001a0                   : BIOS.obj (.text:ti_sysbios_knl_Task_exit__E)
                  007f3420    000001a0                   : BIOS.obj (.text:ti_sysbios_timers_rti_Timer_startup__E)
                  007f35c0    00000180     libdpm_xwr68xx.ae674 : dpm_core.oe674 (.text:DPM_deinit)
                  007f3740    00000180                          : dpm_core.oe674 (.text:DPM_ioctl)
                  007f38c0    00000180     dss_main.oe674 (.text:MmwDemo_sensorStopEpilog)
                  007f3a40    00000180     sysbios.ae674 : c64p_Exception_asm.obj (.text)
                  007f3bc0    00000180                   : BIOS.obj (.text:ti_sysbios_knl_Task_schedule__I)
                  007f3d40    00000180                   : BIOS.obj (.text:ti_sysbios_utils_Load_startup__E)
                  007f3ec0    00000160     libdpm_xwr68xx.ae674 : dpm_msg.oe674 (.text:DPM_msgResponseHandler)
                  007f4020    00000160     libedma_xwr68xx.ae674 : edma.oe674 (.text:EDMA_getErrorStatusInfo)
                  007f4180    00000160     libmailbox_xwr68xx.ae674 : mailbox.oe674 (.text:Mailbox_close)
                  007f42e0    00000160     libsoc_xwr68xx.ae674 : soc.oe674 (.text:SOC_registerSysIntListener)
                  007f4440    00000160                          : soc_xwr68xx.oe674 (.text:SOC_ungateClock)
                  007f45a0    00000160     rts6740_elf.lib : sqrt.c.obj (.text:sqrt)
                  007f4700    00000160     sysbios.ae674 : BIOS.obj (.text:ti_sysbios_family_c64p_Cache_getL1DInitSize__I)
                  007f4860    00000160                   : BIOS.obj (.text:ti_sysbios_family_c64p_Cache_getL1PInitSize__I)
                  007f49c0    00000160                   : BIOS.obj (.text:ti_sysbios_family_c64p_Hwi_Module_startup__E)
                  007f4b20    00000160                   : BIOS.obj (.text:xdc_runtime_Core_deleteObject__I)
                  007f4c80    00000160                   : BIOS.obj (.text:xdc_runtime_LoggerBuf_getFilterLevel__E)
                  007f4de0    00000160                   : BIOS.obj (.text:xdc_runtime_LoggerBuf_setFilterLevel__E)
                  007f4f40    00000140     libaoaproc_dsp_xwr68xx.ae674 : aoaprocdsp.oe674 (.text:AoAProcDSP_ConvertFov)
                  007f5080    00000140     libedma_xwr68xx.ae674 : edma_low_level.oe674 (.text:EDMA3Init)
                  007f51c0    00000140                           : edma.oe674 (.text:EDMA_clearErrors)
                  007f5300    00000140     libsoc_xwr68xx.ae674 : soc.oe674 (.text:SOC_init)
                  007f5440    00000140     sysbios.ae674 : BIOS.obj (.text:ti_sysbios_knl_Semaphore_Instance_init__E)
                  007f5580    00000140                   : BIOS.obj (.text:ti_sysbios_knl_Task_Module_startup__E)
                  007f56c0    00000140                   : BIOS.obj (.text:ti_sysbios_knl_Task_startCore__E)
                  007f5800    00000140                   : BIOS.obj (.text:ti_sysbios_timers_rti_Timer_initDevice__I)
                  007f5940    00000140                   : BIOS.obj (.text:ti_sysbios_utils_Load_addTask__E)
                  007f5a80    00000140                   : BIOS.obj (.text:ti_sysbios_utils_Load_updateLoads__E)
                  007f5bc0    00000140                   : BIOS.obj (.text:xdc_runtime_Memory_alloc__E)
                  007f5d00    00000140                   : BIOS.obj (.text:xdc_runtime_Text_putLab__E)
                  007f5e40    00000140                   : BIOS.obj (.text:xdc_runtime_Text_putMod__E)
                  007f5f80    00000140                   : BIOS.obj (.text:xdc_runtime_Text_visitRope2__I)
                  007f60c0    00000120     objectdetection.oe674 (.text:DPC_ObjDetDSP_GetRxChPhaseComp)
                  007f61e0    00000120     libdpm_xwr68xx.ae674 : dpm_msg.oe674 (.text:DPM_msgDPCCfgHandler)
                  007f6300    00000120     libedma_xwr68xx.ae674 : edma.oe674 (.text:EDMA_configParamSet)
                  007f6420    00000120     dss_main.oe674 (.text:MmwDemo_DPC_ObjectDetection_reportFxn)
                  007f6540    00000120     boot.ae674 : autoinit.oe674 (.text:_auto_init_elf)
                  007f6660    00000120     rts6740_elf.lib : getdevice.c.obj (.text:getdevice)
                  007f6780    00000120     mathlib.ae674 : cossp.oe674 (.text:optasm)
                  007f68a0    00000120                   : sinsp.oe674 (.text:optasm)
                  007f69c0    00000120     sysbios.ae674 : BIOS.obj (.text:ti_sysbios_knl_Clock_workFunc__E)
                  007f6ae0    00000120                   : BIOS.obj (.text:ti_sysbios_timers_rti_Timer_setPeriodMicroSecs__E)
                  007f6c00    00000120                   : BIOS.obj (.text:ti_sysbios_utils_Load_taskCreateHook__E)
                  007f6d20    00000120                   : BIOS.obj (.text:ti_sysbios_utils_Load_taskDeleteHook__E)
                  007f6e40    00000100     libmailbox_xwr68xx.ae674 : mailbox.oe674 (.text:Mailbox_readFlush)
                  007f6f40    00000100     libsoc_xwr68xx.ae674 : soc_xwr68xx_dss.oe674 (.text:SOC_deviceInit)
                  007f7040    00000100                          : soc_xwr68xx.oe674 (.text:SOC_translateAddress)
                  007f7140    00000100     rts6740_elf.lib : fclose.c.obj (.text:__TI_closefile)
                  007f7240    00000100                     : fflush.c.obj (.text:fflush)
                  007f7340    00000100                     : fseek.c.obj (.text:fseek)
                  007f7440    00000100     dss_main.oe674 (.text:main)
                  007f7540    00000100     libmmwavealg_xwr68xx.ae674 : mmwavelib_dftsinglebin.oe674 (.text:mmwavelib_dftSinCosTabelGen)
                  007f7640    00000100     sysbios.ae674 : BIOS.obj (.text:xdc_runtime_Error_print__E)
                  007f7740    00000100                   : BIOS.obj (.text:xdc_runtime_Startup_exec__E)
                  007f7840    000000e0     libdpm_xwr68xx.ae674 : dpm_core.oe674 (.text:DPM_execute)
                  007f7920    000000e0                          : dpm_pipe.oe674 (.text:DPM_pipeSend)
                  007f7a00    000000e0     libedma_xwr68xx.ae674 : edma.oe674 (.text:EDMA_isTransferComplete)
                  007f7ae0    000000e0                           : edma.oe674 (.text:EDMA_transferController_error_isr)
                  007f7bc0    000000e0     rts6740_elf.lib : hostlseek.c.obj (.text:HOSTlseek)
                  007f7ca0    000000e0                     : hostopen.c.obj (.text:HOSTopen)
                  007f7d80    000000e0                     : hostwrite.c.obj (.text:HOSTwrite)
                  007f7e60    000000e0     libmailbox_xwr68xx.ae674 : mailbox.oe674 (.text:Mailbox_boxFullISRMssDss)
                  007f7f40    000000e0                              : mailbox.oe674 (.text:Mailbox_init)
                  007f8020    000000e0     rts6740_elf.lib : _io_perm.c.obj (.text:__TI_wrt_ok)
                  007f8100    000000e0                     : divi.asm.obj (.text:__divi)
                  007f81e0    000000e0                     : close.c.obj (.text:close)
                  007f82c0    000000e0                     : exit.c.obj (.text:exit)
                  007f83a0    000000e0                     : memset.c.obj (.text:memset)
                  007f8480    000000e0     sysbios.ae674 : BIOS.obj (.text:ti_sysbios_utils_Load_updateCurrentThreadTime__E)
                  007f8560    000000c0     libaoaproc_dsp_xwr68xx.ae674 : aoaprocdsp.oe674 (.text:AoAProcDSP_computeHeatMapVal)
                  007f8620    000000c0     libcfarcaproc_dsp_xwr68xx.ae674 : cfarcaprocdsp.oe674 (.text:CFARCADSP_saveConfiguration)
                  007f86e0    000000c0     objectdetection.oe674 (.text:DPC_ObjDetDSP_reconfigSubFrame)
                  007f87a0    000000c0     objectdetection.oe674 (.text:DPC_ObjectDetection_deinit)
                  007f8860    000000c0     libdpm_xwr68xx.ae674 : dpm_mailbox.oe674 (.text:DPM_mboxRemoteMailboxCallbackFxn)
                  007f8920    000000c0                          : dpm_core.oe674 (.text:DPM_sendResult)
                  007f89e0    000000c0     libdopplerproc_dsp_xwr68xx.ae674 : dopplerprocdsp.oe674 (.text:DPU_DopplerProcDSP_log2AbsAccum)
                  007f8aa0    000000c0     libedma_xwr68xx.ae674 : edma.oe674 (.text:EDMA_error_isr)
                  007f8b60    000000c0                           : edma.oe674 (.text:EDMA_startDmaTransfer)
                  007f8c20    000000c0     rts6740_elf.lib : hostread.c.obj (.text:HOSTread)
                  007f8ce0    000000c0                     : hostunlink.c.obj (.text:HOSTunlink)
                  007f8da0    000000c0     libmailbox_xwr68xx.ae674 : mailbox.oe674 (.text:Mailbox_boxFullISRProcessing)
                  007f8e60    000000c0     dss_main.oe674 (.text:MmwDemo_edmaOpen)
                  007f8f20    000000c0     objectdetection.oe674 (.text:_DPC_Objdet_Assert)
                  007f8fe0    000000c0     rts6740_elf.lib : fflush.c.obj (.text:__TI_doflush)
                  007f90a0    000000c0                     : divu.asm.obj (.text:__divu)
                  007f9160    000000c0     libmmwavealg_xwr68xx.ae674 : mmwavelib_maxpow.oe674 (.text:mmwavelib_maxpow)
                  007f9220    000000c0                                : mmwavelib_maxpow.oe674 (.text:mmwavelib_powerAndMax)
                  007f92e0    000000c0     rts6740_elf.lib : modf.c.obj (.text:modf)
                  007f93a0    000000c0     sysbios.ae674 : BIOS.obj (.text:ti_sysbios_family_c64p_Hwi_dispatchCore__I)
                  007f9460    000000c0                   : BIOS.obj (.text:ti_sysbios_heaps_HeapMem_alloc__E)
                  007f9520    000000c0                   : BIOS.obj (.text:ti_sysbios_heaps_HeapMem_getStats__E)
                  007f95e0    000000c0                   : BIOS.obj (.text:ti_sysbios_knl_Swi_schedule__I)
                  007f96a0    000000c0                   : BIOS.obj (.text:ti_sysbios_knl_Task_allBlockedFunction__I)
                  007f9760    000000c0     mmw_dss_pe674.oe674 (.text:ti_sysbios_knl_Task_create)
                  007f9820    000000c0     sysbios.ae674 : BIOS.obj (.text:ti_sysbios_knl_Task_stat__E)
                  007f98e0    000000c0                   : BIOS.obj (.text:ti_sysbios_utils_Load_taskSwitchHook__E)
                  007f99a0    000000c0     rts6740_elf.lib : tls.c.obj (.text:tls:init:__TI_tls_init)
                  007f9a60    000000c0     sysbios.ae674 : BIOS.obj (.text:xdc_runtime_Assert_raise__I)
                  007f9b20    000000c0                   : BIOS.obj (.text:xdc_runtime_LoggerBuf_Instance_init__E)
                  007f9be0    000000c0     mmw_dss_pe674.oe674 (.text:xdc_runtime_LoggerBuf_Object__create__S)
                  007f9ca0    000000a0     libcfarcaproc_dsp_xwr68xx.ae674 : cfarcaprocdsp.oe674 (.text:CFARCADSP_configEDMARangeDomain)
                  007f9d40    000000a0                                     : cfarcaprocdsp.oe674 (.text:CFARCADSP_fovConvertDoppler)
                  007f9de0    000000a0     objectdetection.oe674 (.text:DPC_ObjDetDSP_GenDopplerWindow)
                  007f9e80    000000a0     objectdetection.oe674 (.text:DPC_ObjectDetection_frameStart)
                  007f9f20    000000a0     objectdetection.oe674 (.text:DPC_ObjectDetection_start)
                  007f9fc0    000000a0     libdpedma_hwa_xwr68xx.ae674 : dpedma.oe674 (.text:DPEDMA_setup_shadow_link)
                  007fa060    000000a0     libdpm_xwr68xx.ae674 : dpm_mailbox.oe674 (.text:DPM_mboxInit)
                  007fa100    000000a0                          : dpm_msg.oe674 (.text:DPM_msgStartHandler)
                  007fa1a0    000000a0                          : dpm_msg.oe674 (.text:DPM_msgStopHandler)
                  007fa240    000000a0                          : dpm_core.oe674 (.text:DPM_notifyExecute)
                  007fa2e0    000000a0                          : dpm_pipe.oe674 (.text:DPM_pipeRecv)
                  007fa380    000000a0     libedma_xwr68xx.ae674 : edma_low_level.oe674 (.text:EDMA3EnableChInShadowReg)
                  007fa420    000000a0                           : edma.oe674 (.text:EDMA_disableChannel)
                  007fa4c0    000000a0                           : edma.oe674 (.text:EDMA_enableChannel)
                  007fa560    000000a0     rts6740_elf.lib : hostclose.c.obj (.text:HOSTclose)
                  007fa600    000000a0     libmailbox_xwr68xx.ae674 : mailbox.oe674 (.text:Mailbox_boxEmptyISRProcessing)
                  007fa6a0    000000a0     libsoc_xwr68xx.ae674 : soc.oe674 (.text:SOC_SystemISR)
                  007fa740    000000a0     rts6740_elf.lib : fopen.c.obj (.text:__TI_cleanup)
                  007fa7e0    000000a0                     : round.c.obj (.text:__c6xabi_nround)
                  007fa880    000000a0                     : remu.asm.obj (.text:__remu)
                  007fa920    000000a0     boot.ae674 : boot.oe674 (.text:_c_int00)
                  007fa9c0    000000a0     rts6740_elf.lib : getdevice.c.obj (.text:finddevice)
                  007faa60    000000a0                     : memcpy64.asm.obj (.text:memcpy)
                  007fab00    000000a0     libmmwavealg_xwr68xx.ae674 : mmwavelib_vecsum.oe674 (.text:mmwavelib_vecsum)
                  007faba0    000000a0                                : mmwavelib_windowing.oe674 (.text:mmwavelib_windowing16x32_IQswap)
                  007fac40    000000a0     mathlib.ae674 : sqrtsp.oe674 (.text:optasm)
                  007face0    000000a0     sysbios.ae674 : BIOS.obj (.text:ti_sysbios_family_c64p_Exception_Module_startup__E)
                  007fad80    000000a0                   : BIOS.obj (.text:ti_sysbios_family_c64p_Hwi_dispatchC__I)
                  007fae20    000000a0                   : BIOS.obj (.text:ti_sysbios_family_c64p_Hwi_getStackInfo__E)
                  007faec0    000000a0                   : BIOS.obj (.text:ti_sysbios_hal_Hwi_checkStack)
                  007faf60    000000a0                   : BIOS.obj (.text:ti_sysbios_knl_Semaphore_pendTimeout__I)
                  007fb000    000000a0                   : BIOS.obj (.text:xdc_runtime_Core_assignLabel__I)
                  007fb0a0    000000a0                   : BIOS.obj (.text:xdc_runtime_Core_assignParams__I)
                  007fb140    000000a0                   : BIOS.obj (.text:xdc_runtime_LoggerBuf_Module_startup__E)
                  007fb1e0    000000a0                   : BIOS.obj (.text:xdc_runtime_System_atexit__E)
                  007fb280    000000a0                   : BIOS.obj (.text:xdc_runtime_System_exit__E)
                  007fb320    000000a0                   : BIOS.obj (.text:xdc_runtime_Text_printVisFxn__I)
                  007fb3c0    000000a0                   : BIOS.obj (.text:xdc_runtime_Text_xprintf__I)
                  007fb460    00000080     libaoaproc_dsp_xwr68xx.ae674 : aoaprocdsp.oe674 (.text:AoAProcDSP_waitInData)
                  007fb4e0    00000080     libcfarcaproc_dsp_xwr68xx.ae674 : cfarcaprocdsp.oe674 (.text:CFARCADSP_fovConvertRange)
                  007fb560    00000080     objectdetection.oe674 (.text:DPC_ObjectDetection_stop)
                  007fb5e0    00000080     libdpm_xwr68xx.ae674 : dpm_mailbox.oe674 (.text:DPM_mboxSendResult)
                  007fb660    00000080                          : dpm_pipe.oe674 (.text:DPM_pipeDeinit)
                  007fb6e0    00000080                          : dpm_pipe.oe674 (.text:DPM_pipeInit)
                  007fb760    00000080                          : dpm_core.oe674 (.text:DPM_synch)
                  007fb7e0    00000080     libcfarcaproc_dsp_xwr68xx.ae674 : cfarcaprocdsp.oe674 (.text:DPU_CFARCAProcDSP_init)
                  007fb860    00000080     libdopplerproc_dsp_xwr68xx.ae674 : dopplerprocdsp.oe674 (.text:DPU_DopplerProcDSP_control)
                  007fb8e0    00000080                                      : dopplerprocdsp.oe674 (.text:DPU_DopplerProcDSP_init)
                  007fb960    00000080     libedma_xwr68xx.ae674 : edma_low_level.oe674 (.text:EDMA3MapChToEvtQ)
                  007fb9e0    00000080                           : edma.oe674 (.text:EDMA_getTransferControllerErrorStatusInfo)
                  007fba60    00000080                           : edma.oe674 (.text:EDMA_linkParamSets)
                  007fbae0    00000080     libosal_xwr68xx.ae674 : SemaphoreP_tirtos.oe674 (.text:SemaphoreP_create)
                  007fbb60    00000080     rts6740_elf.lib : trgmsg.c.obj (.text:__TI_readmsg)
                  007fbbe0    00000080                     : llshift.c.obj (.text:__c6xabi_llshl)
                  007fbc60    00000080     sysbios.ae674 : c62_TaskSupport_asm.obj (.text:_ti_sysbios_family_c62_TaskSupport_swap__E)
                  007fbce0    00000080     mmw_dss_pe674.oe674 (.text:ti_sysbios_BIOS_atExitFunc__I)
                  007fbd60    00000080     mmw_dss_pe674.oe674 (.text:ti_sysbios_BIOS_registerRTSLock__I)
                  007fbde0    00000080     mmw_dss_pe674.oe674 (.text:ti_sysbios_gates_GateHwi_Object__create__S)
                  007fbe60    00000080     mmw_dss_pe674.oe674 (.text:ti_sysbios_gates_GateMutex_Object__create__S)
                  007fbee0    00000080     mmw_dss_pe674.oe674 (.text:ti_sysbios_heaps_HeapMem_Object__create__S)
                  007fbf60    00000080     sysbios.ae674 : BIOS.obj (.text:ti_sysbios_heaps_HeapMem_init__I)
                  007fbfe0    00000080     mmw_dss_pe674.oe674 (.text:ti_sysbios_knl_Clock_doTick__I)
                  007fc060    00000080     sysbios.ae674 : BIOS.obj (.text:ti_sysbios_knl_Idle_run__E)
                  007fc0e0    00000080     mmw_dss_pe674.oe674 (.text:ti_sysbios_knl_Semaphore_create)
                  007fc160    00000080     sysbios.ae674 : BIOS.obj (.text:ti_sysbios_knl_Swi_post__E)
                  007fc1e0    00000080                   : BIOS.obj (.text:ti_sysbios_knl_Swi_startup__E)
                  007fc260    00000080                   : BIOS.obj (.text:ti_sysbios_knl_Task_processVitalTaskFlag__I)
                  007fc2e0    00000080                   : BIOS.obj (.text:ti_sysbios_knl_Task_restore__E)
                  007fc360    00000080                   : BIOS.obj (.text:ti_sysbios_knl_Task_sleepTimeout__I)
                  007fc3e0    00000080     mmw_dss_pe674.oe674 (.text:ti_sysbios_rts_MemAlloc_alloc)
                  007fc460    00000080     sysbios.ae674 : BIOS.obj (.text:ti_sysbios_timers_rti_Timer_setPeriod__E)
                  007fc4e0    00000080                   : BIOS.obj (.text:ti_sysbios_timers_rti_Timer_stop__E)
                  007fc560    00000080     rts6740_elf.lib : unlink.c.obj (.text:unlink)
                  007fc5e0    00000080     sysbios.ae674 : BIOS.obj (.text:xdc_runtime_System_avprintf__E)
                  007fc660    00000080                   : BIOS.obj (.text:xdc_runtime_System_vprintf__E)
                  007fc6e0    00000060     libcfarcaproc_dsp_xwr68xx.ae674 : cfarcaprocdsp.oe674 (.text:CFARCADSP_waitEDMATransComplete)
                  007fc740    00000060     objectdetection.oe674 (.text:DPC_ObjDetDSP_MemPoolAlloc)
                  007fc7a0    00000060     libdpm_xwr68xx.ae674 : dpm_listlib.oe674 (.text:DPM_listCat)
                  007fc800    00000060                          : dpm_mailbox.oe674 (.text:DPM_mboxDeinit)
                  007fc860    00000060                          : dpm_msg.oe674 (.text:DPM_msgInitHeader)
                  007fc8c0    00000060     libaoaproc_dsp_xwr68xx.ae674 : aoaprocdsp.oe674 (.text:DPU_AoAProcDSP_deinit)
                  007fc920    00000060                                  : aoaprocdsp.oe674 (.text:DPU_AoAProcDSP_init)
                  007fc980    00000060     libcfarcaproc_dsp_xwr68xx.ae674 : cfarcaprocdsp.oe674 (.text:DPU_CFARCAProcDSP_deinit)
                  007fc9e0    00000060     libdopplerproc_dsp_xwr68xx.ae674 : dopplerprocdsp.oe674 (.text:DPU_DopplerProcDSP_deinit)
                  007fca40    00000060                                      : dopplerprocdsp.oe674 (.text:DPU_DopplerProcDSP_waitInData)
                  007fcaa0    00000060                                      : dopplerprocdsp.oe674 (.text:DPU_DopplerProcDSP_waitTransDetMatrix)
                  007fcb00    00000060     libedma_xwr68xx.ae674 : edma_low_level.oe674 (.text:EDMA3ClrEvt)
                  007fcb60    00000060                           : edma_low_level.oe674 (.text:EDMA3ClrIntr)
                  007fcbc0    00000060                           : edma_low_level.oe674 (.text:EDMA3ClrMissEvt)
                  007fcc20    00000060                           : edma_low_level.oe674 (.text:EDMA3DisableEvtIntr)
                  007fcc80    00000060                           : edma_low_level.oe674 (.text:EDMA3EnableDmaEvt)
                  007fcce0    00000060                           : edma_low_level.oe674 (.text:EDMA3EnableEvtIntr)
                  007fcd40    00000060                           : edma_low_level.oe674 (.text:EDMA3SetEvt)
                  007fcda0    00000060                           : edma.oe674 (.text:EDMA_configTransferControllerError)
                  007fce00    00000060                           : edma.oe674 (.text:EDMA_isError)
                  007fce60    00000060                           : edma.oe674 (.text:EDMA_setSourceAddress)
                  007fcec0    00000060                           : edma.oe674 (.text:EDMA_validate_channelIdchannelType)
                  007fcf20    00000060     libmailbox_xwr68xx.ae674 : mailbox.oe674 (.text:Mailbox_Config_init)
                  007fcf80    00000060     libsoc_xwr68xx.ae674 : soc_xwr68xx.oe674 (.text:SOC_setDSSLinkState)
                  007fcfe0    00000060                          : soc.oe674 (.text:SOC_unhaltBSS)
                  007fd040    00000060     rts6740_elf.lib : trgmsg.c.obj (.text:__TI_writemsg)
                  007fd0a0    00000060                     : llshift.c.obj (.text:__c6xabi_llshru)
                  007fd100    00000060                     : imath64.c.obj (.text:_subcull)
                  007fd160    00000060     sysbios.ae674 : c64p_Hwi_asm_switch.obj (.text:_ti_sysbios_family_c64p_Hwi_switchAndDispatch__I)
                  007fd1c0    00000060                   : c64p_Hwi_asm_switch.obj (.text:_ti_sysbios_family_xxx_Hwi_switchAndRunFunc)
                  007fd220    00000060     rts6740_elf.lib : lseek.c.obj (.text:lseek)
                  007fd280    00000060     libmmwavealg_xwr68xx.ae674 : mmwavelib_accum.oe674 (.text:mmwavelib_accum16shift)
                  007fd2e0    00000060                                : mmwavelib_vecsubc.oe674 (.text:mmwavelib_vecsubc)
                  007fd340    00000060     mmw_dss_pe674.oe674 (.text:ti_sysbios_BIOS_errorRaiseHook__I)
                  007fd3a0    00000060     mmw_dss_pe674.oe674 (.text:ti_sysbios_BIOS_removeRTSLock__I)
                  007fd400    00000060     mmw_dss_pe674.oe674 (.text:ti_sysbios_BIOS_startFunc__I)
                  007fd460    00000060     sysbios.ae674 : BIOS.obj (.text:ti_sysbios_family_c62_TaskSupport_stackUsed__E)
                  007fd4c0    00000060                   : BIOS.obj (.text:ti_sysbios_family_c62_TaskSupport_start__E)
                  007fd520    00000060                   : BIOS.obj (.text:ti_sysbios_family_c64p_Cache_setMar__E)
                  007fd580    00000060                   : BIOS.obj (.text:ti_sysbios_family_c64p_EventCombiner_Module_startup__E)
                  007fd5e0    00000060                   : BIOS.obj (.text:ti_sysbios_family_c64p_EventCombiner_unused__E)
                  007fd640    00000060     mmw_dss_pe674.oe674 (.text:ti_sysbios_gates_GateMutex_Object__delete__S)
                  007fd6a0    00000060     sysbios.ae674 : BIOS.obj (.text:ti_sysbios_hal_Hwi_initStack)
                  007fd700    00000060                   : BIOS.obj (.text:ti_sysbios_heaps_HeapMem_free__E)
                  007fd760    00000060                   : BIOS.obj (.text:ti_sysbios_knl_Clock_Module_startup__E)
                  007fd7c0    00000060     mmw_dss_pe674.oe674 (.text:ti_sysbios_knl_Queue_construct)
                  007fd820    00000060     mmw_dss_pe674.oe674 (.text:ti_sysbios_knl_Semaphore_Object__delete__S)
                  007fd880    00000060     mmw_dss_pe674.oe674 (.text:ti_sysbios_knl_Semaphore_construct)
                  007fd8e0    00000060     sysbios.ae674 : BIOS.obj (.text:ti_sysbios_knl_Swi_Module_startup__E)
                  007fd940    00000060                   : BIOS.obj (.text:ti_sysbios_knl_Task_enter__I)
                  007fd9a0    00000060     rts6740_elf.lib : write.c.obj (.text:write)
                  007fda00    00000060     mmw_dss_pe674.oe674 (.text:xdc_runtime_LoggerBuf_Object__delete__S)
                  007fda60    00000060     sysbios.ae674 : BIOS.obj (.text:xdc_runtime_SysStd_abort__E)
                  007fdac0    00000040     libsoc_xwr68xx.ae674 : soc.oe674 (.text:CSL_FEXTR)
                  007fdb00    00000040                          : soc_xwr68xx.oe674 (.text:CSL_FEXTR)
                  007fdb40    00000040     libmailbox_xwr68xx.ae674 : mailbox.oe674 (.text:CSL_FINSR)
                  007fdb80    00000040     libsoc_xwr68xx.ae674 : soc.oe674 (.text:CSL_FINSR)
                  007fdbc0    00000040                          : soc_xwr68xx.oe674 (.text:CSL_FINSR)
                  007fdc00    00000040                          : soc_xwr68xx_dss.oe674 (.text:CSL_FINSR)
                  007fdc40    00000040     objectdetection.oe674 (.text:DPC_ObjectDetection_dataInjection)
                  007fdc80    00000040     libdpm_xwr68xx.ae674 : dpm_listlib.oe674 (.text:DPM_listAdd)
                  007fdcc0    00000040                          : dpm_listlib.oe674 (.text:DPM_listRemove)
                  007fdd00    00000040                          : dpm_mailbox.oe674 (.text:DPM_mboxMsgSend)
                  007fdd40    00000040                          : dpm_msg.oe674 (.text:DPM_msgAssertHandler)
                  007fdd80    00000040                          : dpm_msg.oe674 (.text:DPM_msgBSSFaultHandler)
                  007fddc0    00000040                          : dpm_msg.oe674 (.text:DPM_msgDPCInfoHandler)
                  007fde00    00000040                          : dpm_pipe.oe674 (.text:DPM_pipeDequeue)
                  007fde40    00000040     libedma_xwr68xx.ae674 : edma_low_level.oe674 (.text:EDMA3DisableDmaEvt)
                  007fde80    00000040                           : edma_low_level.oe674 (.text:EDMA3MapQdmaChToPaRAM)
                  007fdec0    00000040                           : edma_low_level.oe674 (.text:EDMA3SetPaRAM)
                  007fdf00    00000040                           : edma_low_level.oe674 (.text:EDMA3SetQdmaTrigWord)
                  007fdf40    00000040     libosal_xwr68xx.ae674 : HwiP_tirtos.oe674 (.text:HwiP_create)
                  007fdf80    00000040                           : HwiP_tirtos.oe674 (.text:HwiP_delete)
                  007fdfc0    00000040     libmailbox_xwr68xx.ae674 : mailbox.oe674 (.text:Mailbox_boxEmptyISRBss)
                  007fe000    00000040                              : mailbox.oe674 (.text:Mailbox_boxEmptyISRMssDss)
                  007fe040    00000040                              : mailbox.oe674 (.text:Mailbox_boxFullISRBss)
                  007fe080    00000040     dss_main.oe674 (.text:MmwDemo_DPC_ObjectDetection_processInterFrameBeginCallBackFxn)
                  007fe0c0    00000040     dss_main.oe674 (.text:MmwDemo_EDMA_errorCallbackFxn)
                  007fe100    00000040     dss_main.oe674 (.text:MmwDemo_EDMA_transferControllerErrorCallbackFxn)
                  007fe140    00000040     libsoc_xwr68xx.ae674 : soc_xwr68xx_dss.oe674 (.text:SOC_getInAddr_LUTType)
                  007fe180    00000040                          : soc_xwr68xx_dss.oe674 (.text:SOC_getOutAddr_LUTType)
                  007fe1c0    00000040                          : soc_xwr68xx.oe674 (.text:SOC_isMSSOperational)
                  007fe200    00000040     rts6740_elf.lib : frcmpyd_div.c.obj (.text:__TI_frcmpyd_div)
                  007fe240    00000040                     : strasg.asm.obj (.text:__strasgi_64plus)
                  007fe280    00000040                     : args_main.c.obj (.text:_args_main)
                  007fe2c0    00000040     sysbios.ae674 : c62_TaskSupport_asm.obj (.text:_ti_sysbios_family_c62_TaskSupport_buildTaskStack)
                  007fe300    00000040     mmw_dss_pe674.oe674 (.text:free)
                  007fe340    00000040     libmmwavealg_xwr68xx.ae674 : mmwavelib_vecmul.oe674 (.text:mmwavelib_vecmul16x32_anylen)
                  007fe380    00000040     mmw_dss_pe674.oe674 (.text:ti_sysbios_BIOS_exitFunc__I)
                  007fe3c0    00000040     mmw_dss_pe674.oe674 (.text:ti_sysbios_BIOS_rtsLock__I)
                  007fe400    00000040     mmw_dss_pe674.oe674 (.text:ti_sysbios_BIOS_rtsUnlock__I)
                  007fe440    00000040     sysbios.ae674 : BIOS.obj (.text:ti_sysbios_family_c64p_Hwi_disableInterrupt__E)
                  007fe480    00000040                   : BIOS.obj (.text:ti_sysbios_family_c64p_Hwi_enableInterrupt__E)
                  007fe4c0    00000040     mmw_dss_pe674.oe674 (.text:ti_sysbios_gates_GateHwi_Handle__label__S)
                  007fe500    00000040     mmw_dss_pe674.oe674 (.text:ti_sysbios_gates_GateHwi_Object__delete__S)
                  007fe540    00000040     mmw_dss_pe674.oe674 (.text:ti_sysbios_gates_GateMutex_Handle__label__S)
                  007fe580    00000040     sysbios.ae674 : BIOS.obj (.text:ti_sysbios_gates_GateMutex_Instance_init__E)
                  007fe5c0    00000040                   : BIOS.obj (.text:ti_sysbios_gates_GateMutex_leave__E)
                  007fe600    00000040     mmw_dss_pe674.oe674 (.text:ti_sysbios_heaps_HeapMem_Handle__label__S)
                  007fe640    00000040     mmw_dss_pe674.oe674 (.text:ti_sysbios_heaps_HeapMem_Object__delete__S)
                  007fe680    00000040     mmw_dss_pe674.oe674 (.text:ti_sysbios_heaps_HeapMem_Object__get__S)
                  007fe6c0    00000040     mmw_dss_pe674.oe674 (.text:ti_sysbios_knl_Semaphore_destruct)
                  007fe700    00000040     mmw_dss_pe674.oe674 (.text:ti_sysbios_knl_Swi_Object__get__S)
                  007fe740    00000040     mmw_dss_pe674.oe674 (.text:ti_sysbios_knl_Task_Object__get__S)
                  007fe780    00000040     sysbios.ae674 : BIOS.obj (.text:ti_sysbios_timers_rti_Timer_periodicStub__E)
                  007fe7c0    00000040                   : BIOS.obj (.text:xdc_runtime_Error_init__E)
                  007fe800    00000040     mmw_dss_pe674.oe674 (.text:xdc_runtime_LoggerBuf_Handle__label__S)
                  007fe840    00000040     sysbios.ae674 : BIOS.obj (.text:xdc_runtime_LoggerBuf_Instance_finalize__E)
                  007fe880    00000040     mmw_dss_pe674.oe674 (.text:xdc_runtime_LoggerBuf_Object__get__S)
                  007fe8c0    00000040     sysbios.ae674 : BIOS.obj (.text:xdc_runtime_LoggerBuf_write0__E)
                  007fe900    00000040                   : BIOS.obj (.text:xdc_runtime_LoggerBuf_write1__E)
                  007fe940    00000040                   : BIOS.obj (.text:xdc_runtime_LoggerBuf_write2__E)
                  007fe980    00000040     mmw_dss_pe674.oe674 (.text:xdc_runtime_System_aprintf__E)
                  007fe9c0    00000040     mmw_dss_pe674.oe674 (.text:xdc_runtime_System_printf__E)
                  007fea00    00000020     libcfarcaproc_dsp_xwr68xx.ae674 : cfarcaprocdsp.oe674 (.text:CFARCADSP_adjustCfarCfg)
                  007fea20    00000020     libdpm_xwr68xx.ae674 : dpm_core.oe674 (.text:DPM_chirpISR)
                  007fea40    00000020                          : dpm_core.oe674 (.text:DPM_frameStartISR)
                  007fea60    00000020                          : dpm_mailbox.oe674 (.text:DPM_mboxSynch)
                  007fea80    00000020     libedma_xwr68xx.ae674 : edma_low_level.oe674 (.text:EDMA3ChannelToParamMap)
                  007feaa0    00000020                           : edma_low_level.oe674 (.text:EDMA3ClrCCErr)
                  007feac0    00000020                           : edma_low_level.oe674 (.text:EDMA3DisableQdmaEvt)
                  007feae0    00000020                           : edma_low_level.oe674 (.text:EDMA3EnableQdmaEvt)
                  007feb00    00000020                           : edma_low_level.oe674 (.text:EDMA3ErrIntrHighStatusGet)
                  007feb20    00000020                           : edma_low_level.oe674 (.text:EDMA3GetCCErrStatus)
                  007feb40    00000020                           : edma_low_level.oe674 (.text:EDMA3GetErrIntrStatus)
                  007feb60    00000020                           : edma_low_level.oe674 (.text:EDMA3GetIntrStatus)
                  007feb80    00000020                           : edma_low_level.oe674 (.text:EDMA3IntrStatusHighGet)
                  007feba0    00000020                           : edma_low_level.oe674 (.text:EDMA3QdmaClrMissEvt)
                  007febc0    00000020                           : edma_low_level.oe674 (.text:EDMA3QdmaGetErrIntrStatus)
                  007febe0    00000020                           : edma_low_level.oe674 (.text:EDMAsetRegion)
                  007fec00    00000020     libosal_xwr68xx.ae674 : HwiP_tirtos.oe674 (.text:HwiP_Params_init)
                  007fec20    00000020                           : HwiP_tirtos.oe674 (.text:HwiP_disable)
                  007fec40    00000020                           : HwiP_tirtos.oe674 (.text:HwiP_disableInterrupt)
                  007fec60    00000020                           : HwiP_tirtos.oe674 (.text:HwiP_enableInterrupt)
                  007fec80    00000020                           : HwiP_tirtos.oe674 (.text:HwiP_restore)
                  007feca0    00000020                           : MemoryP_tirtos.oe674 (.text:MemoryP_ctrlAlloc)
                  007fecc0    00000020                           : MemoryP_tirtos.oe674 (.text:MemoryP_ctrlFree)
                  007fece0    00000020                           : MemoryP_tirtos.oe674 (.text:MemoryP_getStats)
                  007fed00    00000020     dss_main.oe674 (.text:MmwDemo_DPC_ObjectDetection_processFrameBeginCallBackFxn)
                  007fed20    00000020     dss_main.oe674 (.text:MmwDemo_sleep)
                  007fed40    00000020     libosal_xwr68xx.ae674 : SemaphoreP_tirtos.oe674 (.text:SemaphoreP_Params_init)
                  007fed60    00000020                           : SemaphoreP_tirtos.oe674 (.text:SemaphoreP_delete)
                  007fed80    00000020                           : SemaphoreP_tirtos.oe674 (.text:SemaphoreP_pend)
                  007feda0    00000020                           : SemaphoreP_tirtos.oe674 (.text:SemaphoreP_post)
                  007fedc0    00000020                           : DebugP_tirtos.oe674 (.text:_DebugP_assert)
                  007fede0    00000020     rts6740_elf.lib : errno.c.obj (.text:__c6xabi_errno_addr)
                  007fee00    00000020                     : trunc.c.obj (.text:__c6xabi_trunc)
                  007fee20    00000020                     : push.asm.obj (.text:__pop_rts)
                  007fee40    00000020                     : push.asm.obj (.text:__push_rts)
                  007fee60    00000020                     : _lock.c.obj (.text:_nop)
                  007fee80    00000020                     : _lock.c.obj (.text:_register_lock)
                  007feea0    00000020                     : _lock.c.obj (.text:_register_unlock)
                  007feec0    00000020     sysbios.ae674 : c62_TaskSupport_asm.obj (.text:_ti_sysbios_family_c62_TaskSupport_glue)
                  007feee0    00000020     rts6740_elf.lib : exit.c.obj (.text:abort)
                  007fef00    00000020     libmathutils.ae674 : mathutils.oe674 (.text:mathUtils_ceilLog2)
                  007fef20    00000020                        : mathutils.oe674 (.text:mathUtils_floorLog2)
                  007fef40    00000020     rts6740_elf.lib : fputc.c.obj (.text:putchar)
                  007fef60    00000020     mmw_dss_pe674.oe674 (.text:ti_sysbios_BIOS_RtsGateProxy_enter__E)
                  007fef80    00000020     mmw_dss_pe674.oe674 (.text:ti_sysbios_BIOS_RtsGateProxy_leave__E)
                  007fefa0    00000020     sysbios.ae674 : BIOS.obj (.text:ti_sysbios_BIOS_getCpuFreq__E)
                  007fefc0    00000020                   : BIOS.obj (.text:ti_sysbios_BIOS_linkedWithIncorrectBootLibrary__E)
                  007fefe0    00000020     mmw_dss_pe674.oe674 (.text:ti_sysbios_BIOS_nullFunc__I)
                  007ff000    00000020     sysbios.ae674 : BIOS.obj (.text:ti_sysbios_BIOS_setThreadType__E)
                  007ff020    00000020                   : BIOS.obj (.text:ti_sysbios_BIOS_start__E)
                  007ff040    00000020     mmw_dss_pe674.oe674 (.text:ti_sysbios_family_c62_TaskSupport_Module__startupDone__S)
                  007ff060    00000020     sysbios.ae674 : BIOS.obj (.text:ti_sysbios_family_c62_TaskSupport_checkStack__E)
                  007ff080    00000020                   : BIOS.obj (.text:ti_sysbios_family_c62_TaskSupport_getStackAlignment__E)
                  007ff0a0    00000020     mmw_dss_pe674.oe674 (.text:ti_sysbios_family_c64p_Hwi_Module__startupDone__F)
                  007ff0c0    00000020     sysbios.ae674 : BIOS.obj (.text:ti_sysbios_family_c64p_Hwi_clearInterrupt__E)
                  007ff0e0    00000020                   : BIOS.obj (.text:ti_sysbios_family_c64p_Hwi_startup__E)
                  007ff100    00000020                   : BIOS.obj (.text:ti_sysbios_family_c64p_Hwi_switchFromBootStack__E)
                  007ff120    00000020                   : BIOS.obj (.text:ti_sysbios_family_c64p_TimestampProvider_Module_startup__E)
                  007ff140    00000020                   : BIOS.obj (.text:ti_sysbios_family_c64p_TimestampProvider_get32__E)
                  007ff160    00000020                   : BIOS.obj (.text:ti_sysbios_family_c64p_TimestampProvider_get64__E)
                  007ff180    00000020                   : BIOS.obj (.text:ti_sysbios_gates_GateHwi_Instance_init__E)
                  007ff1a0    00000020                   : BIOS.obj (.text:ti_sysbios_gates_GateHwi_enter__E)
                  007ff1c0    00000020                   : BIOS.obj (.text:ti_sysbios_gates_GateHwi_leave__E)
                  007ff1e0    00000020                   : BIOS.obj (.text:ti_sysbios_gates_GateHwi_query__E)
                  007ff200    00000020                   : BIOS.obj (.text:ti_sysbios_gates_GateMutex_Instance_finalize__E)
                  007ff220    00000020                   : BIOS.obj (.text:ti_sysbios_gates_GateMutex_query__E)
                  007ff240    00000020                   : BIOS.obj (.text:ti_sysbios_hal_Hwi_Module_startup__E)
                  007ff260    00000020     mmw_dss_pe674.oe674 (.text:ti_sysbios_heaps_HeapBuf_Object__get__S)
                  007ff280    00000020     mmw_dss_pe674.oe674 (.text:ti_sysbios_heaps_HeapMem_Module_GateProxy_enter__E)
                  007ff2a0    00000020     mmw_dss_pe674.oe674 (.text:ti_sysbios_heaps_HeapMem_Module_GateProxy_leave__E)
                  007ff2c0    00000020     sysbios.ae674 : BIOS.obj (.text:ti_sysbios_heaps_HeapMem_isBlocking__E)
                  007ff2e0    00000020     mmw_dss_pe674.oe674 (.text:ti_sysbios_knl_Clock_TimerProxy_getMaxTicks__E)
                  007ff300    00000020     sysbios.ae674 : BIOS.obj (.text:ti_sysbios_knl_Clock_logTick__E)
                  007ff320    00000020                   : BIOS.obj (.text:ti_sysbios_knl_Idle_loop__E)
                  007ff340    00000020                   : BIOS.obj (.text:ti_sysbios_knl_Queue_Instance_init__E)
                  007ff360    00000020     mmw_dss_pe674.oe674 (.text:ti_sysbios_knl_Queue_Object__get__S)
                  007ff380    00000020     mmw_dss_pe674.oe674 (.text:ti_sysbios_knl_Queue_destruct)
                  007ff3a0    00000020     sysbios.ae674 : BIOS.obj (.text:ti_sysbios_knl_Queue_empty__E)
                  007ff3c0    00000020                   : BIOS.obj (.text:ti_sysbios_knl_Semaphore_Instance_finalize__E)
                  007ff3e0    00000020     mmw_dss_pe674.oe674 (.text:ti_sysbios_knl_Semaphore_Params__init__S)
                  007ff400    00000020     mmw_dss_pe674.oe674 (.text:ti_sysbios_knl_Semaphore_delete)
                  007ff420    00000020     sysbios.ae674 : BIOS.obj (.text:ti_sysbios_knl_Swi_disable__E)
                  007ff440    00000020     mmw_dss_pe674.oe674 (.text:ti_sysbios_knl_Task_Params__init__S)
                  007ff460    00000020     sysbios.ae674 : BIOS.obj (.text:ti_sysbios_knl_Task_disable__E)
                  007ff480    00000020                   : BIOS.obj (.text:ti_sysbios_knl_Task_startup__E)
                  007ff4a0    00000020     mmw_dss_pe674.oe674 (.text:ti_sysbios_timers_rti_Timer_Module__startupDone__F)
                  007ff4c0    00000020     sysbios.ae674 : BIOS.obj (.text:ti_sysbios_timers_rti_Timer_getMaxTicks__E)
                  007ff4e0    00000020                   : BIOS.obj (.text:ti_sysbios_utils_Load_getCPULoad__E)
                  007ff500    00000020                   : BIOS.obj (.text:ti_sysbios_utils_Load_taskRegHook__E)
                  007ff520    00000020     mmw_dss_pe674.oe674 (.text:xdc_runtime_IHeap_alloc)
                  007ff540    00000020     mmw_dss_pe674.oe674 (.text:xdc_runtime_IHeap_free)
                  007ff560    00000020     mmw_dss_pe674.oe674 (.text:xdc_runtime_IHeap_getStats)
                  007ff580    00000020     mmw_dss_pe674.oe674 (.text:xdc_runtime_LoggerBuf_Module_GateProxy_enter__E)
                  007ff5a0    00000020     mmw_dss_pe674.oe674 (.text:xdc_runtime_LoggerBuf_Module_GateProxy_leave__E)
                  007ff5c0    00000020     sysbios.ae674 : BIOS.obj (.text:xdc_runtime_LoggerBuf_disable__E)
                  007ff5e0    00000020                   : BIOS.obj (.text:xdc_runtime_LoggerBuf_enable__E)
                  007ff600    00000020                   : BIOS.obj (.text:xdc_runtime_Memory_free__E)
                  007ff620    00000020                   : BIOS.obj (.text:xdc_runtime_Memory_getStats__E)
                  007ff640    00000020     mmw_dss_pe674.oe674 (.text:xdc_runtime_Startup_exec__I)
                  007ff660    00000020     mmw_dss_pe674.oe674 (.text:xdc_runtime_Startup_reset__I)
                  007ff680    00000020     sysbios.ae674 : BIOS.obj (.text:xdc_runtime_Startup_rtsDone__E)
                  007ff6a0    00000020                   : BIOS.obj (.text:xdc_runtime_SysStd_exit__E)
                  007ff6c0    00000020                   : BIOS.obj (.text:xdc_runtime_SysStd_putch__E)
                  007ff6e0    00000020                   : BIOS.obj (.text:xdc_runtime_SysStd_ready__E)
                  007ff700    00000020     mmw_dss_pe674.oe674 (.text:xdc_runtime_System_Module_GateProxy_enter__E)
                  007ff720    00000020     mmw_dss_pe674.oe674 (.text:xdc_runtime_System_Module_GateProxy_leave__E)
                  007ff740    00000020     sysbios.ae674 : BIOS.obj (.text:xdc_runtime_System_Module_startup__E)
                  007ff760    00000020     mmw_dss_pe674.oe674 (.text:xdc_runtime_Text_visitRope__I)

.dpc_l2Heap 
*          0    00800000    0000c400     UNINITIALIZED
                  00800000    0000c400     dss_main.oe674 (.dpc_l2Heap)

systemHeap 
*          0    0080c400    00008000     UNINITIALIZED
                  0080c400    00008000     mmw_dss_pe674.oe674 (systemHeap)

.bss       0    00816744    00000004     UNINITIALIZED
                  00816744    00000004     (.common:gObjDetObj)

.stack     0    0081aa50    00000800     UNINITIALIZED
                  0081aa50    00000008     boot.ae674 : boot.oe674 (.stack)
                  0081aa58    000007f8     --HOLE--

.neardata 
*          0    0081b434    0000000c     
                  0081b434    00000004     dss_main.oe674 (.neardata)
                  0081b438    00000004     libdpm_xwr68xx.ae674 : dpm_mailbox.oe674 (.neardata)
                  0081b43c    00000004     libedma_xwr68xx.ae674 : edma_low_level.oe674 (.neardata)

.cinit     0    00800000    00000000     UNINITIALIZED

.far       0    00814400    00002344     UNINITIALIZED
                  00814400    00001900     (.common:xdc_runtime_LoggerBuf_Instance_State_0_entryArr__A)
                  00815d00    000004d8     libedma_xwr68xx.ae674 : edma.oe674 (.far:EDMA_object)
                  008161d8    00000320     mmw_dss_pe674.oe674 (.far:taskStackSection)
                  008164f8    00000140     (.common:__TI_tmpnams)
                  00816638    000000d8     (.common:gMmwDssMCB)
                  00816710    00000018     (.common:resultBuffer)
                  00816728    00000010     (.common:edmaDbg)
                  00816738    00000008     (.common:parmbuf)
                  00816740    00000004     (.common:ti_sysbios_knl_Task_Instance_State_0_hookEnv__A)

.dpc_l1Heap 
*          0    00f00000    00004000     UNINITIALIZED
                  00f00000    00004000     dss_main.oe674 (.dpc_l1Heap)

xdc.meta   0    00000000    000000f8     COPY SECTION
                  00000000    000000f8     mmw_dss_pe674.oe674 (xdc.meta)

.const     0    00816748    00003468     
                  00816748    00001a59     mmw_dss_pe674.oe674 (.const:xdc_runtime_Text_charTab__A)
                  008181a1    00000001     --HOLE-- [fill = 0]
                  008181a2    00000002     mmw_dss_pe674.oe674 (.const:ti_sysbios_family_c64p_Cache_Module__id__C)
                  008181a4    00000004     mmw_dss_pe674.oe674 (.const:ti_sysbios_family_c62_TaskSupport_stackAlignment__C)
                  008181a8    00000800     libmmwavealg_xwr68xx.ae674 : mmwavelib_ffttwiddle_gen.oe674 (.const:mmwavelib_twiddleTableCommon)
                  008189a8    00000630     sysbios.ae674 : BIOS.obj (.const:.string)
                  00818fd8    000002e4     dss_main.oe674 (.const:.string)
                  008192bc    00000004     mmw_dss_pe674.oe674 (.const:ti_sysbios_family_c64p_Cache_E_invalidL1CacheSize__C)
                  008192c0    000000e0     mmw_dss_pe674.oe674 (.const:xdc_runtime_Text_nodeTab__A)
                  008193a0    00000074     mmw_dss_pe674.oe674 (.const:.string)
                  00819414    00000058     libedma_xwr68xx.ae674 : edma.oe674 (.const:.string)
                  0081946c    0000004c     libmailbox_xwr68xx.ae674 : mailbox.oe674 (.const:.string)
                  008194b8    00000044     mmw_dss_pe674.oe674 (.const:ti_sysbios_knl_Task_Object__PARAMS__C)
                  008194fc    00000004     mmw_dss_pe674.oe674 (.const:ti_sysbios_family_c64p_Cache_E_invalidL2CacheSize__C)
                  00819500    00000040     libmmwavealg_xwr68xx.ae674 : mmwavelib_log2abs.oe674 (.const:.string:c_Log2LookUp)
                  00819540    0000003c     libsoc_xwr68xx.ae674 : soc_xwr68xx_dss.oe674 (.const:.string)
                  0081957c    0000003c     mmw_dss_pe674.oe674 (.const:xdc_runtime_LoggerBuf_Module__FXNS__C)
                  008195b8    00000038     libedma_xwr68xx.ae674 : edma_xwr1xxx.oe674 (.const:gEdmaHwAttrs)
                  008195f0    00000034     mmw_dss_pe674.oe674 (.const:xdc_runtime_Startup_sfxnTab__A)
                  00819624    00000004     mmw_dss_pe674.oe674 (.const:ti_sysbios_family_c64p_Cache_MAR0_31__C)
                  00819628    00000028     libdpm_xwr68xx.ae674 : dpm_msg.oe674 (.const:gDPMMessageFxnTable)
                  00819650    00000028     mmw_dss_pe674.oe674 (.const:ti_sysbios_heaps_HeapMem_Module__FXNS__C)
                  00819678    00000028     mmw_dss_pe674.oe674 (.const:xdc_runtime_LoggerBuf_Object__PARAMS__C)
                  008196a0    00000024     libmailbox_xwr68xx.ae674 : mailbox.oe674 (.const:Mailbox_defaultCfg)
                  008196c4    00000004     mmw_dss_pe674.oe674 (.const:ti_sysbios_family_c64p_Cache_MAR128_159__C)
                  008196c8    00000024     libmmwavealg_xwr68xx.ae674 : mmwavelib_dftsinglebin.oe674 (.const:mmwavelib_dftHalfBinExpValue)
                  008196ec    00000024     mmw_dss_pe674.oe674 (.const:ti_sysbios_gates_GateHwi_Module__FXNS__C)
                  00819710    00000024     mmw_dss_pe674.oe674 (.const:ti_sysbios_gates_GateMutex_Module__FXNS__C)
                  00819734    00000024     mmw_dss_pe674.oe674 (.const:ti_sysbios_heaps_HeapMem_Object__PARAMS__C)
                  00819758    00000024     mmw_dss_pe674.oe674 (.const:ti_sysbios_knl_Semaphore_Object__PARAMS__C)
                  0081977c    00000020     libosal_xwr68xx.ae674 : SemaphoreP_tirtos.oe674 (.const:.string)
                  0081979c    00000020     mmw_dss_pe674.oe674 (.const:ti_sysbios_gates_GateHwi_Object__DESC__C)
                  008197bc    00000020     mmw_dss_pe674.oe674 (.const:ti_sysbios_gates_GateMutex_Object__DESC__C)
                  008197dc    00000020     mmw_dss_pe674.oe674 (.const:ti_sysbios_heaps_HeapMem_Object__DESC__C)
                  008197fc    00000020     mmw_dss_pe674.oe674 (.const:ti_sysbios_knl_Queue_Object__DESC__C)
                  0081981c    00000020     mmw_dss_pe674.oe674 (.const:ti_sysbios_knl_Semaphore_Object__DESC__C)
                  0081983c    00000020     mmw_dss_pe674.oe674 (.const:ti_sysbios_knl_Task_Object__DESC__C)
                  0081985c    00000020     mmw_dss_pe674.oe674 (.const:xdc_runtime_LoggerBuf_Object__DESC__C)
                  0081987c    0000001c     libosal_xwr68xx.ae674 : HwiP_tirtos.oe674 (.const:.string)
                  00819898    0000001a     mmw_dss_pe674.oe674 (.const:xdc_runtime_Startup_sfxnRts__A)
                  008198b2    00000002     mmw_dss_pe674.oe674 (.const:ti_sysbios_family_c64p_EventCombiner_Module__id__C)
                  008198b4    00000018     objectdetection.oe674 (.const:.string)
                  008198cc    00000018     mmw_dss_pe674.oe674 (.const:ti_sysbios_gates_GateHwi_Object__PARAMS__C)
                  008198e4    00000018     mmw_dss_pe674.oe674 (.const:ti_sysbios_gates_GateMutex_Object__PARAMS__C)
                  008198fc    00000018     mmw_dss_pe674.oe674 (.const:ti_sysbios_knl_Queue_Object__PARAMS__C)
                  00819914    00000004     mmw_dss_pe674.oe674 (.const:ti_sysbios_family_c64p_Cache_MAR160_191__C)
                  00819918    00000018     mmw_dss_pe674.oe674 (.const:ti_sysbios_knl_Task_hooks__A)
                  00819930    00000014     libdpm_xwr68xx.ae674 : dpm_mailbox.oe674 (.const:.string)
                  00819944    00000010                          : dpm_core.oe674 (.const:.string)
                  00819954    00000010                          : dpm_msg.oe674 (.const:.string)
                  00819964    00000010                          : dpm_pipe.oe674 (.const:.string)
                  00819974    00000004     mmw_dss_pe674.oe674 (.const:ti_sysbios_family_c64p_Cache_MAR192_223__C)
                  00819978    00000010     libedma_xwr68xx.ae674 : edma.oe674 (.const:EDMA_config$1)
                  00819988    00000010     mmw_dss_pe674.oe674 (.const:ti_sysbios_family_c64p_EventCombiner_EVTMASK__C)
                  00819998    0000000c     mmw_dss_pe674.oe674 (.const:ti_sysbios_knl_Idle_funcList__A)
                  008199a4    00000008     mmw_dss_pe674.oe674 (.const:ti_sysbios_knl_Idle_funcList__C)
                  008199ac    00000008     mmw_dss_pe674.oe674 (.const:ti_sysbios_knl_Task_hooks__C)
                  008199b4    00000004     mmw_dss_pe674.oe674 (.const:ti_sysbios_family_c64p_Cache_MAR224_255__C)
                  008199b8    00000008     mmw_dss_pe674.oe674 (.const:xdc_runtime_Startup_firstFxns__A)
                  008199c0    00000008     mmw_dss_pe674.oe674 (.const:xdc_runtime_Startup_firstFxns__C)
                  008199c8    00000008     mmw_dss_pe674.oe674 (.const:xdc_runtime_Startup_lastFxns__C)
                  008199d0    00000004     mmw_dss_pe674.oe674 (.const:ti_sysbios_family_c64p_Cache_MAR32_63__C)
                  008199d4    00000004     mmw_dss_pe674.oe674 (.const:ti_sysbios_family_c64p_Cache_MAR64_95__C)
                  008199d8    00000004     mmw_dss_pe674.oe674 (.const:ti_sysbios_family_c64p_Cache_MAR96_127__C)
                  008199dc    00000004     mmw_dss_pe674.oe674 (.const:ti_sysbios_family_c64p_EventCombiner_A_invalidEventId__C)
                  008199e0    00000004     mmw_dss_pe674.oe674 (.const:ti_sysbios_family_c64p_EventCombiner_EVTRegs__C)
                  008199e4    00000004     mmw_dss_pe674.oe674 (.const:ti_sysbios_family_c64p_EventCombiner_E_unpluggedEvent__C)
                  008199e8    00000004     mmw_dss_pe674.oe674 (.const:ti_sysbios_family_c64p_EventCombiner_Module__diagsEnabled__C)
                  008199ec    00000004     mmw_dss_pe674.oe674 (.const:ti_sysbios_family_c64p_EventCombiner_Module__diagsIncluded__C)
                  008199f0    00000004     mmw_dss_pe674.oe674 (.const:ti_sysbios_family_c64p_EventCombiner_Module__diagsMask__C)
                  008199f4    00000004     mmw_dss_pe674.oe674 (.const:ti_sysbios_family_c64p_Exception_E_exceptionMax__C)
                  008199f8    00000004     mmw_dss_pe674.oe674 (.const:ti_sysbios_family_c64p_Exception_exceptionHook__C)
                  008199fc    00000004     mmw_dss_pe674.oe674 (.const:ti_sysbios_family_c64p_Exception_externalHook__C)
                  00819a00    00000004     mmw_dss_pe674.oe674 (.const:ti_sysbios_family_c64p_Exception_internalHook__C)
                  00819a04    00000004     mmw_dss_pe674.oe674 (.const:ti_sysbios_family_c64p_Exception_nmiHook__C)
                  00819a08    00000004     mmw_dss_pe674.oe674 (.const:ti_sysbios_family_c64p_Hwi_INTRMUX1Address__C)
                  00819a0c    00000004     mmw_dss_pe674.oe674 (.const:ti_sysbios_gates_GateMutex_A_badContext__C)
                  00819a10    00000004     mmw_dss_pe674.oe674 (.const:ti_sysbios_gates_GateMutex_Instance_State_sem__O)
                  00819a14    00000004     mmw_dss_pe674.oe674 (.const:ti_sysbios_gates_GateMutex_Module__diagsEnabled__C)
                  00819a18    00000004     mmw_dss_pe674.oe674 (.const:ti_sysbios_gates_GateMutex_Module__diagsIncluded__C)
                  00819a1c    00000004     mmw_dss_pe674.oe674 (.const:ti_sysbios_gates_GateMutex_Module__diagsMask__C)
                  00819a20    00000004     mmw_dss_pe674.oe674 (.const:ti_sysbios_hal_Hwi_E_stackOverflow__C)
                  00819a24    00000004     mmw_dss_pe674.oe674 (.const:ti_sysbios_heaps_HeapBuf_Instance_State_freeList__O)
                  00819a28    00000004     mmw_dss_pe674.oe674 (.const:ti_sysbios_heaps_HeapBuf_Object__count__C)
                  00819a2c    00000004     mmw_dss_pe674.oe674 (.const:ti_sysbios_heaps_HeapBuf_numConstructedHeaps__C)
                  00819a30    00000004     mmw_dss_pe674.oe674 (.const:ti_sysbios_heaps_HeapMem_A_align__C)
                  00819a34    00000004     mmw_dss_pe674.oe674 (.const:ti_sysbios_heaps_HeapMem_A_heapSize__C)
                  00819a38    00000004     mmw_dss_pe674.oe674 (.const:ti_sysbios_heaps_HeapMem_A_invalidFree__C)
                  00819a3c    00000004     mmw_dss_pe674.oe674 (.const:ti_sysbios_heaps_HeapMem_A_zeroBlock__C)
                  00819a40    00000004     mmw_dss_pe674.oe674 (.const:ti_sysbios_heaps_HeapMem_E_memory__C)
                  00819a44    00000004     mmw_dss_pe674.oe674 (.const:ti_sysbios_heaps_HeapMem_Module__diagsEnabled__C)
                  00819a48    00000004     mmw_dss_pe674.oe674 (.const:ti_sysbios_heaps_HeapMem_Module__diagsIncluded__C)
                  00819a4c    00000004     mmw_dss_pe674.oe674 (.const:ti_sysbios_heaps_HeapMem_Module__diagsMask__C)
                  00819a50    00000004     mmw_dss_pe674.oe674 (.const:ti_sysbios_heaps_HeapMem_Module__gateObj__C)
                  00819a54    00000004     mmw_dss_pe674.oe674 (.const:ti_sysbios_heaps_HeapMem_Object__count__C)
                  00819a58    00000004     mmw_dss_pe674.oe674 (.const:ti_sysbios_heaps_HeapMem_reqAlign__C)
                  00819a5c    00000004     mmw_dss_pe674.oe674 (.const:ti_sysbios_knl_Clock_Module_State_clockQ__O)
                  00819a60    00000004     mmw_dss_pe674.oe674 (.const:ti_sysbios_knl_Semaphore_A_badContext__C)
                  00819a64    00000004     mmw_dss_pe674.oe674 (.const:ti_sysbios_knl_Semaphore_A_noEvents__C)
                  00819a68    00000004     mmw_dss_pe674.oe674 (.const:ti_sysbios_knl_Semaphore_A_overflow__C)
                  00819a6c    00000004     mmw_dss_pe674.oe674 (.const:ti_sysbios_knl_Semaphore_A_pendTaskDisabled__C)
                  00819a70    00000004     mmw_dss_pe674.oe674 (.const:ti_sysbios_knl_Semaphore_Instance_State_pendQ__O)
                  00819a74    00000004     mmw_dss_pe674.oe674 (.const:ti_sysbios_knl_Semaphore_Module__diagsEnabled__C)
                  00819a78    00000004     mmw_dss_pe674.oe674 (.const:ti_sysbios_knl_Semaphore_Module__diagsIncluded__C)
                  00819a7c    00000004     mmw_dss_pe674.oe674 (.const:ti_sysbios_knl_Semaphore_Module__diagsMask__C)
                  00819a80    00000004     mmw_dss_pe674.oe674 (.const:ti_sysbios_knl_Swi_Object__count__C)
                  00819a84    00000004     mmw_dss_pe674.oe674 (.const:ti_sysbios_knl_Task_A_badPriority__C)
                  00819a88    00000004     mmw_dss_pe674.oe674 (.const:ti_sysbios_knl_Task_A_badTaskState__C)
                  00819a8c    00000004     mmw_dss_pe674.oe674 (.const:ti_sysbios_knl_Task_A_badThreadType__C)
                  00819a90    00000004     mmw_dss_pe674.oe674 (.const:ti_sysbios_knl_Task_A_badTimeout__C)
                  00819a94    00000004     mmw_dss_pe674.oe674 (.const:ti_sysbios_knl_Task_A_noPendElem__C)
                  00819a98    00000004     mmw_dss_pe674.oe674 (.const:ti_sysbios_knl_Task_A_sleepTaskDisabled__C)
                  00819a9c    00000004     mmw_dss_pe674.oe674 (.const:ti_sysbios_knl_Task_E_spOutOfBounds__C)
                  00819aa0    00000004     mmw_dss_pe674.oe674 (.const:ti_sysbios_knl_Task_E_stackOverflow__C)
                  00819aa4    00000004     mmw_dss_pe674.oe674 (.const:ti_sysbios_knl_Task_Module_State_inactiveQ__O)
                  00819aa8    00000004     mmw_dss_pe674.oe674 (.const:ti_sysbios_knl_Task_Module__diagsEnabled__C)
                  00819aac    00000004     mmw_dss_pe674.oe674 (.const:ti_sysbios_knl_Task_Module__diagsIncluded__C)
                  00819ab0    00000004     mmw_dss_pe674.oe674 (.const:ti_sysbios_knl_Task_Module__diagsMask__C)
                  00819ab4    00000004     mmw_dss_pe674.oe674 (.const:ti_sysbios_knl_Task_Object__count__C)
                  00819ab8    00000004     mmw_dss_pe674.oe674 (.const:ti_sysbios_knl_Task_Object__heap__C)
                  00819abc    00000004     mmw_dss_pe674.oe674 (.const:ti_sysbios_knl_Task_allBlockedFunc__C)
                  00819ac0    00000004     mmw_dss_pe674.oe674 (.const:ti_sysbios_knl_Task_defaultStackHeap__C)
                  00819ac4    00000004     mmw_dss_pe674.oe674 (.const:ti_sysbios_knl_Task_defaultStackSize__C)
                  00819ac8    00000004     mmw_dss_pe674.oe674 (.const:ti_sysbios_knl_Task_numConstructedTasks__C)
                  00819acc    00000004     mmw_dss_pe674.oe674 (.const:ti_sysbios_timers_rti_Timer_E_cannotSupport__C)
                  00819ad0    00000004     mmw_dss_pe674.oe674 (.const:ti_sysbios_timers_rti_Timer_Module__diagsEnabled__C)
                  00819ad4    00000004     mmw_dss_pe674.oe674 (.const:ti_sysbios_timers_rti_Timer_Module__diagsIncluded__C)
                  00819ad8    00000004     mmw_dss_pe674.oe674 (.const:ti_sysbios_timers_rti_Timer_Module__diagsMask__C)
                  00819adc    00000004     mmw_dss_pe674.oe674 (.const:ti_sysbios_timers_rti_Timer_numTimerDevices__C)
                  00819ae0    00000004     mmw_dss_pe674.oe674 (.const:ti_sysbios_timers_rti_Timer_startupNeeded__C)
                  00819ae4    00000004     mmw_dss_pe674.oe674 (.const:ti_sysbios_utils_Load_Module_State_taskList__O)
                  00819ae8    00000004     mmw_dss_pe674.oe674 (.const:ti_sysbios_utils_Load_Module__diagsEnabled__C)
                  00819aec    00000004     mmw_dss_pe674.oe674 (.const:ti_sysbios_utils_Load_Module__diagsIncluded__C)
                  00819af0    00000004     mmw_dss_pe674.oe674 (.const:ti_sysbios_utils_Load_Module__diagsMask__C)
                  00819af4    00000004     mmw_dss_pe674.oe674 (.const:ti_sysbios_utils_Load_postUpdate__C)
                  00819af8    00000004     mmw_dss_pe674.oe674 (.const:ti_sysbios_utils_Load_windowInMs__C)
                  00819afc    00000004     mmw_dss_pe674.oe674 (.const:xdc_runtime_Assert_E_assertFailed__C)
                  00819b00    00000004     mmw_dss_pe674.oe674 (.const:xdc_runtime_Core_A_initializedParams__C)
                  00819b04    00000004     mmw_dss_pe674.oe674 (.const:xdc_runtime_Core_Module__diagsEnabled__C)
                  00819b08    00000004     mmw_dss_pe674.oe674 (.const:xdc_runtime_Core_Module__diagsIncluded__C)
                  00819b0c    00000004     mmw_dss_pe674.oe674 (.const:xdc_runtime_Core_Module__diagsMask__C)
                  00819b10    00000004     mmw_dss_pe674.oe674 (.const:xdc_runtime_Error_E_memory__C)
                  00819b14    00000004     mmw_dss_pe674.oe674 (.const:xdc_runtime_Error_policyFxn__C)
                  00819b18    00000004     mmw_dss_pe674.oe674 (.const:xdc_runtime_Error_policy__C)
                  00819b1c    00000004     mmw_dss_pe674.oe674 (.const:xdc_runtime_Error_raiseHook__C)
                  00819b20    00000004     mmw_dss_pe674.oe674 (.const:xdc_runtime_IFilterLogger_Interface__BASE__C)
                  00819b24    00000004     mmw_dss_pe674.oe674 (.const:xdc_runtime_IGateProvider_Interface__BASE__C)
                  00819b28    00000004     mmw_dss_pe674.oe674 (.const:xdc_runtime_IHeap_Interface__BASE__C)
                  00819b2c    00000004     mmw_dss_pe674.oe674 (.const:xdc_runtime_ILogger_Interface__BASE__C)
                  00819b30    00000004     mmw_dss_pe674.oe674 (.const:xdc_runtime_IModule_Interface__BASE__C)
                  00819b34    00000004     mmw_dss_pe674.oe674 (.const:xdc_runtime_LoggerBuf_E_badLevel__C)
                  00819b38    00000004     mmw_dss_pe674.oe674 (.const:xdc_runtime_LoggerBuf_Module__gateObj__C)
                  00819b3c    00000004     mmw_dss_pe674.oe674 (.const:xdc_runtime_LoggerBuf_Object__count__C)
                  00819b40    00000004     mmw_dss_pe674.oe674 (.const:xdc_runtime_LoggerBuf_statusLogger__C)
                  00819b44    00000004     mmw_dss_pe674.oe674 (.const:xdc_runtime_Memory_defaultHeapInstance__C)
                  00819b48    00000004     mmw_dss_pe674.oe674 (.const:xdc_runtime_Startup_execImpl__C)
                  00819b4c    00000004     mmw_dss_pe674.oe674 (.const:xdc_runtime_Startup_maxPasses__C)
                  00819b50    00000004     mmw_dss_pe674.oe674 (.const:xdc_runtime_Startup_sfxnRts__C)
                  00819b54    00000004     mmw_dss_pe674.oe674 (.const:xdc_runtime_Startup_sfxnTab__C)
                  00819b58    00000004     mmw_dss_pe674.oe674 (.const:xdc_runtime_System_Module__gateObj__C)
                  00819b5c    00000004     mmw_dss_pe674.oe674 (.const:xdc_runtime_System_abortFxn__C)
                  00819b60    00000004     mmw_dss_pe674.oe674 (.const:xdc_runtime_System_exitFxn__C)
                  00819b64    00000004     mmw_dss_pe674.oe674 (.const:xdc_runtime_System_extendFxn__C)
                  00819b68    00000004     mmw_dss_pe674.oe674 (.const:xdc_runtime_System_maxAtexitHandlers__C)
                  00819b6c    00000004     mmw_dss_pe674.oe674 (.const:xdc_runtime_Text_charTab__C)
                  00819b70    00000004     mmw_dss_pe674.oe674 (.const:xdc_runtime_Text_nameEmpty__C)
                  00819b74    00000004     mmw_dss_pe674.oe674 (.const:xdc_runtime_Text_nameStatic__C)
                  00819b78    00000004     mmw_dss_pe674.oe674 (.const:xdc_runtime_Text_nameUnknown__C)
                  00819b7c    00000004     mmw_dss_pe674.oe674 (.const:xdc_runtime_Text_nodeTab__C)
                  00819b80    00000004     mmw_dss_pe674.oe674 (.const:xdc_runtime_Text_visitRopeFxn__C)
                  00819b84    00000002     mmw_dss_pe674.oe674 (.const:ti_sysbios_family_c64p_Exception_Module__id__C)
                  00819b86    00000002     mmw_dss_pe674.oe674 (.const:ti_sysbios_family_c64p_Exception_useInternalBuffer__C)
                  00819b88    00000002     mmw_dss_pe674.oe674 (.const:ti_sysbios_gates_GateMutex_Module__id__C)
                  00819b8a    00000002     mmw_dss_pe674.oe674 (.const:ti_sysbios_hal_Hwi_Module__id__C)
                  00819b8c    00000002     mmw_dss_pe674.oe674 (.const:ti_sysbios_heaps_HeapMem_Module__id__C)
                  00819b8e    00000002     mmw_dss_pe674.oe674 (.const:ti_sysbios_knl_Semaphore_Module__id__C)
                  00819b90    00000002     mmw_dss_pe674.oe674 (.const:ti_sysbios_knl_Task_Module__id__C)
[...]
00800000  gDPC_ObjDetL2Heap                                            
0080c400  ti_sysbios_heaps_HeapMem_Instance_State_0_buf__A             
00814400  xdc_runtime_LoggerBuf_Instance_State_0_entryArr__A           
008161d8  ti_sysbios_knl_Task_Instance_State_0_stack__A                
008164f8  __TI_tmpnams                                                 
00816638  gMmwDssMCB                                                   
00816710  resultBuffer                                                 
00816728  edmaDbg                                                      
00816738  parmbuf                                                      
00816740  ti_sysbios_knl_Task_Instance_State_0_hookEnv__A              
00816744  __TI_STATIC_BASE                                             
00816744  gObjDetObj                                                   
00816748  xdc_runtime_Text_charTab__A                                  
008181a2  ti_sysbios_family_c64p_Cache_Module__id__C                   
008181a4  ti_sysbios_family_c62_TaskSupport_stackAlignment__C          
008181a8  mmwavelib_twiddleTableCommon                                 
008192bc  ti_sysbios_family_c64p_Cache_E_invalidL1CacheSize__C         
008192c0  xdc_runtime_Text_nodeTab__A                                  
008194b8  ti_sysbios_knl_Task_Object__PARAMS__C                        
008194fc  ti_sysbios_family_c64p_Cache_E_invalidL2CacheSize__C         
0081957c  xdc_runtime_LoggerBuf_Module__FXNS__C                        
008195b8  gEdmaHwAttrs                                                 
008195f0  xdc_runtime_Startup_sfxnTab__A                               
00819624  ti_sysbios_family_c64p_Cache_MAR0_31__C                      
00819628  gDPMMessageFxnTable                                          
00819650  ti_sysbios_heaps_HeapMem_Module__FXNS__C                     
00819678  xdc_runtime_LoggerBuf_Object__PARAMS__C                      
008196a0  Mailbox_defaultCfg                                           
008196c4  ti_sysbios_family_c64p_Cache_MAR128_159__C                   
008196c8  mmwavelib_dftHalfBinExpValue                                 
008196ec  ti_sysbios_gates_GateHwi_Module__FXNS__C                     
00819710  ti_sysbios_gates_GateMutex_Module__FXNS__C                   
00819734  ti_sysbios_heaps_HeapMem_Object__PARAMS__C                   
00819758  ti_sysbios_knl_Semaphore_Object__PARAMS__C                   
0081979c  ti_sysbios_gates_GateHwi_Object__DESC__C                     
008197bc  ti_sysbios_gates_GateMutex_Object__DESC__C                   
008197dc  ti_sysbios_heaps_HeapMem_Object__DESC__C                     
008197fc  ti_sysbios_knl_Queue_Object__DESC__C                         
0081981c  ti_sysbios_knl_Semaphore_Object__DESC__C                     
0081983c  ti_sysbios_knl_Task_Object__DESC__C                          
0081985c  xdc_runtime_LoggerBuf_Object__DESC__C                        
00819898  xdc_runtime_Startup_sfxnRts__A                               
008198b2  ti_sysbios_family_c64p_EventCombiner_Module__id__C           
008198cc  ti_sysbios_gates_GateHwi_Object__PARAMS__C                   
008198e4  ti_sysbios_gates_GateMutex_Object__PARAMS__C                 
008198fc  ti_sysbios_knl_Queue_Object__PARAMS__C                       
00819914  ti_sysbios_family_c64p_Cache_MAR160_191__C                   
00819918  ti_sysbios_knl_Task_hooks__A                                 
00819974  ti_sysbios_family_c64p_Cache_MAR192_223__C                   
00819988  ti_sysbios_family_c64p_EventCombiner_EVTMASK__C              
00819998  ti_sysbios_knl_Idle_funcList__A                              
008199a4  ti_sysbios_knl_Idle_funcList__C                              
008199ac  ti_sysbios_knl_Task_hooks__C                                 
008199b4  ti_sysbios_family_c64p_Cache_MAR224_255__C                   
008199b8  xdc_runtime_Startup_firstFxns__A                             
008199c0  xdc_runtime_Startup_firstFxns__C                             
008199c8  xdc_runtime_Startup_lastFxns__C                              
008199d0  ti_sysbios_family_c64p_Cache_MAR32_63__C                     
008199d4  ti_sysbios_family_c64p_Cache_MAR64_95__C                     
008199d8  ti_sysbios_family_c64p_Cache_MAR96_127__C                    
008199dc  ti_sysbios_family_c64p_EventCombiner_A_invalidEventId__C     
008199e0  ti_sysbios_family_c64p_EventCombiner_EVTRegs__C              
008199e4  ti_sysbios_family_c64p_EventCombiner_E_unpluggedEvent__C     
008199e8  ti_sysbios_family_c64p_EventCombiner_Module__diagsEnabled__C 
008199ec  ti_sysbios_family_c64p_EventCombiner_Module__diagsIncluded__C
008199f0  ti_sysbios_family_c64p_EventCombiner_Module__diagsMask__C    
008199f4  ti_sysbios_family_c64p_Exception_E_exceptionMax__C           
008199f8  ti_sysbios_family_c64p_Exception_exceptionHook__C            
008199fc  ti_sysbios_family_c64p_Exception_externalHook__C             
00819a00  ti_sysbios_family_c64p_Exception_internalHook__C             
00819a04  ti_sysbios_family_c64p_Exception_nmiHook__C                  
00819a08  ti_sysbios_family_c64p_Hwi_INTRMUX1Address__C                
00819a0c  ti_sysbios_gates_GateMutex_A_badContext__C                   
00819a10  ti_sysbios_gates_GateMutex_Instance_State_sem__O             
00819a14  ti_sysbios_gates_GateMutex_Module__diagsEnabled__C           
00819a18  ti_sysbios_gates_GateMutex_Module__diagsIncluded__C          
00819a1c  ti_sysbios_gates_GateMutex_Module__diagsMask__C              
00819a20  ti_sysbios_hal_Hwi_E_stackOverflow__C                        
00819a24  ti_sysbios_heaps_HeapBuf_Instance_State_freeList__O          
00819a28  ti_sysbios_heaps_HeapBuf_Object__count__C                    
00819a2c  ti_sysbios_heaps_HeapBuf_numConstructedHeaps__C              
00819a30  ti_sysbios_heaps_HeapMem_A_align__C                          
00819a34  ti_sysbios_heaps_HeapMem_A_heapSize__C                       
00819a38  ti_sysbios_heaps_HeapMem_A_invalidFree__C                    
00819a3c  ti_sysbios_heaps_HeapMem_A_zeroBlock__C                      
00819a40  ti_sysbios_heaps_HeapMem_E_memory__C                         
00819a44  ti_sysbios_heaps_HeapMem_Module__diagsEnabled__C             
00819a48  ti_sysbios_heaps_HeapMem_Module__diagsIncluded__C            
00819a4c  ti_sysbios_heaps_HeapMem_Module__diagsMask__C                
00819a50  ti_sysbios_heaps_HeapMem_Module__gateObj__C                  
00819a54  ti_sysbios_heaps_HeapMem_Object__count__C                    
00819a58  ti_sysbios_heaps_HeapMem_reqAlign__C                         
00819a5c  ti_sysbios_knl_Clock_Module_State_clockQ__O                  
00819a60  ti_sysbios_knl_Semaphore_A_badContext__C                     
00819a64  ti_sysbios_knl_Semaphore_A_noEvents__C                       
00819a68  ti_sysbios_knl_Semaphore_A_overflow__C                       
00819a6c  ti_sysbios_knl_Semaphore_A_pendTaskDisabled__C               
00819a70  ti_sysbios_knl_Semaphore_Instance_State_pendQ__O             
00819a74  ti_sysbios_knl_Semaphore_Module__diagsEnabled__C             
00819a78  ti_sysbios_knl_Semaphore_Module__diagsIncluded__C            
00819a7c  ti_sysbios_knl_Semaphore_Module__diagsMask__C                
00819a80  ti_sysbios_knl_Swi_Object__count__C                          
00819a84  ti_sysbios_knl_Task_A_badPriority__C                         
00819a88  ti_sysbios_knl_Task_A_badTaskState__C                        
00819a8c  ti_sysbios_knl_Task_A_badThreadType__C                       
00819a90  ti_sysbios_knl_Task_A_badTimeout__C                          
00819a94  ti_sysbios_knl_Task_A_noPendElem__C                          
00819a98  ti_sysbios_knl_Task_A_sleepTaskDisabled__C                   
00819a9c  ti_sysbios_knl_Task_E_spOutOfBounds__C                       
00819aa0  ti_sysbios_knl_Task_E_stackOverflow__C                       
00819aa4  ti_sysbios_knl_Task_Module_State_inactiveQ__O                
00819aa8  ti_sysbios_knl_Task_Module__diagsEnabled__C                  
00819aac  ti_sysbios_knl_Task_Module__diagsIncluded__C                 
00819ab0  ti_sysbios_knl_Task_Module__diagsMask__C                     
00819ab4  ti_sysbios_knl_Task_Object__count__C                         
00819ab8  ti_sysbios_knl_Task_Object__heap__C                          
00819abc  ti_sysbios_knl_Task_allBlockedFunc__C                        
00819ac0  ti_sysbios_knl_Task_defaultStackHeap__C                      
00819ac4  ti_sysbios_knl_Task_defaultStackSize__C                      
00819ac8  ti_sysbios_knl_Task_numConstructedTasks__C                   
00819acc  ti_sysbios_timers_rti_Timer_E_cannotSupport__C               
00819ad0  ti_sysbios_timers_rti_Timer_Module__diagsEnabled__C          
00819ad4  ti_sysbios_timers_rti_Timer_Module__diagsIncluded__C         
00819ad8  ti_sysbios_timers_rti_Timer_Module__diagsMask__C             
00819adc  ti_sysbios_timers_rti_Timer_numTimerDevices__C               
00819ae0  ti_sysbios_timers_rti_Timer_startupNeeded__C                 
00819ae4  ti_sysbios_utils_Load_Module_State_taskList__O               
00819ae8  ti_sysbios_utils_Load_Module__diagsEnabled__C                
00819aec  ti_sysbios_utils_Load_Module__diagsIncluded__C               
00819af0  ti_sysbios_utils_Load_Module__diagsMask__C                   
00819af4  ti_sysbios_utils_Load_postUpdate__C                          
00819af8  ti_sysbios_utils_Load_windowInMs__C                          
00819afc  xdc_runtime_Assert_E_assertFailed__C                         
00819b00  xdc_runtime_Core_A_initializedParams__C                      
00819b04  xdc_runtime_Core_Module__diagsEnabled__C                     
00819b08  xdc_runtime_Core_Module__diagsIncluded__C                    
00819b0c  xdc_runtime_Core_Module__diagsMask__C                        
00819b10  xdc_runtime_Error_E_memory__C                                
00819b14  xdc_runtime_Error_policyFxn__C                               
00819b18  xdc_runtime_Error_policy__C                                  
00819b1c  xdc_runtime_Error_raiseHook__C                               
00819b20  xdc_runtime_IFilterLogger_Interface__BASE__C                 
00819b24  xdc_runtime_IGateProvider_Interface__BASE__C                 
00819b28  xdc_runtime_IHeap_Interface__BASE__C                         
00819b2c  xdc_runtime_ILogger_Interface__BASE__C                       
00819b30  xdc_runtime_IModule_Interface__BASE__C                       
00819b34  xdc_runtime_LoggerBuf_E_badLevel__C                          
00819b38  xdc_runtime_LoggerBuf_Module__gateObj__C                     
00819b3c  xdc_runtime_LoggerBuf_Object__count__C                       
00819b40  xdc_runtime_LoggerBuf_statusLogger__C                        
00819b44  xdc_runtime_Memory_defaultHeapInstance__C                    
00819b48  xdc_runtime_Startup_execImpl__C                              
00819b4c  xdc_runtime_Startup_maxPasses__C                             
00819b50  xdc_runtime_Startup_sfxnRts__C                               
00819b54  xdc_runtime_Startup_sfxnTab__C                               
00819b58  xdc_runtime_System_Module__gateObj__C                        
00819b5c  xdc_runtime_System_abortFxn__C                               
00819b60  xdc_runtime_System_exitFxn__C                                
00819b64  xdc_runtime_System_extendFxn__C                              
00819b68  xdc_runtime_System_maxAtexitHandlers__C                      
00819b6c  xdc_runtime_Text_charTab__C                                  
00819b70  xdc_runtime_Text_nameEmpty__C                                
00819b74  xdc_runtime_Text_nameStatic__C                               
00819b78  xdc_runtime_Text_nameUnknown__C                              
00819b7c  xdc_runtime_Text_nodeTab__C                                  
00819b80  xdc_runtime_Text_visitRopeFxn__C                             
00819b84  ti_sysbios_family_c64p_Exception_Module__id__C               
00819b86  ti_sysbios_family_c64p_Exception_useInternalBuffer__C        
00819b88  ti_sysbios_gates_GateMutex_Module__id__C                     
00819b8a  ti_sysbios_hal_Hwi_Module__id__C                             
00819b8c  ti_sysbios_heaps_HeapMem_Module__id__C                       
00819b8e  ti_sysbios_knl_Semaphore_Module__id__C                       
00819b90  ti_sysbios_knl_Task_Module__id__C                            
00819b92  ti_sysbios_timers_rti_Timer_Module__id__C                    
00819b94  ti_sysbios_timers_rti_Timer_continueOnSuspend__C             
00819b96  ti_sysbios_utils_Load_Module__id__C                          
00819b98  ti_sysbios_utils_Load_autoAddTasks__C                        
00819b9a  ti_sysbios_utils_Load_updateInIdle__C                        
00819b9c  xdc_runtime_Core_Module__id__C                               
00819b9e  xdc_runtime_Error_maxDepth__C                                
00819ba0  xdc_runtime_LoggerBuf_Module__id__C                          
00819ba2  xdc_runtime_LoggerBuf_filterByLevel__C                       
00819ba4  xdc_runtime_Main_Module__id__C                               
00819ba6  xdc_runtime_Memory_Module__id__C                             
00819ba8  xdc_runtime_Text_charCnt__C                                  
00819baa  xdc_runtime_Text_isLoaded__C                                 
00819bac  xdc_runtime_Text_registryModsLastId__C                       
00819bae  xdc_runtime_Text_unnamedModsLastId__C                        
00819bb0  ti_sysbios_family_c64p_EventCombiner_Module__state__V        
00819fb0  _ftable                                                      
0081a190  _stream                                                      
0081a230  ti_sysbios_utils_Load_Module__state__V                       
0081a2c8  ti_sysbios_knl_Swi_Module_State_0_readyQ__A                  
0081a348  ti_sysbios_knl_Task_Module_State_0_readyQ__A                 
0081a3c8  _device                                                      
0081a440  ti_sysbios_family_c64p_Hwi_Object__table__V                  
0081a4b8  ti_sysbios_family_c64p_Hwi_Module__state__V                  
0081a524  _lock                                                        
0081a528  ti_sysbios_knl_Task_Object__table__V                         
0081a584  gMailboxMCB                                                  
0081a5d4  ti_sysbios_knl_Task_Module__state__V                         
0081a61c  _unlock                                                      
0081a660  SOC_TranslateAddr_LUT                                        
0081a6e0  ti_sysbios_gates_GateMutex_Object__table__V                  
0081a720  ti_sysbios_timers_rti_Timer_Object__table__V                 
0081a75c  ti_sysbios_family_c64p_Exception_Module__state__V            
0081a78c  __TI_ft_end                                                  
0081a790  ti_sysbios_knl_Swi_Object__table__V                          
0081a7c0  ti_sysbios_knl_Clock_Module__state__V                        
0081a7ec  gDPC_ObjectDetectionCfg                                      
0081a810  ti_sysbios_BIOS_Module__state__V                             
0081a834  __errno                                                      
0081a834  errno                                                        
0081a838  xdc_runtime_LoggerBuf_Object__table__V                       
0081a85c  ti_sysbios_family_c64p_Cache_Module__state__V                
0081a880  xdc_runtime_Error_IgnoreBlock                                
0081a8a0  xdc_runtime_System_Module_State_0_atexitHandlers__A          
0081a8c0  ti_sysbios_knl_Swi_Module__state__V                          
0081a8dc  ti_sysbios_heaps_HeapBuf_Module__state__V                    
0081a8e0  ti_sysbios_utils_Load_Module_State_0_taskEnv__A              
0081a8fc  gMailboxDssBssHwCfg                                          
0081a914  gMailboxDssMssHwCfg                                          
0081a92c  gSOCHwAttrib                                                 
0081a944  xdc_runtime_Memory_Module__state__V                          
0081a948  ti_sysbios_heaps_HeapMem_Object__table__V                    
0081a960  ti_sysbios_timers_rti_Timer_Module_State_0_device__A         
0081a978  gDPMRemoteTable                                              
0081a98c  xdc_runtime_Error_Module__state__V                           
0081a990  ti_sysbios_timers_rti_Timer_Module_State_0_intFreqs__A       
0081a9a0  ti_sysbios_timers_rti_Timer_Module__state__V                 
0081a9b0  __TI_cleanup_ptr                                             
0081a9b4  __TI_dtors_ptr                                               
0081a9b8  __TI_enable_exit_profile_output                              
0081a9bc  ti_sysbios_knl_Task_Module__root__V                          
0081a9c8  gDPMHwAttrib                                                 
0081a9d0  ti_sysbios_gates_GateHwi_Module__root__V                     
0081a9d8  ti_sysbios_gates_GateMutex_Module__root__V                   
0081a9e0  ti_sysbios_hal_Hwi_Object__table__V                          
0081a9e8  ti_sysbios_heaps_HeapMem_Module__root__V                     
0081a9f0  ti_sysbios_knl_Queue_Module__root__V                         
0081a9f8  ti_sysbios_knl_Semaphore_Module__root__V                     
0081aa00  ti_sysbios_timers_rti_Timer_Module_State_0_handles__A        
0081aa08  xdc_runtime_LoggerBuf_Module__root__V                        
0081aa10  xdc_runtime_Registry_Module__state__V                        
0081aa18  xdc_runtime_Startup_Module__state__V                         
0081aa20  xdc_runtime_System_Module__state__V                          
0081aa28  xdc_runtime_LoggerBuf_Module__state__V                       
0081aa30  ti_sysbios_gates_GateHwi_Object__table__V                    
0081aa38  ti_sysbios_knl_Task_Module_State_0_idleTask__A               
0081aa40  ti_sysbios_utils_Load_Module_State_0_runningTask__A          
0081aa48  ti_sysbios_utils_Load_Module_State_0_taskStartTime__A        
0081aa50  _stack                                                       
0081b250  __CIOBUF_                                                    
0081b250  __TI_STACK_END                                               
0081b438  gDPM                                                         
0081b43c  regionId                                                     
00f00000  gDPC_ObjDetL1Heap                                            
20000000  gMmwL3                                                       
21080000  gHSRAM                                                       
ffffffff  __TI_pprof_out_hndl                                          
ffffffff  __TI_prof_data_size                                          
ffffffff  __TI_prof_data_start                                         
ffffffff  __binit__                                                    
ffffffff  __c_args__                                                   
ffffffff  binit                                                        
UNDEFED   __TI_CINIT_Base                                              
UNDEFED   __TI_CINIT_Limit                                             
UNDEFED   __TI_Handler_Table_Base                                      
UNDEFED   __TI_Handler_Table_Limit                                     
UNDEFED   __TI_INITARRAY_Base                                          
UNDEFED   __TI_INITARRAY_Limit                                         
UNDEFED   __TI_TLS_INIT_Base                                           
UNDEFED   __TI_TLS_INIT_Limit                                          

[787 symbols]
