******************************************************************************
                  TI ARM Linker PC v18.1.4                     
******************************************************************************
>> Linked Mon Mar 23 18:12:21 2020

OUTPUT FILE NAME:   <xwr68xx_mmw_demo_mss.xer4f>
ENTRY POINT SYMBOL: "_c_int00"  address: 00018dcc


MEMORY CONFIGURATION

         name            origin    length      used     unused   attr    fill
----------------------  --------  ---------  --------  --------  ----  --------
PAGE 0:
  VECTORS               00000000   00000100  0000003c  000000c4     X
  PROG_RAM              00000100   0007ff00  0002055e  0005f9a2  R  X
  DATA_RAM              08000000   00030000  0000f3fc  00020c04  RW  
  L3_RAM                51000000   000c0000  000c0000  00000000  RW  
  HWA_RAM               52030000   00010000  00000000  00010000  RW  
  HS_RAM                52080000   00008000  00000000  00008000  RW  

PAGE 1:
  L3_RAM                51000000   000c0000  00000000  000c0000  RW  


SEGMENT ALLOCATION MAP

run origin  load origin   length   init length attrs members
----------  ----------- ---------- ----------- ----- -------
00000000    00000000    0000003c   0000003c    r--
  00000000    00000000    0000003c   0000003c    r-- .vecs
00000100    00000100    00020568   00020568    r-x
  00000100    00000100    0001ee82   0001ee82    r-x .text
  0001ef88    0001ef88    000011b4   000011b4    r-- .const
  00020140    00020140    00000528   00000528    r-- .cinit
08000000    08000000    0000f400   00000000    rw-
  08000000    08000000    00008000   00000000    rw- systemHeap
  08008000    08008000    0000381c   00000000    rw- .bss
  0800b820    0800b820    00001be0   00000000    rw- .data
  0800d400    0800d400    00001000   00000000    rw- .dpcLocalRam
  0800e400    0800e400    00000800   00000000    rw- .myFiqStack
  0800ec00    0800ec00    00000800   00000000    rw- .stack
51000000    51000000    000c0000   00000000    rw-
  51000000    51000000    000c0000   00000000    rw- .l3ram


SECTION ALLOCATION MAP

 output                                  attributes/
section   page    origin      length       input sections
--------  ----  ----------  ----------   ----------------
systemHeap 
*          0    08000000    00008000     UNINITIALIZED
                  08000000    00008000     mmw_mss_per4ft.oer4ft (systemHeap)

.dpcLocalRam 
*          0    0800d400    00001000     UNINITIALIZED
                  0800d400    00001000     mss_main.oer4f (.dpcLocalRam)

.vecs      0    00000000    0000003c     
                  00000000    0000003c     mmw_mss_per4ft.oer4ft (.vecs)

.text      0    00000100    0001ee82     
                  00000100    00000a36     rtsv7R4_T_le_v3D16_eabi.lib : _printfi.c.obj (.text:__TI_printfi)
                  00000b36    00000002     libadcbuf_xwr68xx.aer4f : adcbuf_mmwave.oer4f (.text:ADCBUF_MMWave_init)
                  00000b38    0000099c     mss_main.oer4f (.text:MmwDemo_dataPathConfig)
                  000014d4    0000068a     mmw_cli.oer4f (.text:MmwDemo_CLIInit)
                  00001b5e    00000002     libhwa_xwr68xx.aer4f : hwa.oer4f (.text:HWA_init)
                  00001b60    00000628     mss_main.oer4f (.text:MmwDemo_initTask)
                  00002188    00000604     rtsv7R4_T_le_v3D16_eabi.lib : k_rem_pio2.c.obj (.text:__kernel_rem_pio2)
                  0000278c    00000578     libhwa_xwr68xx.aer4f : hwa.oer4f (.text:HWA_configParamSet)
                  00002d04    00000564     librangeproc_hwa_xwr68xx.aer4f : rangeprochwa.oer4f (.text:DPU_RangeProcHWA_process)
                  00003268    00000008     libosal_xwr68xx.aer4f : HwiP_tirtos.oer4f (.text:HwiP_disable)
                  00003270    000004e1     sysbios.aer4ft : BIOS.obj (.text:xdc_runtime_System_doPrint__I)
                  00003751    00000001     --HOLE-- [fill = 0]
                  00003752    00000002     libmmwave_xwr68xx.aer4f : mmwave_link.oer4f (.text:MMWave_maskHostIRQ)
                  00003754    000004d4     mss_main.oer4f (.text:MmwDemo_handleObjectDetResult)
                  00003c28    000004a8     libadcbuf_xwr68xx.aer4f : adcbuf_mmwave.oer4f (.text:ADCBUF_MMWave_control)
                  000040d0    0000043c     librangeproc_hwa_xwr68xx.aer4f : rangeprochwa.oer4f (.text:DPU_RangeProcHWA_config)
                  0000450c    0000043c     mmwdemo_rfparser.oer4f (.text:MmwDemo_RFParser_parseCtrlConfig)
                  00004948    00000408     libcli_xwr68xx.aer4f : cli_mmwave.oer4f (.text:CLI_MMWaveVersion)
                  00004d50    000003fd     mmw_cli.oer4f (.text:MmwDemo_CLISensorStart)
                  0000514d    00000001     --HOLE-- [fill = 0]
                  0000514e    00000002     libuart_xwr68xx.aer4f : uartsci.oer4f (.text:UartSci_init)
                  00005150    000003f4     rtsv7R4_T_le_v3D16_eabi.lib : s_cos.c.obj (.text:cos)
                  00005544    000003e8                                 : strtod.c.obj (.text:strtod)
                  0000592c    000003e4     mss_main.oer4f (.text:MmwDemo_transmitProcessedOutput)
                  00005d10    00000334     mss_main.oer4f (.text:MmwDemo_DPC_ObjectDetection_reportFxn)
                  00006044    0000000c     libedma_xwr68xx.aer4f : edma_low_level.oer4f (.text:EDMA3ChannelToParamMap)
                  00006050    0000032c     sysbios.aer4ft : BIOS.obj (.text:ti_sysbios_knl_Semaphore_pend__E)
                  0000637c    00000328     mss_main.oer4f (.text:MmwDemo_processPendingDynamicCfgCommands)
                  000066a4    00000314     libsoc_xwr68xx.aer4f : soc_xwr68xx_mss.oer4f (.text:SOC_deviceInit)
                  000069b8    00000304     librangeproc_hwa_xwr68xx.aer4f : rangeprochwa.oer4f (.text:rangeProcHWA_ConfigEDMA_DataOut_nonInterleave)
                  00006cbc    000002f8     libcbuff_xwr68xx.aer4f : cbuff.oer4f (.text:CBUFF_createSession)
                  00006fb4    0000000c     libedma_xwr68xx.aer4f : edma_low_level.oer4f (.text:EDMAsetRegion)
                  00006fc0    000002d0     sysbios.aer4ft : BIOS.obj (.text:ti_sysbios_knl_Task_Instance_finalize__E)
                  00007290    000002b8     rtsv7R4_T_le_v3D16_eabi.lib : ull_div32.asm.obj (.text)
                  00007548    00000008     libmmwave_xwr68xx.aer4f : mmwave.oer4f (.text:MMWave_decodeErrorLevel)
                  00007550    000002a4     sysbios.aer4ft : BIOS.obj (.text:ti_sysbios_heaps_HeapMem_freeUnprotected__E)
                  000077f4    00000284     libmmwave_xwr68xx.aer4f : mmwave_dualcore.oer4f (.text:MMWave_deviceExecuteFxn)
                  00007a78    00000280     libhsiheader_xwr68xx.aer4f : hsiheader.oer4f (.text:HSIHeader_createHeader)
                  00007cf8    00000008     libmmwave_xwr68xx.aer4f : mmwave_link.oer4f (.text:MMWave_mboxCallbackFxn)
                  00007d00    00000280     sysbios.aer4ft : BIOS.obj (.text:ti_sysbios_family_arm_exc_Exception_excDumpContext__I)
                  00007f80    00000278     mss_main.oer4f (.text:MmwDemo_sensorStopEpilog)
                  000081f8    00000264     libcbuff_xwr68xx.aer4f : cbuff.oer4f (.text:CBUFF_init)
                  0000845c    00000260     libmailbox_xwr68xx.aer4f : mailbox.oer4f (.text:Mailbox_open)
                  000086bc    00000254     libcli_xwr68xx.aer4f : cli_mmwave.oer4f (.text:CLI_MMWaveProfileCfg)
                  00008910    00000248     rtsv7R4_T_le_v3D16_eabi.lib : _printfi.c.obj (.text:_pconv_a)
                  00008b58    00000240     objdetrangehwa.oer4f (.text:DPC_ObjDetRangeHwa_rangeConfig)
                  00008d98    0000023c     mmw_lvds_stream.oer4f (.text:MmwDemo_LVDSStreamHwConfig)
                  00008fd4    0000000c     libmmwave_xwr68xx.aer4f : mmwave_dualcore.oer4f (.text:MMWave_deviceMailboxCallbackFxn)
                  00008fe0    00000238     sysbios.aer4ft : BIOS.obj (.text:ti_sysbios_heaps_HeapMem_allocUnprotected__E)
                  00009218    0000022c     libcbuff_xwr68xx.aer4f : cbuff_lvds.oer4f (.text:CBUFF_openLVDS)
                  00009444    0000022c     librangeproc_hwa_xwr68xx.aer4f : rangeprochwa.oer4f (.text:rangeProcHWA_ConfigHWA)
                  00009670    00000224     sysbios.aer4ft : BIOS.obj (.text:ti_sysbios_timers_rti_Timer_Module_startup__E)
                  00009894    00000214     libuart_xwr68xx.aer4f : uartsci.oer4f (.text:UartSci_open)
                  00009aa8    00000210     mss_main.oer4f (.text:MmwDemo_eventCallbackFxn)
                  00009cb8    00000210     mss_main.oer4f (.text:MmwDemo_openSensor)
                  00009ec8    0000020a     libcbuff_xwr68xx.aer4f : cbuff_transfer.oer4f (.text:CBUFF_addLinkedList)
                  0000a0d2    0000000e     libsoc_xwr68xx.aer4f : soc_xwr68xx_mss.oer4f (.text:SOC_microDelay)
                  0000a0e0    00000208     sysbios.aer4ft : BIOS.obj (.text:ti_sysbios_knl_Task_sleep__E)
                  0000a2e8    00000204     libcli_xwr68xx.aer4f : cli_mmwave.oer4f (.text:CLI_MMWaveChirpCfg)
                  0000a4ec    00000200     libcrc_xwr68xx.aer4f : crc.oer4f (.text:CRC_open)
                  0000a6ec    00000200     mss_main.oer4f (.text:MmwDemo_stopSensor)
                  0000a8ec    00000004     libosal_xwr68xx.aer4f : HwiP_tirtos.oer4f (.text:HwiP_disableInterrupt)
                  0000a8f0    00000200     sysbios.aer4ft : BIOS.obj (.text:ti_sysbios_knl_Task_Instance_init__E)
                  0000aaf0    000001f8     objdetrangehwa.oer4f (.text:DPC_ObjectDetection_ioctl)
                  0000ace8    000001f2     libhwa_xwr68xx.aer4f : hwa.oer4f (.text:HWA_configCommon)
                  0000aeda    00000002     rtsv7R4_T_le_v3D16_eabi.lib : _lock.c.obj (.text:_nop)
                  0000aedc    000001f0     libdma_xwr68xx.aer4f : dma.oer4f (.text:DMA_setChannelParams)
                  0000b0cc    000001d4     libcbuff_xwr68xx.aer4f : cbuff_edma.oer4f (.text:CBUFF_configEDMA)
                  0000b2a0    000001cc     sysbios.aer4ft : BIOS.obj (.text:ti_sysbios_family_arm_v7r_vim_Hwi_dispatchIRQC__I)
                  0000b46c    000001c8     libcbuff_xwr68xx.aer4f : cbuff_lvds.oer4f (.text:CBUFF_initLVDS)
                  0000b634    000001c8     libmmwavelink_xwr68xx.aer4f : rl_driver.oer4f (.text:rlDriverRxHdrRead)
                  0000b7fc    000001c0     libedma_xwr68xx.aer4f : edma.oer4f (.text:EDMA_open)
                  0000b9bc    000001b0     mss_main.oer4f (.text:MmwDemo_startSensor)
                  0000bb6c    000001b0     libmmwavelink_xwr68xx.aer4f : rl_driver.oer4f (.text:rlDriverMsgRead)
                  0000bd1c    000001a8     mss_main.oer4f (.text:MmwDemo_bpmConfig)
                  0000bec4    000001a4     libcbuff_xwr68xx.aer4f : cbuff.oer4f (.text:CBUFF_activateSession)
                  0000c068    000001a4     libcli_xwr68xx.aer4f : cli_mmwave.oer4f (.text:CLI_MMWaveSubFrameCfg)
                  0000c20c    000001a4     libmmwave_xwr68xx.aer4f : mmwave_dualcore.oer4f (.text:MMWave_serializeCfg)
                  0000c3b0    000001a0     rtsv7R4_T_le_v3D16_eabi.lib : _printfi.c.obj (.text:_pconv_g)
                  0000c550    0000019c     libmmwave_xwr68xx.aer4f : mmwave_link.oer4f (.text:MMWave_openLink)
                  0000c6ec    00000004     libosal_xwr68xx.aer4f : HwiP_tirtos.oer4f (.text:HwiP_enableInterrupt)
                  0000c6f0    0000019c     sysbios.aer4ft : BIOS.obj (.text:xdc_runtime_Error_policyDefault__E)
                  0000c88c    00000198     mss_main.oer4f (.text:MmwDemo_transferLVDSUserData)
                  0000ca24    00000190     mmwdemo_rfparser.oer4f (.text:MmwDemo_RFParser_setAoAParams)
                  0000cbb4    00000190     libmmwavelink_xwr68xx.aer4f : rl_driver.oer4f (.text:rlDriverCmdInvoke)
                  0000cd44    00000188     libedma_xwr68xx.aer4f : edma.oer4f (.text:EDMA_configChannel)
                  0000cecc    00000188     libhwa_xwr68xx.aer4f : hwa.oer4f (.text:HWA_open)
                  0000d054    00000188     mmw_cli.oer4f (.text:MmwDemo_CLIConfigDataPort)
                  0000d1dc    00000004     libmmwave_xwr68xx.aer4f : mmwave_link.oer4f (.text:MMWave_disableDevice)
                  0000d1e0    00000184     sysbios.aer4ft : BIOS.obj (.text:xdc_runtime_LoggerBuf_write8__E)
                  0000d364    00000180     libdpm_xwr68xx.aer4f : dpm_core.oer4f (.text:DPM_init)
                  0000d4e4    00000180                          : dpm_msg.oer4f (.text:DPM_msgRecv)
                  0000d664    0000017c     mss_main.oer4f (.text:main)
                  0000d7e0    00000170     libgpio_xwr68xx.aer4f : gpio.oer4f (.text:GPIO_setConfig)
                  0000d950    0000016c     sysbios.aer4ft : BIOS.obj (.text:ti_sysbios_knl_Semaphore_post__E)
                  0000dabc    00000004     libmmwave_xwr68xx.aer4f : mmwave_link.oer4f (.text:MMWave_enableDevice)
                  0000dac0    00000168     sysbios.aer4ft : BIOS.obj (.text:ti_sysbios_family_arm_exc_Exception_excHandler__I)
                  0000dc28    00000164     mmw_lvds_stream.oer4f (.text:MmwDemo_LVDSStreamInit)
                  0000dd8c    00000164     mmw_lvds_stream.oer4f (.text:MmwDemo_LVDSStreamSwConfig)
                  0000def0    00000160     sysbios.aer4ft : BIOS.obj (.text:ti_sysbios_family_arm_v7r_vim_Hwi_reconfig__E)
                  0000e050    0000015c     objdetrangehwa.oer4f (.text:DPC_ObjectDetection_execute)
                  0000e1ac    00000004     libmmwave_xwr68xx.aer4f : mmwave_listlib.oer4f (.text:MMWave_listGetHead)
                  0000e1b0    00000158     sysbios.aer4ft : BIOS.obj (.text:ti_sysbios_knl_Task_postInit__I)
                  0000e308    00000154     objdetrangehwa.oer4f (.text:DPC_ObjectDetection_init)
                  0000e45c    0000014c     libcli_xwr68xx.aer4f : cli_mmwave.oer4f (.text:CLI_MMWaveFrameCfg)
                  0000e5a8    0000014c                          : cli.oer4f (.text:CLI_task)
                  0000e6f4    0000014c     libmmwave_xwr68xx.aer4f : mmwave_link.oer4f (.text:MMWave_initMMWaveLink)
                  0000e840    0000014a     libuart_xwr68xx.aer4f : uartsci.oer4f (.text:UartSci_ISR)
                  0000e98a    00000002     rtsv7R4_T_le_v3D16_eabi.lib : div0.asm.obj (.text)
                  0000e98c    00000148     libhsiheader_xwr68xx.aer4f : hsiheader.oer4f (.text:HSIHeader_init)
                  0000ead4    00000148     libmmwavelink_xwr68xx.aer4f : rl_driver.oer4f (.text:rlDriverCmdSendRetry)
                  0000ec1c    00000004     libmmwave_xwr68xx.aer4f : mmwave_listlib.oer4f (.text:MMWave_listGetNext)
                  0000ec20    00000140     sysbios.aer4ft : BIOS.obj (.text:ti_sysbios_heaps_HeapMem_Instance_init__E)
                  0000ed60    00000140                    : BIOS.obj (.text:xdc_runtime_Core_createObject__I)
                  0000eea0    0000013c     mmw_lvds_stream.oer4f (.text:MmwDemo_LVDSStreamDeleteHwSession)
                  0000efdc    00000004     libmmwave_xwr68xx.aer4f : mmwave_link.oer4f (.text:MMWave_mboxClose)
                  0000efe0    0000013c     sysbios.aer4ft : BIOS.obj (.text:ti_sysbios_knl_Clock_workFunc__E)
                  0000f11c    00000134     libadcbuf_xwr68xx.aer4f : adcbuf_mmwave.oer4f (.text:ADCBUF_MMWave_open)
                  0000f250    00000134     sysbios.aer4ft : BIOS.obj (.text:xdc_runtime_Startup_startMods__I)
                  0000f384    00000130     mmw_lvds_stream.oer4f (.text:MmwDemo_LVDSStreamDeleteSwSession)
                  0000f4b4    0000012c     librangeproc_hwa_xwr68xx.aer4f : rangeprochwa.oer4f (.text:rangeProcHWA_ConfigEDMADummyThreeLinks)
                  0000f5e0    00000128     libmathutils.aer4f : mathutils.oer4f (.text:mathUtils_genWindow)
                  0000f708    00000008     libosal_xwr68xx.aer4f : MemoryP_tirtos.oer4f (.text:MemoryP_getStats)
                  0000f710    00000128     sysbios.aer4ft : BIOS.obj (.text:ti_sysbios_utils_Load_updateThreadContexts__E)
                  0000f838    00000124     libcli_xwr68xx.aer4f : cli_mmwave.oer4f (.text:CLI_MMWaveAdvFrameCfg)
                  0000f95c    00000124                          : cli_mmwave.oer4f (.text:CLI_MMWaveContModeCfg)
                  0000fa80    00000124     libedma_xwr68xx.aer4f : edma.oer4f (.text:EDMA_init)
                  0000fba4    0000000c     libmmwave_xwr68xx.aer4f : mmwave_osal.oer4f (.text:MMWave_osalMutexUnlock)
                  0000fbb0    00000120     sysbios.aer4ft : BIOS.obj (.text:xdc_runtime_LoggerBuf_write4__E)
                  0000fcd0    0000011c     mmw_cli.oer4f (.text:MmwDemo_CLILvdsStreamCfg)
                  0000fdec    00000004     libmmwave_xwr68xx.aer4f : mmwave_link.oer4f (.text:MMWave_mboxRead)
                  0000fdf0    00000118     sysbios.aer4ft : BIOS.obj (.text:ti_sysbios_family_arm_v7r_vim_Hwi_Instance_init__E)
                  0000ff08    00000116     mmw_cli.oer4f (.text:MmwDemo_CLICalibDcRangeSig)
                  0001001e    00000002     mmw_mss_per4ft.oer4ft (.text:ti_sysbios_BIOS_nullFunc__I)
                  00010020    00000114     libedma_xwr68xx.aer4f : edma.oer4f (.text:EDMA_configErrorMonitoring)
                  00010134    00000110                           : edma.oer4f (.text:EDMA_transferComplete_isr)
                  00010244    0000010c     libdpedma_hwa_xwr68xx.aer4f : dpedma.oer4f (.text:DPEDMA_configSyncAB)
                  00010350    0000010c     libdpm_xwr68xx.aer4f : dpm_msg.oer4f (.text:DPM_msgResultHandler)
                  0001045c    0000010c     libmmwave_xwr68xx.aer4f : mmwave_link.oer4f (.text:MMWave_asyncEventHandler)
                  00010568    0000010c                             : mmwave_dualcore.oer4f (.text:MMWave_deviceInitFxn)
                  00010674    0000000c                             : mmwave_osal.oer4f (.text:MMWave_osalSemSignal)
                  00010680    0000010c     sysbios.aer4ft : BIOS.obj (.text:ti_sysbios_knl_Task_schedule__I)
                  0001078c    00000004     libmmwave_xwr68xx.aer4f : mmwave_link.oer4f (.text:MMWave_registerInterruptHandler)
                  00010790    0000010c     sysbios.aer4ft : BIOS.obj (.text:xdc_runtime_Core_constructObject__I)
                  0001089c    00000108     libdma_xwr68xx.aer4f : dma.oer4f (.text:DMA_disableInterrupt)
                  000109a4    00000108     libmailbox_xwr68xx.aer4f : mailbox.oer4f (.text:Mailbox_write)
                  00010aac    00000108     mmw_cli.oer4f (.text:MmwDemo_CLICfarCfg)
                  00010bb4    00000104     libcbuff_xwr68xx.aer4f : cbuff.oer4f (.text:CBUFF_deinit)
                  00010cb8    00000104     libdpedma_hwa_xwr68xx.aer4f : dpedma.oer4f (.text:DPEDMA_configSyncA_singleFrame)
                  00010dbc    00000104     libmmwave_xwr68xx.aer4f : mmwave_link.oer4f (.text:MMWave_startLink)
                  00010ec0    00000104     mmw_cli.oer4f (.text:MmwDemo_CLIChirpQualityRxSatMonCfg)
                  00010fc4    00000104     mmw_cli.oer4f (.text:MmwDemo_CLICompRangeBiasAndRxChanPhaseCfg)
                  000110c8    00000104     rtsv7R4_T_le_v3D16_eabi.lib : _printfi.c.obj (.text:_pconv_e)
                  000111cc    00000004     libmmwave_xwr68xx.aer4f : mmwave_link.oer4f (.text:MMWave_unmaskHostIRQ)
                  000111d0    00000104     sysbios.aer4ft : BIOS.obj (.text:ti_sysbios_timers_rti_Timer_getFreq__E)
                  000112d4    00000100     libcli_xwr68xx.aer4f : cli_mmwave.oer4f (.text:CLI_MMWaveBPMCfgAdvanced)
                  000113d4    00000100     libdma_xwr68xx.aer4f : dma.oer4f (.text:DMA_clearChannelInterruptFlag)
                  000114d4    00000100     libmmwavelink_xwr68xx.aer4f : rl_driver.oer4f (.text:rlDriverInit)
                  000115d4    000000fc     libcbuff_xwr68xx.aer4f : cbuff.oer4f (.text:CBUFF_deleteSession)
                  000116d0    000000fc     libcrc_xwr68xx.aer4f : crc.oer4f (.text:CRC_computeSignature)
                  000117cc    000000fc     mmw_cli.oer4f (.text:MmwDemo_CLIADCBufCfg)
                  000118c8    000000fc     rtsv7R4_T_le_v3D16_eabi.lib : _printfi.c.obj (.text:fcvt)
                  000119c4    0000000c     libuart_xwr68xx.aer4f : UART.oer4f (.text:UART_Params_init)
                  000119d0    000000fc     sysbios.aer4ft : BIOS.obj (.text:ti_sysbios_knl_Task_exit__E)
                  00011acc    000000fa     mss_main.oer4f (.text:MmwDemo_setSubFramePendingState)
                  00011bc6    00000002     mmw_mss_per4ft.oer4ft (.text:xdc_runtime_Startup_reset__I)
                  00011bc8    000000f8     mmw_lvds_stream.oer4f (.text:MmwDemo_configLVDSHwData)
                  00011cc0    000000f8     libmmwavelink_xwr68xx.aer4f : rl_driver.oer4f (.text:rlDriverRdVerifyMsg)
                  00011db8    000000f8     mmw_mss_per4ft.oer4ft (.text:xdc_runtime_System_printfExtend__I)
                  00011eb0    000000f0     rtsv7R4_T_le_v3D16_eabi.lib : s_scalbn.c.obj (.text:scalbn)
                  00011fa0    000000f0     sysbios.aer4ft : BIOS.obj (.text:ti_sysbios_family_arm_v7r_vim_Hwi_Module_startup__E)
                  00012090    000000f0                    : BIOS.obj (.text:ti_sysbios_knl_Task_startCore__E)
                  00012180    000000f0                    : BIOS.obj (.text:ti_sysbios_utils_Load_taskCreateHook__E)
                  00012270    000000ec                    : BIOS.obj (.text:ti_sysbios_heaps_HeapBuf_Module_startup__E)
                  0001235c    000000ea     libdpedma_hwa_xwr68xx.aer4f : dpedmahwa.oer4f (.text:DPEDMAHWA_configTwoHotSignature)
                  00012446    00000002     --HOLE-- [fill = 0]
                  00012448    000000e8     mmw_cli.oer4f (.text:MmwDemo_CLIChirpQualitySigImgMonCfg)
                  00012530    000000e4     mmw_cli.oer4f (.text:MmwDemo_CLIBpmCfg)
                  00012614    000000e4     libmmwavelink_xwr68xx.aer4f : rl_sensor.oer4f (.text:rlRfPhShiftCalibDataRestore)
                  000126f8    000000e2     libedma_xwr68xx.aer4f : edma.oer4f (.text:EDMA_paramConfig_assist)
                  000127da    00000002     --HOLE-- [fill = 0]
                  000127dc    000000e0     libcli_xwr68xx.aer4f : cli.oer4f (.text:CLI_open)
                  000128bc    000000e0     libdma_xwr68xx.aer4f : dma.oer4f (.text:DMA_enableInterrupt)
                  0001299c    000000e0     rtsv7R4_T_le_v3D16_eabi.lib : s_floor.c.obj (.text:floor)
                  00012a7c    000000dc     libmmwave_xwr68xx.aer4f : mmwave.oer4f (.text:MMWave_init)
                  00012b58    000000dc     rtsv7R4_T_le_v3D16_eabi.lib : setvbuf.c.obj (.text:setvbuf)
                  00012c34    000000d4     libmailbox_xwr68xx.aer4f : mailbox.oer4f (.text:Mailbox_read)
                  00012d08    000000d4     librangeproc_hwa_xwr68xx.aer4f : rangeprochwa.oer4f (.text:rangeProcHWA_ConfigEDMA_DataIn)
                  00012ddc    000000d4     libmmwavelink_xwr68xx.aer4f : rl_sensor.oer4f (.text:rlSetMultiBpmChirpConfig)
                  00012eb0    000000d4     sysbios.aer4ft : BIOS.obj (.text:ti_sysbios_utils_Load_logLoads__I)
                  00012f84    000000d0     librangeproc_hwa_xwr68xx.aer4f : rangeprochwa.oer4f (.text:DPU_RangeProcHWA_control)
                  00013054    000000d0     libsoc_xwr68xx.aer4f : soc_xwr68xx_mss.oer4f (.text:SOC_controlSecureFirewall)
                  00013124    000000d0     sysbios.aer4ft : exc_Exception_asm.obj (.text:ti_sysbios_family_arm_exc_Exception_excHandlerAsm__I)
                  000131f4    0000000c     libuart_xwr68xx.aer4f : uartsci_dma.oer4f (.text:UartSci_isDMAEnabled)
                  00013200    000000d0     sysbios.aer4ft : BIOS.obj (.text:ti_sysbios_utils_Load_idleFxn__E)
                  000132d0    000000d0                    : BIOS.obj (.text:xdc_runtime_LoggerBuf_Instance_init__E)
                  000133a0    000000cc     libhwa_xwr68xx.aer4f : hwa.oer4f (.text:HWA_enableParamSetInterrupt)
                  0001346c    000000cc     mss_main.oer4f (.text:MmwDemo_configSensor)
                  00013538    000000cc     libmmwavelink_xwr68xx.aer4f : rl_sensor.oer4f (.text:rlRfCalibDataRestore)
                  00013604    000000cc                                 : rl_sensor.oer4f (.text:rlSetChirpConfig)
                  000136d0    000000cc     sysbios.aer4ft : BIOS.obj (.text:ti_sysbios_knl_Task_checkStacks__E)
                  0001379c    000000c8     libmmwave_xwr68xx.aer4f : mmwave_fullcfg.oer4f (.text:MMWave_addChirp)
                  00013864    000000c8                             : mmwave_link.oer4f (.text:MMWave_configBPM)
                  0001392c    000000c8                             : mmwave_fullcfg.oer4f (.text:MMWave_flushCfg)
                  000139f4    000000c8                             : mmwave_fullcfg.oer4f (.text:MMWave_getChirpHandle)
                  00013abc    000000c8     libsoc_xwr68xx.aer4f : soc_xwr68xx.oer4f (.text:SOC_ungateClock)
                  00013b84    000000c8     libmmwavelink_xwr68xx.aer4f : rl_sensor.oer4f (.text:rlSetFrameConfig)
                  00013c4c    000000c4     libcbuff_xwr68xx.aer4f : cbuff_transfer.oer4f (.text:CBUFF_setupNonInterleaved_CP_ADC_CQ)
                  00013d10    000000c4     libdpm_xwr68xx.aer4f : dpm_core.oer4f (.text:DPM_deinit)
                  00013dd4    000000c4                          : dpm_core.oer4f (.text:DPM_ioctl)
                  00013e98    000000c4     libmmwavelink_xwr68xx.aer4f : rl_driver.oer4f (.text:rlDriverMsgCmdReply)
                  00013f5c    00000004     libmmwave_xwr68xx.aer4f : mmwave_link.oer4f (.text:MMWave_waitIRQStatus)
                  00013f60    000000c4     sysbios.aer4ft : BIOS.obj (.text:ti_sysbios_family_arm_v7a_Pmu_configureCounter__E)
                  00014024    000000c0     librangeproc_hwa_xwr68xx.aer4f : rangeprochwa.oer4f (.text:DPU_RangeProcHWA_init)
                  000140e4    000000c0     mmw_cli.oer4f (.text:MmwDemo_CLIAnalogMonitorCfg)
                  000141a4    000000c0     mss_main.oer4f (.text:MmwDemo_isAllCfgInPendingState)
                  00014264    000000c0     libmmwavelink_xwr68xx.aer4f : rl_driver.oer4f (.text:rlDriverMsgWrite)
                  00014324    0000000c     rtsv7R4_T_le_v3D16_eabi.lib : _lock.c.obj (.text:_register_lock)
                  00014330    000000c0     sysbios.aer4ft : BIOS.obj (.text:ti_sysbios_timers_rti_Timer_startup__E)
                  000143f0    000000bc     libcli_xwr68xx.aer4f : cli.oer4f (.text:CLI_help)
                  000144ac    000000bc     libgpio_xwr68xx.aer4f : gpio.oer4f (.text:GPIO_write)
                  00014568    000000bc     libmmwave_xwr68xx.aer4f : mmwave_link.oer4f (.text:MMWave_computeCRC)
                  00014624    000000bc     mmw_lvds_stream.oer4f (.text:MmwDemo_LVDSStream_EDMAInit)
                  000146e0    000000b8     libcbuff_xwr68xx.aer4f : cbuff.oer4f (.text:CBUFF_ISR)
                  00014798    000000b8                            : cbuff_transfer.oer4f (.text:CBUFF_setupTransfer)
                  00014850    000000b8     libdma_xwr68xx.aer4f : dma.oer4f (.text:DMA_getChannelInterruptFlag)
                  00014908    000000b6     libsoc_xwr68xx.aer4f : soc_mpu.o (.text)
                  000149be    00000002     --HOLE-- [fill = 0]
                  000149c0    000000b4     rtsv7R4_T_le_v3D16_eabi.lib : k_cos.c.obj (.text:__kernel_cos)
                  00014a74    0000000c                                 : _lock.c.obj (.text:_register_unlock)
                  00014a80    000000b4     sysbios.aer4ft : BIOS.obj (.text:ti_sysbios_gates_GateMutex_enter__E)
                  00014b34    0000000c                    : arm_IntrinsicsSupport_asm.obj (.text:_ti_sysbios_family_arm_IntrinsicsSupport_maxbitA)
                  00014b40    000000b4                    : BIOS.obj (.text:xdc_runtime_LoggerBuf_setFilterLevel__E)
                  00014bf4    000000b2     libuart_xwr68xx.aer4f : uartsci_dma.oer4f (.text:UartSci_openDMA)
                  00014ca6    00000002     --HOLE-- [fill = 0]
                  00014ca8    000000b0     libcbuff_xwr68xx.aer4f : cbuff.oer4f (.text:CBUFF_deactivateSession)
                  00014d58    000000b0     libmmwave_xwr68xx.aer4f : mmwave_fullcfg.oer4f (.text:MMWave_addProfile)
                  00014e08    000000b0     mss_main.oer4f (.text:MmwDemo_isAllCfgInNonPendingState)
                  00014eb8    000000b0     libmmwavelink_xwr68xx.aer4f : rl_sensor.oer4f (.text:rlSetProfileConfig)
                  00014f68    00000008     libosal_xwr68xx.aer4f : SemaphoreP_tirtos.oer4f (.text:SemaphoreP_Params_init)
                  00014f70    000000b0     sysbios.aer4ft : BIOS.obj (.text:ti_sysbios_utils_Load_updateLoads__E)
                  00015020    000000b0                    : BIOS.obj (.text:xdc_runtime_Text_putMod__E)
                  000150d0    000000ae     mmwdemo_adcconfig.oer4f (.text:MmwDemo_ADCBufConfig)
                  0001517e    00000002     --HOLE-- [fill = 0]
                  00015180    000000ad     rtsv7R4_T_le_v3D16_eabi.lib : _printfi.c.obj (.text:_ltostr)
                  0001522d    00000003     --HOLE-- [fill = 0]
                  00015230    000000ac     libesm_xwr68xx.aer4f : esm.oer4f (.text:ESM_processInterrupt)
                  000152dc    000000ac     mss_main.oer4f (.text:MmwDemo_edmaOpen)
                  00015388    00000008     rtsv7R4_T_le_v3D16_eabi.lib : errno.c.obj (.text:__aeabi_errno_addr)
                  00015390    000000ac     sysbios.aer4ft : BIOS.obj (.text:ti_sysbios_knl_Task_Module_startup__E)
                  0001543c    00000004     mss_main.oer4f (.text:MmwDemo_sleep)
                  00015440    000000ac     sysbios.aer4ft : BIOS.obj (.text:ti_sysbios_utils_Load_startup__E)
                  000154ec    000000a8     libadcbuf_xwr68xx.aer4f : adcbuf_mmwave.oer4f (.text:ADCBUF_MMWave_getChanBufAddr)
                  00015594    000000a8     libcli_xwr68xx.aer4f : cli_mmwave.oer4f (.text:CLI_MMWaveExtensionHelp)
                  0001563c    000000a8     libedma_xwr68xx.aer4f : edma_low_level.oer4f (.text:EDMA3Init)
                  000156e4    000000a8     libmmwave_xwr68xx.aer4f : mmwave_link.oer4f (.text:MMWave_configureProfileChirp)
                  0001578c    000000a8                             : mmwave_fullcfg.oer4f (.text:MMWave_getBpmChirpHandle)
                  00015834    000000a8     libpinmux_xwr68xx.aer4f : pinmux.oer4f (.text:Pinmux_Set_OverrideCtrl)
                  000158dc    000000a8     libsoc_xwr68xx.aer4f : soc.oer4f (.text:SOC_deregisterSysIntListener)
                  00015984    000000a8     rtsv7R4_T_le_v3D16_eabi.lib : k_sin.c.obj (.text:__kernel_sin)
                  00015a2c    000000a8     libmmwavelink_xwr68xx.aer4f : rl_driver.oer4f (.text:rlDriverWaitForResponse)
                  00015ad4    000000a8                                 : rl_sensor.oer4f (.text:rlSetAdvFrameConfig)
                  00015b7c    000000a4     libdma_xwr68xx.aer4f : dma.oer4f (.text:DMA_assignChannel)
                  00015c20    000000a4     libesm_xwr68xx.aer4f : esm.oer4f (.text:ESM_init)
                  00015cc4    000000a4     libmmwave_xwr68xx.aer4f : mmwave_fullcfg.oer4f (.text:MMWave_addBpmChirp)
                  00015d68    000000a4                             : mmwave.oer4f (.text:MMWave_start)
                  00015e0c    000000a4     libsoc_xwr68xx.aer4f : soc_xwr68xx_mss.oer4f (.text:SOC_unhaltDSS)
                  00015eb0    000000a2     sysbios.aer4ft : BIOS.obj (.text:xdc_runtime_Text_putSite__E)
                  00015f52    00000002     --HOLE-- [fill = 0]
                  00015f54    000000a0     libsoc_xwr68xx.aer4f : soc.oer4f (.text:SOC_registerSysIntListener)
                  00015ff4    000000a0     auto_init.aer4ft : auto_init.oer4ft (.text)
                  00016094    0000000c     rtsv7R4_T_le_v3D16_eabi.lib : copy_zero_init.c.obj (.text:decompress:ZI:__TI_zero_init)
                  000160a0    000000a0     sysbios.aer4ft : BIOS.obj (.text:ti_sysbios_knl_Task_blockI__E)
                  00016140    0000009c     libmmwave_xwr68xx.aer4f : mmwave_link.oer4f (.text:MMWave_configLink)
                  000161dc    0000009c                             : mmwave_fullcfg.oer4f (.text:MMWave_getProfileHandle)
                  00016278    0000009c     mmw_cli.oer4f (.text:MmwDemo_CLIMeasureRangeBiasAndRxChanPhaseCfg)
                  00016314    0000009c     libuart_xwr68xx.aer4f : uartsci.oer4f (.text:UartSci_write)
                  000163b0    0000009c     rtsv7R4_T_le_v3D16_eabi.lib : memcpy_t2.asm.obj (.text)
                  0001644c    00000004                                 : exit.c.obj (.text:abort:abort)
                  00016450    0000009c     sysbios.aer4ft : BIOS.obj (.text:ti_sysbios_family_arm_v7r_vim_Hwi_initIntController__I)
                  000164ec    00000004     mmw_mss_per4ft.oer4ft (.text:ti_sysbios_BIOS_RtsGateProxy_enter__E)
                  000164f0    0000009c     sysbios.aer4ft : BIOS.obj (.text:ti_sysbios_family_arm_v7r_vim_Hwi_mapChannel__I)
                  0001658c    00000004     mmw_mss_per4ft.oer4ft (.text:ti_sysbios_BIOS_RtsGateProxy_leave__E)
                  00016590    0000009c     sysbios.aer4ft : BIOS.obj (.text:ti_sysbios_knl_Semaphore_Instance_init__E)
                  0001662c    0000009a     libdpm_xwr68xx.aer4f : dpm_msg.oer4f (.text:DPM_msgResponseHandler)
                  000166c6    00000002     --HOLE-- [fill = 0]
                  000166c8    00000098     libmmwave_xwr68xx.aer4f : mmwave_fullcfg.oer4f (.text:MMWave_getChirpCfg)
                  00016760    00000098     mmwdemo_rfparser.oer4f (.text:MmwDemo_RFParser_parseConfig)
                  000167f8    00000098     sysbios.aer4ft : vim_Hwi_asm_switch.obj (.text)
                  00016890    00000098                    : BIOS.obj (.text:ti_sysbios_utils_Load_taskDeleteHook__E)
                  00016928    00000096     libedma_xwr68xx.aer4f : edma.oer4f (.text:EDMA_getErrorStatusInfo)
                  000169be    00000096     libhwa_xwr68xx.aer4f : hwa.oer4f (.text:HWA_configRam)
                  00016a54    00000096     libuart_xwr68xx.aer4f : uartsci.oer4f (.text:UartSci_readChar)
                  00016aea    00000094     libcbuff_xwr68xx.aer4f : cbuff_transfer.oer4f (.text:CBUFF_setupNonInterleaved_ADC)
                  00016b7e    00000002     --HOLE-- [fill = 0]
                  00016b80    00000094     mmw_lvds_stream.oer4f (.text:MmwDemo_LVDSStream_EDMAAllocateCBUFFHwChannel)
                  00016c14    00000094     mmw_lvds_stream.oer4f (.text:MmwDemo_LVDSStream_EDMAAllocateCBUFFSwChannel)
                  00016ca8    00000094     libsoc_xwr68xx.aer4f : soc_xwr68xx.oer4f (.text:SOC_gateClock)
                  00016d3c    00000094     libmmwavelink_xwr68xx.aer4f : rl_driver.oer4f (.text:rlDriverDeInit)
                  00016dd0    00000094                                 : rl_driver.oer4f (.text:rlDriverMsgReadCmdCtx)
                  00016e64    00000094                                 : rl_driver.oer4f (.text:rlDriverProcRdMsg)
                  00016ef8    00000094     sysbios.aer4ft : vim_Hwi_asm.obj (.text:ti_sysbios_family_arm_v7r_vim_Hwi_dispatchIRQ__I)
                  00016f8c    00000090     libgpio_xwr68xx.aer4f : gpio.oer4f (.text:GPIO_init)
                  0001701c    00000090     libmailbox_xwr68xx.aer4f : mailbox.oer4f (.text:Mailbox_close)
                  000170ac    00000090     libuart_xwr68xx.aer4f : uartsci_dma.oer4f (.text:UartSci_initiateTxDMA)
                  0001713c    00000090                           : uartsci.oer4f (.text:UartSci_read)
                  000171cc    00000090     rtsv7R4_T_le_v3D16_eabi.lib : fputc.c.obj (.text:fputc)
                  0001725c    00000004     mmw_mss_per4ft.oer4ft (.text:ti_sysbios_family_arm_TaskSupport_Module__startupDone__S)
                  00017260    00000090     sysbios.aer4ft : BIOS.obj (.text:ti_sysbios_family_arm_v7a_Pmu_startCounter__E)
                  000172f0    00000090                    : BIOS.obj (.text:ti_sysbios_knl_Task_unblockI__E)
                  00017380    00000090                    : BIOS.obj (.text:xdc_runtime_LoggerBuf_getFilterLevel__E)
                  00017410    0000008c     libcli_xwr68xx.aer4f : cli_mmwave.oer4f (.text:CLI_MMWaveDataOutputMode)
                  0001749c    0000008c     libsoc_xwr68xx.aer4f : soc.oer4f (.text:SOC_getDeviceRFFreqScaleFactor)
                  00017528    0000008c                          : soc_xwr68xx.oer4f (.text:SOC_translateAddress)
                  000175b4    0000008c     libuart_xwr68xx.aer4f : uartsci_dma.oer4f (.text:UartSci_initiateRxDMA)
                  00017640    0000008c     libmmwavelink_xwr68xx.aer4f : rl_device.oer4f (.text:rlDevicePowerOn)
                  000176cc    0000008c                                 : rl_driver.oer4f (.text:rlDriverMsgReadSpawnCtx)
                  00017758    00000008     librangeproc_hwa_xwr68xx.aer4f : rangeprochwa.oer4f (.text:rangeProcHWADoneIsrCallback)
                  00017760    0000008c     sysbios.aer4ft : BIOS.obj (.text:ti_sysbios_family_arm_v7a_Pmu_getCount__E)
                  000177ec    00000004     mmw_mss_per4ft.oer4ft (.text:ti_sysbios_family_arm_v7r_vim_Hwi_delete)
                  000177f0    0000008c     sysbios.aer4ft : BIOS.obj (.text:ti_sysbios_family_arm_v7r_vim_Hwi_Instance_finalize__E)
                  0001787c    00000004     mmw_mss_per4ft.oer4ft (.text:ti_sysbios_heaps_HeapMem_Module_GateProxy_enter__E)
                  00017880    0000008c     sysbios.aer4ft : BIOS.obj (.text:xdc_runtime_Memory_alloc__E)
                  0001790c    00000088     objdetrangehwa.oer4f (.text:DPC_ObjectDetection_frameStart)
                  00017994    00000088     libhwa_xwr68xx.aer4f : hwa.oer4f (.text:HWA_disableParamSetInterrupt)
                  00017a1c    00000088     libmmwave_xwr68xx.aer4f : mmwave_fullcfg.oer4f (.text:MMWave_getProfileCfg)
                  00017aa4    00000086     libcbuff_xwr68xx.aer4f : cbuff_edma.oer4f (.text:CBUFF_closeEDMA)
                  00017b2a    00000002     --HOLE-- [fill = 0]
                  00017b2c    00000084     libmmwave_xwr68xx.aer4f : mmwave_dualcore.oer4f (.text:MMWave_deviceCfgAsyncEvent)
                  00017bb0    00000084                             : mmwave_dualcore.oer4f (.text:MMWave_deviceEventFxn)
                  00017c34    00000084                             : mmwave_fullcfg.oer4f (.text:MMWave_getNumBpmChirp)
                  00017cb8    00000084                             : mmwave.oer4f (.text:MMWave_open)
                  00017d3c    00000084     libsoc_xwr68xx.aer4f : soc.oer4f (.text:SOC_init)
                  00017dc0    00000082     libhwa_xwr68xx.aer4f : hwa.oer4f (.text:HWA_paramDoneISR)
                  00017e42    00000002     --HOLE-- [fill = 0]
                  00017e44    00000081     libcbuff_xwr68xx.aer4f : cbuff_edma.oer4f (.text:CBUFF_setupEDMAShadowLink)
                  00017ec5    00000003     --HOLE-- [fill = 0]
                  00017ec8    00000080     libcli_xwr68xx.aer4f : cli_mmwave.oer4f (.text:CLI_MMWaveChannelCfg)
                  00017f48    00000080     libdpm_xwr68xx.aer4f : dpm_mailbox.oer4f (.text:DPM_mboxRemoteMailboxCallbackFxn)
                  00017fc8    00000080     libmmwave_xwr68xx.aer4f : mmwave_fullcfg.oer4f (.text:MMWave_getBpmChirpCfg)
                  00018048    00000080     mmw_cli.oer4f (.text:MmwDemo_CLIAoAFovCfg)
                  000180c8    00000080     libuart_xwr68xx.aer4f : uartsci.oer4f (.text:UartSci_writePolling)
                  00018148    00000080     rtsv7R4_T_le_v3D16_eabi.lib : fflush.c.obj (.text:fflush)
                  000181c8    00000080     libmmwavelink_xwr68xx.aer4f : rl_driver.oer4f (.text:rlDriverExecuteGetApi)
                  00018248    00000008                                 : rl_driver.oer4f (.text:rlDriverConstructOutMsg)
                  00018250    00000080     sysbios.aer4ft : BIOS.obj (.text:ti_sysbios_timers_rti_Timer_initDevice__I)
                  000182d0    0000007e     libosal_xwr68xx.aer4f : HwiP_tirtos.oer4f (.text:HwiP_create)
                  0001834e    00000002     --HOLE-- [fill = 0]
                  00018350    0000007d     libcbuff_xwr68xx.aer4f : cbuff_lvds.oer4f (.text:CBUFF_initLVDSLinkListParams)
                  000183cd    00000003     --HOLE-- [fill = 0]
                  000183d0    0000007c     libdpm_xwr68xx.aer4f : dpm_pipe.oer4f (.text:DPM_pipeSend)
                  0001844c    0000007c     libedma_xwr68xx.aer4f : edma.oer4f (.text:EDMA_clearErrors)
                  000184c8    0000007c     libmmwave_xwr68xx.aer4f : mmwave_dualcore.oer4f (.text:MMWave_deviceOpenFxn)
                  00018544    0000007c     libmailbox_xwr68xx.aer4f : mailbox.oer4f (.text:Mailbox_init)
                  000185c0    0000007c     mmw_lvds_stream.oer4f (.text:MmwDemo_LVDSStream_SwTriggerFrameDone)
                  0001863c    0000007c     libuart_xwr68xx.aer4f : uartsci.oer4f (.text:UartSci_readPolling)
                  000186b8    0000007c     sysbios.aer4ft : arm_TaskSupport_asm.obj (.text:_ti_sysbios_family_arm_TaskSupport_buildTaskStack)
                  00018734    0000000c     rtsv7R4_T_le_v3D16_eabi.lib : fputc.c.obj (.text:putchar)
                  00018740    0000007c     sysbios.aer4ft : BIOS.obj (.text:xdc_runtime_Core_deleteObject__I)
                  000187bc    0000007b     mmw_cli.oer4f (.text:MmwDemo_CLIGetSubframe)
                  00018837    00000001     --HOLE-- [fill = 0]
                  00018838    0000007a     rtsv7R4_T_le_v3D16_eabi.lib : _printfi.c.obj (.text:_mcpy)
                  000188b2    0000007a                                 : memset_t2.asm.obj (.text)
                  0001892c    00000078     libadcbuf_xwr68xx.aer4f : adcbuf_mmwave.oer4f (.text:ADCBUF_MMWave_getCQBufAddr)
                  000189a4    00000078     libcbuff_xwr68xx.aer4f : cbuff_transfer.oer4f (.text:CBUFF_configUserBufferEDMA)
                  00018a1c    00000078                            : cbuff.oer4f (.text:CBUFF_setVC)
                  00018a94    00000078     libcli_xwr68xx.aer4f : cli_mmwave.oer4f (.text:CLI_MMWaveADCCfg)
                  00018b0c    00000078     libedma_xwr68xx.aer4f : edma.oer4f (.text:EDMA_configParamSet)
                  00018b84    00000078     libmmwave_xwr68xx.aer4f : mmwave_fullcfg.oer4f (.text:MMWave_getNumChirps)
                  00018bfc    00000074     objdetrangehwa.oer4f (.text:DPC_ObjectDetection_start)
                  00018c70    00000074     libmmwave_xwr68xx.aer4f : mmwave.oer4f (.text:MMWave_config)
                  00018ce4    00000074                             : mmwave_dualcore.oer4f (.text:MMWave_deviceStartFxn)
                  00018d58    00000074     rtsv7R4_T_le_v3D16_eabi.lib : fclose.c.obj (.text:__TI_closefile)
                  00018dcc    00000074     boot.aer4ft : boot.oer4ft (.text)
                  00018e40    00000074     rtsv7R4_T_le_v3D16_eabi.lib : s_frexp.c.obj (.text:frexp)
                  00018eb4    00000074     libmmwavelink_xwr68xx.aer4f : rl_driver.oer4f (.text:rlDriverAsyncEventHandler)
                  00018f28    00000072                                 : rl_driver.oer4f (.text:rlDriverClientCbCheck)
                  00018f9a    00000002     --HOLE-- [fill = 0]
                  00018f9c    00000070     libhsiheader_xwr68xx.aer4f : hsiheader.oer4f (.text:HSIHeader_deleteHeader)
                  0001900c    00000070     libhwa_xwr68xx.aer4f : hwa.oer4f (.text:HWA_getDriverAccess)
                  0001907c    00000070     libmmwave_xwr68xx.aer4f : mmwave_dualcore.oer4f (.text:MMWave_deviceCfgFxn)
                  000190ec    00000070     mmw_cli.oer4f (.text:MmwDemo_CLIGuiMonSel)
                  0001915c    00000004     mmw_mss_per4ft.oer4ft (.text:ti_sysbios_heaps_HeapMem_Module_GateProxy_leave__E)
                  00019160    00000070     sysbios.aer4ft : BIOS.obj (.text:xdc_runtime_Error_print__E)
                  000191d0    0000006c     libdma_xwr68xx.aer4f : dma.oer4f (.text:DMA_disableChannel)
                  0001923c    0000006c                          : dma.oer4f (.text:DMA_enableChannel)
                  000192a8    0000006c     libdpm_xwr68xx.aer4f : dpm_core.oer4f (.text:DPM_relayResult)
                  00019314    0000006c     libmmwave_xwr68xx.aer4f : mmwave_link.oer4f (.text:MMWave_spawn)
                  00019380    0000006c                             : mmwave_link.oer4f (.text:MMWave_stopLink)
                  000193ec    0000006c     mmw_lvds_stream.oer4f (.text:MmwDemo_LVDSStream_EDMAFreeCBUFFHwChannel)
                  00019458    0000006c     mmw_lvds_stream.oer4f (.text:MmwDemo_LVDSStream_EDMAFreeCBUFFSwChannel)
                  000194c4    0000006c     mmw_lvds_stream.oer4f (.text:MmwDemo_LVDSStream_HwTriggerFrameDone)
                  00019530    0000006c     libpinmux_xwr68xx.aer4f : pinmux.oer4f (.text:Pinmux_Set_FuncSel)
                  0001959c    0000006c     rtsv7R4_T_le_v3D16_eabi.lib : copy_decompress_lzss.c.obj (.text:decompress:lzss:__TI_decompress_lzss)
                  00019608    0000006a     libuart_xwr68xx.aer4f : uartsci.oer4f (.text:UartSci_control)
                  00019672    00000002     --HOLE-- [fill = 0]
                  00019674    00000068     libdpm_xwr68xx.aer4f : dpm_msg.oer4f (.text:DPM_msgDPCCfgHandler)
                  000196dc    00000068     rtsv7R4_T_le_v3D16_eabi.lib : hostlseek.c.obj (.text:HOSTlseek)
                  00019744    00000068                                 : hostrename.c.obj (.text:HOSTrename)
                  000197ac    00000068     libmmwave_xwr68xx.aer4f : mmwave_dualcore.oer4f (.text:MMWave_deviceStopFxn)
                  00019814    00000068     libmailbox_xwr68xx.aer4f : mailbox.oer4f (.text:Mailbox_readFlush)
                  0001987c    00000068     mss_main.oer4f (.text:MmwDemo_convertCfarToLinear)
                  000198e4    00000068     librangeproc_hwa_xwr68xx.aer4f : rangeprochwa.oer4f (.text:rangeProcHWA_ConfigEDMATranspose)
                  0001994c    00000068                                    : rangeprochwa.oer4f (.text:rangeProcHWA_ConfigHWACommon)
                  000199b4    00000068     libmmwavelink_xwr68xx.aer4f : rl_driver.oer4f (.text:rlDriverExecuteSetApi)
                  00019a1c    00000068                                 : rl_driver.oer4f (.text:rlDriverHostIrqHandler)
                  00019a84    00000066                                 : rl_device.oer4f (.text:rlDevicePowerOff)
                  00019aea    00000002     --HOLE-- [fill = 0]
                  00019aec    00000064     libcli_xwr68xx.aer4f : cli_mmwave.oer4f (.text:CLI_MMWaveLowPowerCfg)
                  00019b50    00000064     libedma_xwr68xx.aer4f : edma.oer4f (.text:EDMA_getTransferControllerErrorStatusInfo)
                  00019bb4    00000064     libhwa_xwr68xx.aer4f : hwa.oer4f (.text:HWA_getDMAChanIndex)
                  00019c18    00000064     libosal_xwr68xx.aer4f : SemaphoreP_tirtos.oer4f (.text:SemaphoreP_create)
                  00019c7c    00000064     rtsv7R4_T_le_v3D16_eabi.lib : _io_perm.c.obj (.text:__TI_wrt_ok)
                  00019ce0    00000064                                 : fseek.c.obj (.text:fseek)
                  00019d44    00000064     sysbios.aer4ft : exc_Exception_asm.obj (.text:ti_sysbios_family_arm_exc_Exception_initCore0__I)
                  00019da8    00000008     libmmwavelink_xwr68xx.aer4f : rl_driver.oer4f (.text:rlDriverGetHandle)
                  00019db0    00000064     sysbios.aer4ft : BIOS.obj (.text:ti_sysbios_family_arm_v7r_vim_Hwi_phantomIntHandler__I)
                  00019e14    0000000c     libmmwavelink_xwr68xx.aer4f : rl_driver.oer4f (.text:rlDriverGetPlatformId)
                  00019e20    00000064     sysbios.aer4ft : BIOS.obj (.text:ti_sysbios_knl_Clock_logTick__E)
                  00019e84    0000000c                    : BIOS.obj (.text:ti_sysbios_family_arm_v7a_Pmu_configureCounterI__I)
                  00019e90    00000064                    : BIOS.obj (.text:ti_sysbios_utils_Load_logCPULoad__I)
                  00019ef4    0000000c                    : BIOS.obj (.text:ti_sysbios_family_arm_v7a_Pmu_getCountI__E)
                  00019f00    00000064                    : BIOS.obj (.text:xdc_runtime_Startup_exec__E)
                  00019f64    00000062     mmw_cli.oer4f (.text:MmwDemo_CLICfarFovCfg)
                  00019fc6    00000002     --HOLE-- [fill = 0]
                  00019fc8    00000060     libcli_xwr68xx.aer4f : cli_mmwave.oer4f (.text:CLI_MMWaveExtensionHandler)
                  0001a028    00000060     libosal_xwr68xx.aer4f : DebugP_tirtos.oer4f (.text:DebugP_log2)
                  0001a088    00000060                           : DebugP_tirtos.oer4f (.text:DebugP_log3)
                  0001a0e8    00000008     sysbios.aer4ft : BIOS.obj (.text:ti_sysbios_family_arm_v7a_Pmu_getEnabled__E)
                  0001a0f0    00000060                    : BIOS.obj (.text:ti_sysbios_heaps_HeapMem_alloc__E)
                  0001a150    00000060                    : BIOS.obj (.text:xdc_runtime_Assert_raise__I)
                  0001a1b0    0000005f                    : BIOS.obj (.text:xdc_runtime_Text_putLab__E)
                  0001a20f    00000001     --HOLE-- [fill = 0]
                  0001a210    0000005e     libuart_xwr68xx.aer4f : uartsci.oer4f (.text:UartSci_writeChar)
                  0001a26e    00000002     --HOLE-- [fill = 0]
                  0001a270    0000005c     rtsv7R4_T_le_v3D16_eabi.lib : hostopen.c.obj (.text:HOSTopen)
                  0001a2cc    0000005c                                 : hostread.c.obj (.text:HOSTread)
                  0001a328    0000005c     libmmwave_xwr68xx.aer4f : mmwave_link.oer4f (.text:MMWave_mboxOpen)
                  0001a384    0000005c                             : mmwave.oer4f (.text:MMWave_stop)
                  0001a3e0    0000005c     mss_main.oer4f (.text:MmwDemo_mmWaveCtrlTask)
                  0001a43c    0000005c     libsoc_xwr68xx.aer4f : soc.oer4f (.text:SOC_enableLVDS)
                  0001a498    00000008     mmw_mss_per4ft.oer4ft (.text:xdc_runtime_Text_visitRope__I)
                  0001a4a0    0000005c     sysbios.aer4ft : BIOS.obj (.text:ti_sysbios_utils_Load_updateCurrentThreadTime__E)
                  0001a4fc    0000005a     libuart_xwr68xx.aer4f : uartsci.oer4f (.text:UartSci_readCancel)
                  0001a556    0000005a     libmmwavelink_xwr68xx.aer4f : rl_driver.oer4f (.text:rlDriverCalChkSum)
                  0001a5b0    00000058     libdpm_xwr68xx.aer4f : dpm_core.oer4f (.text:DPM_execute)
                  0001a608    00000058                          : dpm_mailbox.oer4f (.text:DPM_mboxInit)
                  0001a660    00000058     libosal_xwr68xx.aer4f : DebugP_tirtos.oer4f (.text:DebugP_log0)
                  0001a6b8    00000058                           : DebugP_tirtos.oer4f (.text:DebugP_log1)
                  0001a710    00000058     libedma_xwr68xx.aer4f : edma_low_level.oer4f (.text:EDMA3EnableChInShadowReg)
                  0001a768    00000058     libesm_xwr68xx.aer4f : esm.oer4f (.text:ESM_highpriority_FIQ)
                  0001a7c0    00000058     rtsv7R4_T_le_v3D16_eabi.lib : hostwrite.c.obj (.text:HOSTwrite)
                  0001a818    00000058     libhwa_xwr68xx.aer4f : hwa.oer4f (.text:HWA_getDMAconfig)
                  0001a870    00000058     libmmwave_xwr68xx.aer4f : mmwave.oer4f (.text:MMWave_execute)
                  0001a8c8    00000058                             : mmwave_link.oer4f (.text:MMWave_initCRC)
                  0001a920    00000058     mmw_cli.oer4f (.text:MmwDemo_CLISensorStop)
                  0001a978    00000058     mss_main.oer4f (.text:MmwDemo_EDMA_errorCallbackFxn)
                  0001a9d0    00000058     mss_main.oer4f (.text:MmwDemo_EDMA_transferControllerErrorCallbackFxn)
                  0001aa28    00000058     libuart_xwr68xx.aer4f : uartsci_dma.oer4f (.text:UartSci_closeDMA)
                  0001aa80    00000058     rtsv7R4_T_le_v3D16_eabi.lib : close.c.obj (.text:close)
                  0001aad8    00000056     libmmwavelink_xwr68xx.aer4f : rl_driver.oer4f (.text:rlDriverOsiCbCheck)
                  0001ab2e    00000002     --HOLE-- [fill = 0]
                  0001ab30    00000054     libcrc_xwr68xx.aer4f : crc.oer4f (.text:CRC_getTransactionId)
                  0001ab84    00000054     libdma_xwr68xx.aer4f : dma.oer4f (.text:DMA_freeChannel)
                  0001abd8    00000054     libedma_xwr68xx.aer4f : edma.oer4f (.text:EDMA_error_isr)
                  0001ac2c    00000054     libmmwave_xwr68xx.aer4f : mmwave_link.oer4f (.text:MMWave_initLink)
                  0001ac80    00000054     mss_main.oer4f (.text:MmwDemo_CfgUpdate)
                  0001acd4    00000054     mss_main.oer4f (.text:MmwDemo_resetStaticCfgPendingState)
                  0001ad28    00000054     rtsv7R4_T_le_v3D16_eabi.lib : ltoa.c.obj (.text:ltoa)
                  0001ad7c    00000054     mmw_mss_per4ft.oer4ft (.text:ti_sysbios_family_arm_v7r_vim_Hwi_create)
                  0001add0    00000054     sysbios.aer4ft : BIOS.obj (.text:ti_sysbios_heaps_HeapMem_getStats__E)
                  0001ae24    0000000c     mmw_mss_per4ft.oer4ft (.text:ti_sysbios_knl_Queue_Object__get__S)
                  0001ae30    00000054     sysbios.aer4ft : BIOS.obj (.text:xdc_runtime_Core_assignLabel__I)
                  0001ae84    00000052     libdpedma_hwa_xwr68xx.aer4f : dpedma.oer4f (.text:DPEDMA_setup_shadow_link)
                  0001aed6    00000052     rtsv7R4_T_le_v3D16_eabi.lib : _printfi.c.obj (.text:_ecpy)
                  0001af28    00000050     libcrc_xwr68xx.aer4f : crc.oer4f (.text:CRC_getSignature)
                  0001af78    00000050     libdpm_xwr68xx.aer4f : dpm_core.oer4f (.text:DPM_synch)
                  0001afc8    00000050     libedma_xwr68xx.aer4f : edma_low_level.oer4f (.text:EDMA3MapChToEvtQ)
                  0001b018    00000050     libmmwave_xwr68xx.aer4f : mmwave.oer4f (.text:MMWave_sync)
                  0001b068    00000050     mmw_cli.oer4f (.text:MmwDemo_CLIMultiObjBeamForming)
                  0001b0b8    00000050     mmw_cli.oer4f (.text:MmwDemo_CLIQueryDemoStatus)
                  0001b108    00000050     rtsv7R4_T_le_v3D16_eabi.lib : _printfi.c.obj (.text:_pconv_f)
                  0001b158    00000050                                 : atoi.c.obj (.text:atoi)
                  0001b1a8    00000050     mss_main.oer4f (.text:mmwDemo_mssDPMTask)
                  0001b1f8    00000050     libmmwavelink_xwr68xx.aer4f : rl_driver.oer4f (.text:rlDeviceIdentifyCmdDir)
                  0001b248    00000050                                 : rl_driver.oer4f (.text:rlDriverVerifyCRC)
                  0001b298    00000050     rtsv7R4_T_le_v3D16_eabi.lib : u_div32.asm.obj (.text)
                  0001b2e8    00000006     libosal_xwr68xx.aer4f : CycleprofilerP_tirtos.oer4f (.text:CycleprofilerP_getTimeStamp)
                  0001b2ee    00000002     --HOLE-- [fill = 0]
                  0001b2f0    00000050     sysbios.aer4ft : BIOS.obj (.text:xdc_runtime_System_exit__E)
                  0001b340    0000004c     libcli_xwr68xx.aer4f : cli.oer4f (.text:CLI_write)
                  0001b38c    0000004c     libedma_xwr68xx.aer4f : edma.oer4f (.text:EDMA_disableChannel)
                  0001b3d8    0000004c                           : edma.oer4f (.text:EDMA_enableChannel)
                  0001b424    0000004c     libhwa_xwr68xx.aer4f : hwa.oer4f (.text:HWA_enableDoneInterrupt)
                  0001b470    0000004c     libmailbox_xwr68xx.aer4f : mailbox.oer4f (.text:Mailbox_boxEmptyISRProcessing)
                  0001b4bc    0000004c     libuart_xwr68xx.aer4f : uartsci.oer4f (.text:UartSci_writeCancel)
                  0001b508    0000004c     rtsv7R4_T_le_v3D16_eabi.lib : fflush.c.obj (.text:__TI_doflush)
                  0001b554    0000004c                                 : cpy_tbl.c.obj (.text:copy_in)
                  0001b5a0    0000004c     sysbios.aer4ft : BIOS.obj (.text:ti_sysbios_family_arm_v7r_vim_Hwi_getStackInfo__E)
                  0001b5ec    0000004c     mmw_mss_per4ft.oer4ft (.text:ti_sysbios_knl_Task_create)
                  0001b638    00000006     objdetrangehwa.oer4f (.text:DPC_ObjDetRangeHwa_GetRangeWinGenLen)
                  0001b63e    00000002     --HOLE-- [fill = 0]
                  0001b640    0000004c     sysbios.aer4ft : BIOS.obj (.text:ti_sysbios_knl_Task_stat__E)
                  0001b68c    00000004     mmw_mss_per4ft.oer4ft (.text:ti_sysbios_knl_Clock_TimerProxy_getMaxTicks__E)
                  0001b690    0000004c     sysbios.aer4ft : BIOS.obj (.text:ti_sysbios_utils_Load_taskSwitchHook__E)
                  0001b6dc    0000004a     libdpm_xwr68xx.aer4f : dpm_mailbox.oer4f (.text:DPM_mboxSendResult)
                  0001b726    0000004a     libmailbox_xwr68xx.aer4f : mailbox.oer4f (.text:Mailbox_boxFullISRProcessing)
                  0001b770    0000004a     sysbios.aer4ft : BIOS.obj (.text:xdc_runtime_Core_assignParams__I)
                  0001b7ba    00000006     libdpm_xwr68xx.aer4f : dpm_mailbox.oer4f (.text:DPM_mboxSynch)
                  0001b7c0    0000004a     sysbios.aer4ft : BIOS.obj (.text:xdc_runtime_Text_xprintf__I)
                  0001b80a    00000002     --HOLE-- [fill = 0]
                  0001b80c    00000049     mmw_lvds_stream.oer4f (.text:MmwDemo_LVDSStream_EDMAAllocateCBUFFChannel)
                  0001b855    00000001     --HOLE-- [fill = 0]
                  0001b856    00000048     libcbuff_xwr68xx.aer4f : cbuff_transfer.oer4f (.text:CBUFF_setup_USER)
                  0001b89e    00000048     libdpm_xwr68xx.aer4f : dpm_pipe.oer4f (.text:DPM_pipeRecv)
                  0001b8e6    00000002     --HOLE-- [fill = 0]
                  0001b8e8    00000048     libhwa_xwr68xx.aer4f : hwa.oer4f (.text:HWA_deleteInstance)
                  0001b930    00000048     libmmwavelink_xwr68xx.aer4f : rl_device.oer4f (.text:rlDeviceGetVersion)
                  0001b978    00000048                                 : rl_driver.oer4f (.text:rlDriverOsiInit)
                  0001b9c0    00000048     mmw_mss_per4ft.oer4ft (.text:xdc_runtime_LoggerBuf_Object__create__S)
                  0001ba08    00000046     libmailbox_xwr68xx.aer4f : mailbox.oer4f (.text:CSL_FINSR)
                  0001ba4e    00000002     --HOLE-- [fill = 0]
                  0001ba50    00000044     libadcbuf_xwr68xx.aer4f : adcbuf_mmwave.oer4f (.text:ADCBUF_MMWave_close)
                  0001ba94    00000044     libcrc_xwr68xx.aer4f : crc.oer4f (.text:CRC_resetSignature)
                  0001bad8    00000044     objdetrangehwa.oer4f (.text:DPC_ObjectDetection_stop)
                  0001bb1c    00000044     libdpm_xwr68xx.aer4f : dpm_core.oer4f (.text:DPM_start)
                  0001bb60    00000044                          : dpm_core.oer4f (.text:DPM_stop)
                  0001bba4    00000044     rtsv7R4_T_le_v3D16_eabi.lib : hostclose.c.obj (.text:HOSTclose)
                  0001bbe8    00000044                                 : hostunlink.c.obj (.text:HOSTunlink)
                  0001bc2c    00000044     libmailbox_xwr68xx.aer4f : mailbox.oer4f (.text:Mailbox_boxFullISRMssDss)
                  0001bc70    00000044     libsoc_xwr68xx.aer4f : soc_xwr68xx_mss.oer4f (.text:SOC_resetDMA)
                  0001bcb4    00000044     rtsv7R4_T_le_v3D16_eabi.lib : exit.c.obj (.text:exit)
                  0001bcf8    00000044                                 : getdevice.c.obj (.text:getdevice)
                  0001bd3c    00000004     mmw_mss_per4ft.oer4ft (.text:ti_sysbios_knl_Semaphore_delete)
                  0001bd40    00000044     sysbios.aer4ft : BIOS.obj (.text:ti_sysbios_family_arm_v7r_tms570_Core_Module_startup__E)
                  0001bd84    0000000a     libadcbuf_xwr68xx.aer4f : ADCBuf.oer4f (.text:ADCBuf_control)
                  0001bd8e    00000002     --HOLE-- [fill = 0]
                  0001bd90    00000044     sysbios.aer4ft : BIOS.obj (.text:ti_sysbios_knl_Task_allBlockedFunction__I)
                  0001bdd4    0000000a     libadcbuf_xwr68xx.aer4f : ADCBuf.oer4f (.text:ADCBuf_getChanBufAddr)
                  0001bdde    00000002     --HOLE-- [fill = 0]
                  0001bde0    00000044     sysbios.aer4ft : BIOS.obj (.text:xdc_runtime_LoggerBuf_Module_startup__E)
                  0001be24    0000000a     libcbuff_xwr68xx.aer4f : cbuff_lvds.oer4f (.text:CBUFF_deinitLVDS)
                  0001be2e    00000002     --HOLE-- [fill = 0]
                  0001be30    00000044     sysbios.aer4ft : BIOS.obj (.text:xdc_runtime_System_atexit__E)
                  0001be74    00000042     libcbuff_xwr68xx.aer4f : cbuff_lvds.oer4f (.text:CBUFF_closeLVDS)
                  0001beb6    00000042     libedma_xwr68xx.aer4f : edma.oer4f (.text:EDMA_transferController_error_isr)
                  0001bef8    00000042     libhwa_xwr68xx.aer4f : hwa.oer4f (.text:HWA_reset)
                  0001bf3a    00000042     libmmwave_xwr68xx.aer4f : mmwave_link.oer4f (.text:MMWave_executeLink)
                  0001bf7c    00000042     libmmwavelink_xwr68xx.aer4f : rl_controller.oer4f (.text:rlGetSubBlock)
                  0001bfbe    00000002     --HOLE-- [fill = 0]
                  0001bfc0    00000040     libedma_xwr68xx.aer4f : edma.oer4f (.text:EDMA_linkParamSets)
                  0001c000    00000040     libhwa_xwr68xx.aer4f : hwa.oer4f (.text:HWA_getHWAMemInfo)
                  0001c040    00000040     mmw_cli.oer4f (.text:MmwDemo_CLIClutterRemoval)
                  0001c080    00000040     mmw_cli.oer4f (.text:MmwDemo_CLIExtendedMaxVelocity)
                  0001c0c0    00000040     rtsv7R4_T_le_v3D16_eabi.lib : _printfi.c.obj (.text:_fcpy)
                  0001c100    00000040     libmmwavelink_xwr68xx.aer4f : rl_driver.oer4f (.text:rlDriverValidateHdr)
                  0001c140    00000040     rtsv7R4_T_le_v3D16_eabi.lib : sprintf.c.obj (.text:sprintf)
                  0001c180    00000040                                 : strtok.c.obj (.text:strtok)
                  0001c1c0    00000040     sysbios.aer4ft : BIOS.obj (.text:ti_sysbios_timers_rti_Timer_stop__E)
                  0001c200    00000040     rtsv7R4_T_le_v3D16_eabi.lib : vsnprintf.c.obj (.text:vsnprintf)
                  0001c240    0000003e     libadcbuf_xwr68xx.aer4f : adcbuf_mmwave.oer4f (.text:CSL_FINSR)
                  0001c27e    0000003e     libcbuff_xwr68xx.aer4f : cbuff.oer4f (.text:CSL_FINSR)
                  0001c2bc    0000003e                            : cbuff_lvds.oer4f (.text:CSL_FINSR)
                  0001c2fa    0000003e     libcrc_xwr68xx.aer4f : crc.oer4f (.text:CSL_FINSR)
                  0001c338    0000003e     libdma_xwr68xx.aer4f : dma.oer4f (.text:CSL_FINSR)
                  0001c376    0000003e     libgpio_xwr68xx.aer4f : gpio.oer4f (.text:CSL_FINSR)
                  0001c3b4    0000003e     libhwa_xwr68xx.aer4f : hwa.oer4f (.text:CSL_FINSR)
                  0001c3f2    0000003e     libpinmux_xwr68xx.aer4f : pinmux.oer4f (.text:CSL_FINSR)
                  0001c430    0000003e     libsoc_xwr68xx.aer4f : soc.oer4f (.text:CSL_FINSR)
                  0001c46e    0000003e                          : soc_xwr68xx.oer4f (.text:CSL_FINSR)
                  0001c4ac    0000003e                          : soc_xwr68xx_mss.oer4f (.text:CSL_FINSR)
                  0001c4ea    0000003e     libuart_xwr68xx.aer4f : uartsci.oer4f (.text:CSL_FINSR)
                  0001c528    0000003e     libdpm_xwr68xx.aer4f : dpm_msg.oer4f (.text:DPM_msgStopHandler)
                  0001c566    0000003e     libhwa_xwr68xx.aer4f : hwa.oer4f (.text:HWA_enable)
                  0001c5a4    0000003e     libmmwave_xwr68xx.aer4f : mmwave.oer4f (.text:MMWave_decodeError)
                  0001c5e2    0000003e     libuart_xwr68xx.aer4f : uartsci.oer4f (.text:UartSci_close)
                  0001c620    0000003e     mmwdemo_monitor.oer4f (.text:mmwDemo_cfgAnalogMonitor)
                  0001c65e    0000003c     libcbuff_xwr68xx.aer4f : cbuff_transfer.oer4f (.text:CBUFF_configCQEDMA)
                  0001c69a    00000002     --HOLE-- [fill = 0]
                  0001c69c    0000003c     libcli_xwr68xx.aer4f : cli_mmwave.oer4f (.text:CLI_MMWaveFlushCfg)
                  0001c6d8    0000003c     libedma_xwr68xx.aer4f : edma.oer4f (.text:EDMA_chainChannels)
                  0001c714    0000003c     libmailbox_xwr68xx.aer4f : mailbox.oer4f (.text:Mailbox_writeReset)
                  0001c750    0000003c     libsoc_xwr68xx.aer4f : soc.oer4f (.text:SOC_unhaltBSS)
                  0001c78c    0000003c     rtsv7R4_T_le_v3D16_eabi.lib : trgmsg.c.obj (.text:__TI_writemsg)
                  0001c7c8    0000003c     sysbios.aer4ft : vim_Hwi_asm.obj (.text:ti_sysbios_family_arm_v7r_vim_Hwi_init__I)
                  0001c804    0000000a     libdpm_xwr68xx.aer4f : dpm_core.oer4f (.text:DPM_chirpISR)
                  0001c80e    00000002     --HOLE-- [fill = 0]
                  0001c810    0000003c     sysbios.aer4ft : BIOS.obj (.text:ti_sysbios_hal_Hwi_checkStack)
                  0001c84c    00000004     mmw_mss_per4ft.oer4ft (.text:xdc_runtime_LoggerBuf_Module_GateProxy_enter__E)
                  0001c850    0000003c     sysbios.aer4ft : BIOS.obj (.text:ti_sysbios_heaps_HeapMem_init__I)
                  0001c88c    0000003a     libhwa_xwr68xx.aer4f : hwa.oer4f (.text:HWA_setDMA2ACCManualTrig)
                  0001c8c6    00000002     --HOLE-- [fill = 0]
                  0001c8c8    0000003a     libosal_xwr68xx.aer4f : HwiP_tirtos.oer4f (.text:HwiP_delete)
                  0001c902    00000038     libcbuff_xwr68xx.aer4f : cbuff_transfer.oer4f (.text:CBUFF_addUserBufferLLEntry)
                  0001c93a    00000038                            : cbuff_transfer.oer4f (.text:CBUFF_setupHeader)
                  0001c972    00000002     --HOLE-- [fill = 0]
                  0001c974    00000038     libcli_xwr68xx.aer4f : cli_mmwave.oer4f (.text:CLI_MMWaveExtensionInit)
                  0001c9ac    00000038     objdetrangehwa.oer4f (.text:DPC_ObjectDetection_deinit)
                  0001c9e4    00000038     libdpm_xwr68xx.aer4f : dpm_core.oer4f (.text:DPM_notifyExecute)
                  0001ca1c    00000038     libedma_xwr68xx.aer4f : edma_low_level.oer4f (.text:EDMA3ClrMissEvt)
                  0001ca54    00000038     libuart_xwr68xx.aer4f : UART.oer4f (.text:UART_init)
                  0001ca8c    00000036     libmmwavelink_xwr68xx.aer4f : rl_controller.oer4f (.text:rlAppendSubBlock)
                  0001cac2    00000036     rtsv7R4_T_le_v3D16_eabi.lib : strncpy.c.obj (.text:strncpy)
                  0001caf8    00000034     libadcbuf_xwr68xx.aer4f : ADCBuf.oer4f (.text:ADCBuf_open)
                  0001cb2c    00000034     libedma_xwr68xx.aer4f : edma.oer4f (.text:EDMA_configTransferControllerError)
                  0001cb60    00000034     libhwa_xwr68xx.aer4f : hwa.oer4f (.text:HWA_disableDoneInterrupt)
                  0001cb94    00000034     libmmwave_xwr68xx.aer4f : mmwave_link.oer4f (.text:MMWave_mboxWrite)
                  0001cbc8    00000034     libsoc_xwr68xx.aer4f : soc_xwr68xx.oer4f (.text:SOC_enableHWA)
                  0001cbfc    00000034                          : soc_xwr68xx_mss.oer4f (.text:SOC_hasDSPCore)
                  0001cc30    00000034                          : soc_xwr68xx.oer4f (.text:SOC_setMMWaveDSSLinkState)
                  0001cc64    00000034                          : soc_xwr68xx.oer4f (.text:SOC_setMMWaveMSSLinkState)
                  0001cc98    00000034                          : soc_xwr68xx.oer4f (.text:SOC_setMSSLinkState)
                  0001cccc    00000034     libuart_xwr68xx.aer4f : UART.oer4f (.text:UART_open)
                  0001cd00    00000034     rtsv7R4_T_le_v3D16_eabi.lib : fopen.c.obj (.text:__TI_cleanup)
                  0001cd34    00000034                                 : trgmsg.c.obj (.text:__TI_readmsg)
                  0001cd68    00000034                                 : getdevice.c.obj (.text:finddevice)
                  0001cd9c    00000004     mmw_mss_per4ft.oer4ft (.text:xdc_runtime_LoggerBuf_Module_GateProxy_leave__E)
                  0001cda0    00000034     sysbios.aer4ft : BIOS.obj (.text:ti_sysbios_family_arm_a15_TimestampProvider_get64__E)
                  0001cdd4    00000034     mmw_mss_per4ft.oer4ft (.text:ti_sysbios_knl_Semaphore_create)
                  0001ce08    00000032     libcrc_xwr68xx.aer4f : crc.oer4f (.text:CRC_getCRCDataSelectBitValue)
                  0001ce3a    00000002     --HOLE-- [fill = 0]
                  0001ce3c    00000032                          : crc.oer4f (.text:CRC_getCRCTypeBitValue)
                  0001ce6e    00000032     libedma_xwr68xx.aer4f : edma.oer4f (.text:EDMA_configQueueThreshold)
                  0001cea0    00000032     libhwa_xwr68xx.aer4f : hwa.oer4f (.text:HWA_allParamDoneISR)
                  0001ced2    0000000e     libosal_xwr68xx.aer4f : SemaphoreP_tirtos.oer4f (.text:SemaphoreP_delete)
                  0001cee0    00000032     sysbios.aer4ft : BIOS.obj (.text:ti_sysbios_hal_Hwi_initStack)
                  0001cf12    00000002     --HOLE-- [fill = 0]
                  0001cf14    00000030     libadcbuf_xwr68xx.aer4f : ADCBuf.oer4f (.text:ADCBuf_init)
                  0001cf44    00000030     libcbuff_xwr68xx.aer4f : cbuff_transfer.oer4f (.text:CBUFF_addCQLLEntry)
                  0001cf74    00000030     libmmwave_xwr68xx.aer4f : mmwave_listlib.oer4f (.text:MMWave_listRemoveNode)
                  0001cfa4    00000030     libsoc_xwr68xx.aer4f : soc.oer4f (.text:SOC_getDevicePartNumber)
                  0001cfd4    00000030                          : soc_xwr68xx_mss.oer4f (.text:SOC_isSecureDevice)
                  0001d004    00000030     rtsv7R4_T_le_v3D16_eabi.lib : vsnprintf.c.obj (.text:_outs)
                  0001d034    00000030     libmmwavelink_xwr68xx.aer4f : rl_sensor.oer4f (.text:rlSensorStart)
                  0001d064    00000030     mmw_mss_per4ft.oer4ft (.text:ti_sysbios_BIOS_startFunc__I)
                  0001d094    0000000a     libdpm_xwr68xx.aer4f : dpm_core.oer4f (.text:DPM_frameStartISR)
                  0001d09e    00000002     --HOLE-- [fill = 0]
                  0001d0a0    00000030     sysbios.aer4ft : BIOS.obj (.text:ti_sysbios_family_arm_TaskSupport_start__E)
                  0001d0d0    00000030     mmw_mss_per4ft.oer4ft (.text:ti_sysbios_gates_GateHwi_Object__create__S)
                  0001d100    00000030     mmw_mss_per4ft.oer4ft (.text:ti_sysbios_gates_GateMutex_Object__create__S)
                  0001d130    00000030     mmw_mss_per4ft.oer4ft (.text:ti_sysbios_heaps_HeapMem_Object__create__S)
                  0001d160    00000030     sysbios.aer4ft : BIOS.obj (.text:ti_sysbios_heaps_HeapMem_free__E)
                  0001d190    00000030     mmw_mss_per4ft.oer4ft (.text:ti_sysbios_knl_Semaphore_construct)
                  0001d1c0    0000002f     sysbios.aer4ft : BIOS.obj (.text:xdc_runtime_Text_printVisFxn__I)
                  0001d1ef    00000001     --HOLE-- [fill = 0]
                  0001d1f0    0000002e     libdpm_xwr68xx.aer4f : dpm_msg.oer4f (.text:DPM_msgStartHandler)
                  0001d21e    0000002e     objdetrangehwa.oer4f (.text:_DPC_Objdet_Assert)
                  0001d24c    00000004     mmw_mss_per4ft.oer4ft (.text:xdc_runtime_System_Module_GateProxy_enter__E)
                  0001d250    0000002e     sysbios.aer4ft : BIOS.obj (.text:ti_sysbios_knl_Semaphore_pendTimeout__I)
                  0001d27e    0000002e     mmw_mss_per4ft.oer4ft (.text:ti_sysbios_rts_MemAlloc_alloc)
                  0001d2ac    0000002c     libdpm_xwr68xx.aer4f : dpm_pipe.oer4f (.text:DPM_pipeInit)
                  0001d2d8    0000002c     libedma_xwr68xx.aer4f : edma.oer4f (.text:EDMA_validate_channelIdchannelType)
                  0001d304    0000002c     libgpio_xwr68xx.aer4f : gpio.oer4f (.text:GPIO_HighPriorityISR)
                  0001d330    0000002c                           : gpio.oer4f (.text:GPIO_LowPriorityISR)
                  0001d35c    0000002c     libmmwave_xwr68xx.aer4f : mmwave_osal.oer4f (.text:MMWave_osalMutexCreate)
                  0001d388    0000002c                             : mmwave_osal.oer4f (.text:MMWave_osalSemCreate)
                  0001d3b4    0000002c     libsoc_xwr68xx.aer4f : soc_xwr68xx_mss.oer4f (.text:SOC_waitBSSPowerUp)
                  0001d3e0    0000002c     libmmwavelink_xwr68xx.aer4f : rl_device.oer4f (.text:rlDeviceGetMssVersion)
                  0001d40c    0000002c                                 : rl_sensor.oer4f (.text:rlSensorStop)
                  0001d438    0000002c     mmw_mss_per4ft.oer4ft (.text:ti_sysbios_BIOS_atExitFunc__I)
                  0001d464    0000002c     mmw_mss_per4ft.oer4ft (.text:ti_sysbios_knl_Clock_doTick__I)
                  0001d490    0000002c     mmw_mss_per4ft.oer4ft (.text:ti_sysbios_knl_Queue_construct)
                  0001d4bc    00000004     mmw_mss_per4ft.oer4ft (.text:xdc_runtime_System_Module_GateProxy_leave__E)
                  0001d4c0    0000002c     sysbios.aer4ft : BIOS.obj (.text:ti_sysbios_timers_rti_Timer_periodicStub__E)
                  0001d4ec    0000002c     rtsv7R4_T_le_v3D16_eabi.lib : unlink.c.obj (.text:unlink)
                  0001d518    0000002a     objdetrangehwa.oer4f (.text:DPC_ObjDetRangeHwa_MemPoolAlloc)
                  0001d542    0000002a     libdpm_xwr68xx.aer4f : dpm_pipe.oer4f (.text:DPM_pipeDeinit)
                  0001d56c    0000002a     libedma_xwr68xx.aer4f : edma.oer4f (.text:EDMA_isError)
                  0001d596    0000002a     mmwdemo_adcconfig.oer4f (.text:MmwDemo_ADCBufOpen)
                  0001d5c0    0000002a     libsoc_xwr68xx.aer4f : soc.oer4f (.text:SOC_SystemISR)
                  0001d5ea    0000002a     libmmwavelink_xwr68xx.aer4f : rl_device.oer4f (.text:rlDeviceGetMmWaveLinkVersion)
                  0001d614    0000002a     rtsv7R4_T_le_v3D16_eabi.lib : strspn.c.obj (.text:strspn)
                  0001d63e    00000002     --HOLE-- [fill = 0]
                  0001d640    00000028     libcbuff_xwr68xx.aer4f : cbuff.oer4f (.text:CBUFF_ErrorISR)
                  0001d668    00000028                            : cbuff.oer4f (.text:CBUFF_FrameStartISR)
                  0001d690    00000028     objdetrangehwa.oer4f (.text:DPC_ObjDetRangeHwa_reconfigSubFrame)
                  0001d6b8    00000028     libdpm_xwr68xx.aer4f : dpm_mailbox.oer4f (.text:DPM_mboxDeinit)
                  0001d6e0    00000028                          : dpm_msg.oer4f (.text:DPM_msgInitHeader)
                  0001d708    00000028     librangeproc_hwa_xwr68xx.aer4f : rangeprochwa.oer4f (.text:DPU_RangeProcHWA_deinit)
                  0001d730    00000028     libmailbox_xwr68xx.aer4f : mailbox.oer4f (.text:Mailbox_Config_init)
                  0001d758    00000028     libuart_xwr68xx.aer4f : uartsci_dma.oer4f (.text:UartSci_RxDMACallbackFxn)
                  0001d780    00000028                           : uartsci_dma.oer4f (.text:UartSci_TxDMACallbackFxn)
                  0001d7a8    00000028     rtsv7R4_T_le_v3D16_eabi.lib : lseek.c.obj (.text:lseek)
                  0001d7d0    00000028     libmmwavelink_xwr68xx.aer4f : rl_driver.oer4f (.text:rlDriverConstructInMsg)
                  0001d7f8    00000006     libedma_xwr68xx.aer4f : edma_low_level.oer4f (.text:EDMA3ClrCCErr)
                  0001d7fe    00000002     --HOLE-- [fill = 0]
                  0001d800    00000028     sysbios.aer4ft : BIOS.obj (.text:ti_sysbios_knl_Idle_run__E)
                  0001d828    00000028     rtsv7R4_T_le_v3D16_eabi.lib : write.c.obj (.text:write)
                  0001d850    00000028     sysbios.aer4ft : BIOS.obj (.text:xdc_runtime_SysStd_abort__E)
                  0001d878    00000006     libedma_xwr68xx.aer4f : edma_low_level.oer4f (.text:EDMA3ErrIntrHighStatusGet)
                  0001d87e    00000002     --HOLE-- [fill = 0]
                  0001d880    00000028     sysbios.aer4ft : BIOS.obj (.text:xdc_runtime_System_aprintf_va__F)
                  0001d8a8    00000026     rtsv7R4_T_le_v3D16_eabi.lib : memcmp.c.obj (.text:memcmp)
                  0001d8ce    00000026     mmwdemo_monitor.oer4f (.text:mmwDemo_cfgRxSaturationMonitor)
                  0001d8f4    00000026     libmmwavelink_xwr68xx.aer4f : rl_monitoring.oer4f (.text:rlRfAnaMonConfig)
                  0001d91a    00000026                                 : rl_sensor.oer4f (.text:rlRfGetTemperatureReport)
                  0001d940    00000026                                 : rl_sensor.oer4f (.text:rlRfInitCalibConfig)
                  0001d966    00000026                                 : rl_sensor.oer4f (.text:rlRfRunTimeCalibConfig)
                  0001d98c    00000026                                 : rl_monitoring.oer4f (.text:rlRfRxIfSatMonConfig)
                  0001d9b2    00000026                                 : rl_monitoring.oer4f (.text:rlRfRxSigImgMonConfig)
                  0001d9d8    00000026                                 : rl_sensor.oer4f (.text:rlRfSetCalMonFreqLimitConfig)
                  0001d9fe    00000026                                 : rl_sensor.oer4f (.text:rlRfSetDeviceCfg)
                  0001da24    00000026                                 : rl_sensor.oer4f (.text:rlRfSetLdoBypassConfig)
                  0001da4a    00000026                                 : rl_sensor.oer4f (.text:rlSetAdcOutConfig)
                  0001da70    00000026                                 : rl_sensor.oer4f (.text:rlSetBpmCommonConfig)
                  0001da96    00000026                                 : rl_sensor.oer4f (.text:rlSetChannelConfig)
                  0001dabc    00000026                                 : rl_sensor.oer4f (.text:rlSetContModeConfig)
                  0001dae2    0000000e     rtsv7R4_T_le_v3D16_eabi.lib : copy_decompress_none.c.obj (.text:decompress:none:__TI_decompress_none)
                  0001daf0    00000026     sysbios.aer4ft : BIOS.obj (.text:xdc_runtime_System_printf_va__F)
                  0001db16    00000002     --HOLE-- [fill = 0]
                  0001db18    00000025     mss_main.oer4f (.text:_MmwDemo_debugAssert)
                  0001db3d    00000001     --HOLE-- [fill = 0]
                  0001db3e    00000024     libcrc_xwr68xx.aer4f : crc.oer4f (.text:CRC_isTransactionIdValid)
                  0001db62    00000002     --HOLE-- [fill = 0]
                  0001db64    00000024     libedma_xwr68xx.aer4f : edma_low_level.oer4f (.text:EDMA3ClrEvt)
                  0001db88    00000024                           : edma_low_level.oer4f (.text:EDMA3ClrIntr)
                  0001dbac    00000024                           : edma_low_level.oer4f (.text:EDMA3DisableEvtIntr)
                  0001dbd0    00000024                           : edma_low_level.oer4f (.text:EDMA3EnableDmaEvt)
[...]
0001ffc0  ti_sysbios_knl_Task_LD_exit__C                                       
0001ffc4  ti_sysbios_knl_Task_LD_ready__C                                      
0001ffc8  ti_sysbios_knl_Task_LM_sleep__C                                      
0001ffcc  ti_sysbios_knl_Task_LM_switch__C                                     
0001ffd0  ti_sysbios_knl_Task_Module_State_inactiveQ__O                        
0001ffd4  ti_sysbios_knl_Task_Module__diagsEnabled__C                          
0001ffd8  ti_sysbios_knl_Task_Module__diagsIncluded__C                         
0001ffdc  ti_sysbios_knl_Task_Module__diagsMask__C                             
0001ffe0  ti_sysbios_knl_Task_Module__loggerFxn2__C                            
0001ffe4  ti_sysbios_knl_Task_Module__loggerFxn4__C                            
0001ffe8  ti_sysbios_knl_Task_Module__loggerObj__C                             
0001ffec  ti_sysbios_knl_Task_Object__count__C                                 
0001fff0  ti_sysbios_knl_Task_Object__heap__C                                  
0001fff4  ti_sysbios_knl_Task_allBlockedFunc__C                                
0001fff8  ti_sysbios_knl_Task_defaultStackHeap__C                              
0001fffc  ti_sysbios_knl_Task_defaultStackSize__C                              
00020000  ti_sysbios_knl_Task_numConstructedTasks__C                           
00020004  ti_sysbios_timers_rti_Timer_E_cannotSupport__C                       
00020008  ti_sysbios_timers_rti_Timer_Module__diagsEnabled__C                  
0002000c  ti_sysbios_timers_rti_Timer_Module__diagsIncluded__C                 
00020010  ti_sysbios_timers_rti_Timer_Module__diagsMask__C                     
00020014  ti_sysbios_timers_rti_Timer_numTimerDevices__C                       
00020018  ti_sysbios_timers_rti_Timer_startupNeeded__C                         
0002001c  ti_sysbios_utils_Load_LS_cpuLoad__C                                  
00020020  ti_sysbios_utils_Load_LS_taskLoad__C                                 
00020024  ti_sysbios_utils_Load_Module_State_taskList__O                       
00020028  ti_sysbios_utils_Load_Module__diagsEnabled__C                        
0002002c  ti_sysbios_utils_Load_Module__diagsIncluded__C                       
00020030  ti_sysbios_utils_Load_Module__diagsMask__C                           
00020034  ti_sysbios_utils_Load_Module__loggerFxn1__C                          
00020038  ti_sysbios_utils_Load_Module__loggerFxn4__C                          
0002003c  ti_sysbios_utils_Load_Module__loggerObj__C                           
00020040  ti_sysbios_utils_Load_postUpdate__C                                  
00020044  ti_sysbios_utils_Load_windowInMs__C                                  
00020048  xdc_runtime_Assert_E_assertFailed__C                                 
0002004c  xdc_runtime_Core_A_initializedParams__C                              
00020050  xdc_runtime_Core_Module__diagsEnabled__C                             
00020054  xdc_runtime_Core_Module__diagsIncluded__C                            
00020058  xdc_runtime_Core_Module__diagsMask__C                                
0002005c  xdc_runtime_Error_E_memory__C                                        
00020060  xdc_runtime_Error_Module__diagsEnabled__C                            
00020064  xdc_runtime_Error_Module__diagsIncluded__C                           
00020068  xdc_runtime_Error_Module__diagsMask__C                               
0002006c  xdc_runtime_Error_Module__loggerFxn8__C                              
00020070  xdc_runtime_Error_Module__loggerObj__C                               
00020074  xdc_runtime_Error_policyFxn__C                                       
00020078  xdc_runtime_Error_policy__C                                          
0002007c  xdc_runtime_Error_raiseHook__C                                       
00020080  xdc_runtime_IFilterLogger_Interface__BASE__C                         
00020084  xdc_runtime_IGateProvider_Interface__BASE__C                         
00020088  xdc_runtime_IHeap_Interface__BASE__C                                 
0002008c  xdc_runtime_ILogger_Interface__BASE__C                               
00020090  xdc_runtime_IModule_Interface__BASE__C                               
00020094  xdc_runtime_Log_L_error__C                                           
00020098  xdc_runtime_LoggerBuf_E_badLevel__C                                  
0002009c  xdc_runtime_LoggerBuf_Module__gateObj__C                             
000200a0  xdc_runtime_LoggerBuf_Object__count__C                               
000200a4  xdc_runtime_LoggerBuf_statusLogger__C                                
000200a8  xdc_runtime_Main_Module__diagsEnabled__C                             
000200ac  xdc_runtime_Main_Module__diagsIncluded__C                            
000200b0  xdc_runtime_Main_Module__diagsMask__C                                
000200b4  xdc_runtime_Main_Module__loggerFxn1__C                               
000200b8  xdc_runtime_Main_Module__loggerFxn2__C                               
000200bc  xdc_runtime_Main_Module__loggerFxn4__C                               
000200c0  xdc_runtime_Main_Module__loggerObj__C                                
000200c4  xdc_runtime_Memory_defaultHeapInstance__C                            
000200c8  xdc_runtime_Startup_execImpl__C                                      
000200cc  xdc_runtime_Startup_maxPasses__C                                     
000200d0  xdc_runtime_Startup_sfxnRts__C                                       
000200d4  xdc_runtime_Startup_sfxnTab__C                                       
000200d8  xdc_runtime_System_Module__gateObj__C                                
000200dc  xdc_runtime_System_abortFxn__C                                       
000200e0  xdc_runtime_System_exitFxn__C                                        
000200e4  xdc_runtime_System_extendFxn__C                                      
000200e8  xdc_runtime_System_maxAtexitHandlers__C                              
000200ec  xdc_runtime_Text_charTab__C                                          
000200f0  xdc_runtime_Text_nameEmpty__C                                        
000200f4  xdc_runtime_Text_nameStatic__C                                       
000200f8  xdc_runtime_Text_nameUnknown__C                                      
000200fc  xdc_runtime_Text_visitRopeFxn__C                                     
00020100  ti_sysbios_family_arm_v7r_tms570_Core_Module__id__C                  
00020102  ti_sysbios_family_arm_v7r_vim_Hwi_Module__id__C                      
00020104  ti_sysbios_family_arm_v7r_vim_Hwi_Module__loggerDefined__C           
00020106  ti_sysbios_gates_GateMutex_Module__id__C                             
00020108  ti_sysbios_hal_Hwi_Module__id__C                                     
0002010a  ti_sysbios_heaps_HeapMem_Module__id__C                               
0002010c  ti_sysbios_knl_Clock_Module__id__C                                   
0002010e  ti_sysbios_knl_Clock_Module__loggerDefined__C                        
00020110  ti_sysbios_knl_Semaphore_Module__id__C                               
00020112  ti_sysbios_knl_Semaphore_Module__loggerDefined__C                    
00020114  ti_sysbios_knl_Task_Module__id__C                                    
00020116  ti_sysbios_knl_Task_Module__loggerDefined__C                         
00020118  ti_sysbios_timers_rti_Timer_Module__id__C                            
0002011a  ti_sysbios_timers_rti_Timer_continueOnSuspend__C                     
0002011c  ti_sysbios_utils_Load_Module__id__C                                  
0002011e  ti_sysbios_utils_Load_Module__loggerDefined__C                       
00020120  ti_sysbios_utils_Load_autoAddTasks__C                                
00020122  ti_sysbios_utils_Load_updateInIdle__C                                
00020124  xdc_runtime_Core_Module__id__C                                       
00020126  xdc_runtime_Error_Module__loggerDefined__C                           
00020128  xdc_runtime_Error_maxDepth__C                                        
0002012a  xdc_runtime_LoggerBuf_Module__id__C                                  
0002012c  xdc_runtime_LoggerBuf_filterByLevel__C                               
0002012e  xdc_runtime_Main_Module__id__C                                       
00020130  xdc_runtime_Main_Module__loggerDefined__C                            
00020132  xdc_runtime_Memory_Module__id__C                                     
00020134  xdc_runtime_Text_charCnt__C                                          
00020136  xdc_runtime_Text_isLoaded__C                                         
00020138  xdc_runtime_Text_registryModsLastId__C                               
0002013a  xdc_runtime_Text_unnamedModsLastId__C                                
00020140  __TI_static_base__                                                   
00020604  __TI_Handler_Table_Base                                              
00020610  __TI_Handler_Table_Limit                                             
00020638  __TI_CINIT_Base                                                      
00020668  __TI_CINIT_Limit                                                     
08000000  ti_sysbios_heaps_HeapMem_Instance_State_0_buf__A                     
08008000  xdc_runtime_LoggerBuf_Instance_State_0_entryArr__A                   
08009900  ti_sysbios_family_arm_exc_Exception_Module_State_0_excStack_0__A     
0800a900  edmaDbg                                                              
0800ade8  ti_sysbios_knl_Task_Instance_State_0_stack__A                        
0800b108  gCLI                                                                 
0800b2b0  gGPIOMCB                                                             
0800b444  __CIOBUF_                                                            
0800b564  gMMWave_MCB                                                          
0800b664  __TI_tmpnams                                                         
0800b704  gObjDetObj                                                           
0800b708  gHSIHeaderMCB                                                        
0800b798  gEsmMCB                                                              
0800b808  gMMWave_DualcoreMCB                                                  
0800b810  parmbuf                                                              
0800b818  ti_sysbios_knl_Task_Instance_State_0_hookEnv__A                      
0800b820  gRFLdoBypassCfg                                                      
0800b824  gtsIdx                                                               
0800b828  gts                                                                  
0800b9b8  gMmwMssMCB                                                           
0800c1b0  rl_txMsg                                                             
0800c2b0  rl_rxMsg                                                             
0800c598  gCLI_mmwave_freq_scale_factor                                        
0800c5a0  gCLIMMWaveOpenCfg                                                    
0800c5c8  gCLIMMWaveExtensionTable                                             
0800c670  gCLIMMWaveControlCfg                                                 
0800c73c  partInfoStringArray                                                  
0800c840  ti_sysbios_family_arm_v7r_vim_Hwi_Module_State_0_dispatchTable__A    
0800ca40  _ftable                                                              
0800cb30  ti_sysbios_utils_Load_Module__state__V                               
0800cbc8  ti_sysbios_knl_Task_Module_State_0_readyQ__A                         
0800cc48  _device                                                              
0800ccc0  gCBUFFHwAttribute                                                    
0800cd38  ti_sysbios_knl_Task_Object__table__V                                 
0800cd94  gUartSciHwCfg                                                        
0800cdec  _stream                                                              
0800ce3c  gMailboxMCB                                                          
0800ce8c  ti_sysbios_knl_Task_Module__state__V                                 
0800ced4  SOC_TranslateAddr_LUT                                                
0800cf14  ti_sysbios_gates_GateMutex_Object__table__V                          
0800cf54  ti_sysbios_timers_rti_Timer_Object__table__V                         
0800cf90  gCBUFFInterfaceFxn                                                   
0800cfc8  ti_sysbios_family_arm_v7r_vim_Hwi_Module__state__V                   
0800cffc  gHWAHwCfg                                                            
0800d02c  ti_sysbios_family_arm_v7r_vim_Hwi_Object__table__V                   
0800d058  ti_sysbios_knl_Clock_Module__state__V                                
0800d084  gUartSciFxnTable                                                     
0800d0ac  UART_config                                                          
0800d0d0  gDPC_ObjDetRangeHWACfg                                               
0800d0f4  ti_sysbios_BIOS_Module__state__V                                     
0800d118  xdc_runtime_LoggerBuf_Object__table__V                               
0800d13c  ti_sysbios_knl_Clock_Object__table__V                                
0800d15c  xdc_runtime_Error_IgnoreBlock                                        
0800d17c  xdc_runtime_System_Module_State_0_atexitHandlers__A                  
0800d19c  ti_sysbios_utils_Load_Module_State_0_taskEnv__A                      
0800d1b8  ADCBuf_config                                                        
0800d1d0  gInterleavedTransferFxn                                              
0800d1e8  gMailboxMssBssHwCfg                                                  
0800d200  gMailboxMssDssHwCfg                                                  
0800d218  gMultipleChirpNonInterleavedTransferFxn                              
0800d230  gNonInterleavedTransferFxn                                           
0800d248  ti_sysbios_heaps_HeapMem_Object__table__V                            
0800d260  ti_sysbios_timers_rti_Timer_Module_State_0_device__A                 
0800d278  gDPMRemoteTable                                                      
0800d28c  gSOCHwAttrib                                                         
0800d2a0  ti_sysbios_family_arm_exc_Exception_Module__state__V                 
0800d2b4  gHwaEDMAChanMapping                                                  
0800d2c4  __TI_ft_end                                                          
0800d2c8  __aeabi_stdin                                                        
0800d2cc  __aeabi_stdout                                                       
0800d2d0  __aeabi_stderr                                                       
0800d2d4  ti_sysbios_timers_rti_Timer_Module_State_0_intFreqs__A               
0800d2e4  ti_sysbios_timers_rti_Timer_Module__state__V                         
0800d2f4  __TI_cleanup_ptr                                                     
0800d2f8  __TI_dtors_ptr                                                       
0800d2fc  __TI_enable_exit_profile_output                                      
0800d300  gESMHwCfgAttrs                                                       
0800d30c  ti_sysbios_family_arm_v7a_Pmu_Module__state__V                       
0800d318  ti_sysbios_knl_Task_Module__root__V                                  
0800d324  _lock                                                                
0800d328  _unlock                                                              
0800d32c  MmwDemo_RFParserHwCfg                                                
0800d334  gDPMHwAttrib                                                         
0800d33c  gGPIOHwAtrrib                                                        
0800d344  ti_sysbios_family_arm_v7r_vim_Hwi_Module__root__V                    
0800d34c  ti_sysbios_gates_GateHwi_Module__root__V                             
0800d354  ti_sysbios_gates_GateMutex_Module__root__V                           
0800d35c  ti_sysbios_hal_Hwi_Object__table__V                                  
0800d364  ti_sysbios_heaps_HeapMem_Module__root__V                             
0800d36c  ti_sysbios_knl_Queue_Module__root__V                                 
0800d374  ti_sysbios_knl_Semaphore_Module__root__V                             
0800d37c  ti_sysbios_timers_rti_Timer_Module_State_0_handles__A                
0800d384  xdc_runtime_LoggerBuf_Module__root__V                                
0800d38c  xdc_runtime_Registry_Module__state__V                                
0800d394  xdc_runtime_Startup_Module__state__V                                 
0800d39c  xdc_runtime_System_Module__state__V                                  
0800d3a4  xdc_runtime_LoggerBuf_Module__state__V                               
0800d3aa  ti_sysbios_family_arm_exc_Exception_Module_State_0_excActive__A      
0800d3ac  gHWADriverPtr                                                        
0800d3b4  gCRCRegister                                                         
0800d3b8  gDPM                                                                 
0800d3bc  regionId                                                             
0800d3c0  gPinmuxRegs                                                          
0800d3c8  errno                                                                
0800d3cc  main_func_sp                                                         
0800d3d4  ti_sysbios_family_arm_a15_TimestampProvider_Module__state__V         
0800d3d8  ti_sysbios_family_arm_exc_Exception_Module_State_0_excContext__A     
0800d3dc  ti_sysbios_family_arm_exc_Exception_Module_State_0_excStackBuffers__A
0800d3e0  ti_sysbios_family_arm_exc_Exception_Module_State_0_excStack__A       
0800d3e4  ti_sysbios_gates_GateHwi_Object__table__V                            
0800d3e8  ti_sysbios_heaps_HeapBuf_Module__state__V                            
0800d3ec  ti_sysbios_knl_Task_Module_State_0_idleTask__A                       
0800d3f0  ti_sysbios_utils_Load_Module_State_0_runningTask__A                  
0800d3f4  ti_sysbios_utils_Load_Module_State_0_taskStartTime__A                
0800d3f8  xdc_runtime_Memory_Module__state__V                                  
0800d3fc  xdc_runtime_Error_Module__state__V                                   
0800d3fe  xdc_runtime_Main_Module__root__V                                     
0800d400  gDPCTCM                                                              
0800e400  ti_sysbios_family_arm_v7r_vim_Hwi_Module_State_0_fiqStack__A         
0800ec00  __stack                                                              
0800f400  __STACK_END                                                          
51000000  gMmwL3                                                               
fffffdec  ti_sysbios_family_arm_v7r_vim_Hwi_vim                                
ffffffff  __TI_pprof_out_hndl                                                  
ffffffff  __TI_prof_data_size                                                  
ffffffff  __TI_prof_data_start                                                 
ffffffff  __binit__                                                            
ffffffff  __c_args__                                                           
ffffffff  binit                                                                
UNDEFED   SHT$$INIT_ARRAY$$Base                                                
UNDEFED   SHT$$INIT_ARRAY$$Limit                                               

[1146 symbols]
